 GameServer

 Timestamp is 69441f49 (Thu Dec 18 10:35:37 2025)

 Preferred load address is 00400000

 Start         Length     Name                   Class
 0001:00000000 0002fc7cH .text                   CODE
 0001:0002fc80 00002162H .text$x                 CODE
 0002:00000000 0000020cH .idata$5                DATA
 0002:00000210 00001c8cH .rdata                  DATA
 0002:00001ea0 0000104cH .rdata$r                DATA
 0002:00002ef0 000036b0H .xdata$x                DATA
 0002:000065a0 0000008cH .idata$2                DATA
 0002:0000662c 00000014H .idata$3                DATA
 0002:00006640 0000020cH .idata$4                DATA
 0002:0000684c 00000964H .idata$6                DATA
 0002:000071b0 00000000H .edata                  DATA
 0003:00000000 00000004H .CRT$XCA                DATA
 0003:00000004 000000c0H .CRT$XCU                DATA
 0003:000000c4 00000004H .CRT$XCZ                DATA
 0003:000000c8 00000004H .CRT$XIA                DATA
 0003:000000cc 0000000cH .CRT$XIC                DATA
 0003:000000d8 00000004H .CRT$XIY                DATA
 0003:000000dc 00000004H .CRT$XIZ                DATA
 0003:000000e0 00000004H .CRT$XPA                DATA
 0003:000000e4 00000004H .CRT$XPX                DATA
 0003:000000e8 00000004H .CRT$XPZ                DATA
 0003:000000ec 00000004H .CRT$XTA                DATA
 0003:000000f0 00000004H .CRT$XTB                DATA
 0003:000000f4 00000004H .CRT$XTZ                DATA
 0003:00000100 000033acH .data                   DATA
 0003:000034b0 000022e0H .bss                    DATA
 0004:00000000 000000a0H .rsrc$01                DATA
 0004:000000a0 000010c0H .rsrc$02                DATA

  Address         Publics by Value              Rva+Base     Lib:Object

 0001:00000000       ?GetCurrentDirectoryA@@YA?AV?$basic_string@DU?$char_traits@D@std@@V?$allocator@D@2@@std@@XZ 00401000 f   GameServer.obj
 0001:00000180       ??1CException@Win32@OnlineGameLib@@UAE@XZ 00401180 f i GameServer.obj
 0001:00000200       ??_GCException@Win32@OnlineGameLib@@UAEPAXI@Z 00401200 f i GameServer.obj
 0001:00000200       ??_ECException@Win32@OnlineGameLib@@UAEPAXI@Z 00401200 f i GameServer.obj
 0001:00000220       ??0CException@Win32@OnlineGameLib@@QAE@ABV012@@Z 00401220 f i GameServer.obj
 0001:00000360       ?KinnoxHx@@YAHPAD@Z        00401360 f   GameServer.obj
 0001:000003c0       ?GetMachineID@@YA?AV?$basic_string@DU?$char_traits@D@std@@V?$allocator@D@2@@std@@XZ 004013c0 f   GameServer.obj
 0001:00000670       ??0ios_base@std@@IAE@XZ    00401670 f i GameServer.obj
 0001:00000680       ??_Gios_base@std@@UAEPAXI@Z 00401680 f i GameServer.obj
 0001:00000680       ??_Eios_base@std@@UAEPAXI@Z 00401680 f i GameServer.obj
 0001:000006a0       ??_D?$basic_stringstream@DU?$char_traits@D@std@@V?$allocator@D@2@@std@@QAEXXZ 004016a0 f i GameServer.obj
 0001:000006c0       _main                      004016c0 f   GameServer.obj
 0001:00000a80       ??1?$basic_string@DU?$char_traits@D@std@@V?$allocator@D@2@@std@@QAE@XZ 00401a80 f i GameServer.obj
 0001:00000ac0       ??6?$basic_ostream@DU?$char_traits@D@std@@@std@@QAEAAV01@K@Z 00401ac0 f i GameServer.obj
 0001:00000d00       ??1bad_cast@std@@UAE@XZ    00401d00 f i GameServer.obj
 0001:00000d10       ?_Doraise@bad_cast@std@@MBEXXZ 00401d10 f i GameServer.obj
 0001:00000d30       ??_Ebad_cast@std@@UAEPAXI@Z 00401d30 f i GameServer.obj
 0001:00000d30       ??_Gbad_cast@std@@UAEPAXI@Z 00401d30 f i GameServer.obj
 0001:00000d50       ??0bad_cast@std@@QAE@ABV01@@Z 00401d50 f i GameServer.obj
 0001:00000d70       ??Bid@locale@std@@QAEIXZ   00401d70 f i GameServer.obj
 0001:00000da0       ?_Decref@facet@locale@std@@QAEPAV123@XZ 00401da0 f i GameServer.obj
 0001:00000de0       ??1locale@std@@QAE@XZ      00401de0 f i GameServer.obj
 0001:00000e00       ?getloc@ios_base@std@@QBE?AVlocale@2@XZ 00401e00 f i GameServer.obj
 0001:00000e40       ??1?$basic_ios@DU?$char_traits@D@std@@@std@@UAE@XZ 00401e40 f i GameServer.obj
 0001:00000e50       ??0?$basic_iostream@DU?$char_traits@D@std@@@std@@QAE@PAV?$basic_streambuf@DU?$char_traits@D@std@@@1@@Z 00401e50 f i GameServer.obj
 0001:00000f20       ??1?$basic_istream@DU?$char_traits@D@std@@@std@@UAE@XZ 00401f20 f i GameServer.obj
 0001:00000f30       ??1?$basic_iostream@DU?$char_traits@D@std@@@std@@UAE@XZ 00401f30 f i GameServer.obj
 0001:00000f70       ??1?$auto_ptr@D@std@@QAE@XZ 00401f70 f i GameServer.obj
 0001:00000f80       ??1?$basic_stringstream@DU?$char_traits@D@std@@V?$allocator@D@2@@std@@UAE@XZ 00401f80 f i GameServer.obj
 0001:00001080       ?overflow@?$basic_streambuf@DU?$char_traits@D@std@@@std@@MAEHH@Z 00402080 f i GameServer.obj
 0001:00001090       ?pbackfail@?$basic_streambuf@DU?$char_traits@D@std@@@std@@MAEHH@Z 00402090 f i GameServer.obj
 0001:000010a0       ?showmanyc@?$basic_streambuf@DU?$char_traits@D@std@@@std@@MAEHXZ 004020a0 f i GameServer.obj
 0001:000010b0       ?underflow@?$basic_streambuf@DU?$char_traits@D@std@@@std@@MAEHXZ 004020b0 f i GameServer.obj
 0001:000010c0       ?uflow@?$basic_streambuf@DU?$char_traits@D@std@@@std@@MAEHXZ 004020c0 f i GameServer.obj
 0001:000010f0       ?xsgetn@?$basic_streambuf@DU?$char_traits@D@std@@@std@@MAEHPADH@Z 004020f0 f i GameServer.obj
 0001:00001190       ?xsputn@?$basic_streambuf@DU?$char_traits@D@std@@@std@@MAEHPBDH@Z 00402190 f i GameServer.obj
 0001:00001230       ?seekoff@?$basic_streambuf@DU?$char_traits@D@std@@@std@@MAE?AV?$fpos@H@2@JW4seekdir@ios_base@2@H@Z 00402230 f i GameServer.obj
 0001:00001260       ?seekpos@?$basic_streambuf@DU?$char_traits@D@std@@@std@@MAE?AV?$fpos@H@2@V32@H@Z 00402260 f i GameServer.obj
 0001:00001290       ?setbuf@?$basic_streambuf@DU?$char_traits@D@std@@@std@@MAEPAV12@PADH@Z 00402290 f i GameServer.obj
 0001:000012a0       ?sync@?$basic_streambuf@DU?$char_traits@D@std@@@std@@MAEHXZ 004022a0 f i GameServer.obj
 0001:000012b0       ?imbue@?$basic_streambuf@DU?$char_traits@D@std@@@std@@MAEXABVlocale@2@@Z 004022b0 f i GameServer.obj
 0001:000012c0       ?str@?$basic_stringstream@DU?$char_traits@D@std@@V?$allocator@D@2@@std@@QBE?AV?$basic_string@DU?$char_traits@D@std@@V?$allocator@D@2@@2@XZ 004022c0 f i GameServer.obj
 0001:000012e0       ??1?$basic_stringbuf@DU?$char_traits@D@std@@V?$allocator@D@2@@std@@UAE@XZ 004022e0 f i GameServer.obj
 0001:00001360       ?overflow@?$basic_stringbuf@DU?$char_traits@D@std@@V?$allocator@D@2@@std@@MAEHH@Z 00402360 f i GameServer.obj
 0001:00001510       ?pbackfail@?$basic_stringbuf@DU?$char_traits@D@std@@V?$allocator@D@2@@std@@MAEHH@Z 00402510 f i GameServer.obj
 0001:00001570       ?underflow@?$basic_stringbuf@DU?$char_traits@D@std@@V?$allocator@D@2@@std@@MAEHXZ 00402570 f i GameServer.obj
 0001:000015d0       ?seekoff@?$basic_stringbuf@DU?$char_traits@D@std@@V?$allocator@D@2@@std@@MAE?AV?$fpos@H@2@JW4seekdir@ios_base@2@H@Z 004025d0 f i GameServer.obj
 0001:00001740       ?seekpos@?$basic_stringbuf@DU?$char_traits@D@std@@V?$allocator@D@2@@std@@MAE?AV?$fpos@H@2@V32@H@Z 00402740 f i GameServer.obj
 0001:00001820       ??_E?$basic_ostream@DU?$char_traits@D@std@@@std@@UAEPAXI@Z 00402820 f i GameServer.obj
 0001:00001820       ??_G?$basic_ostream@DU?$char_traits@D@std@@@std@@UAEPAXI@Z 00402820 f i GameServer.obj
 0001:00001850       ??_E?$basic_ios@DU?$char_traits@D@std@@@std@@UAEPAXI@Z 00402850 f i GameServer.obj
 0001:00001850       ??_G?$basic_ios@DU?$char_traits@D@std@@@std@@UAEPAXI@Z 00402850 f i GameServer.obj
 0001:00001870       ??_E?$basic_istream@DU?$char_traits@D@std@@@std@@UAEPAXI@Z 00402870 f i GameServer.obj
 0001:00001870       ??_G?$basic_istream@DU?$char_traits@D@std@@@std@@UAEPAXI@Z 00402870 f i GameServer.obj
 0001:000018a0       ??_E?$basic_streambuf@DU?$char_traits@D@std@@@std@@UAEPAXI@Z 004028a0 f i GameServer.obj
 0001:000018a0       ??_G?$basic_streambuf@DU?$char_traits@D@std@@@std@@UAEPAXI@Z 004028a0 f i GameServer.obj
 0001:000018c0       ??1?$basic_streambuf@DU?$char_traits@D@std@@@std@@UAE@XZ 004028c0 f i GameServer.obj
 0001:00001910       ??_E?$basic_iostream@DU?$char_traits@D@std@@@std@@UAEPAXI@Z 00402910 f i GameServer.obj
 0001:00001910       ??_G?$basic_iostream@DU?$char_traits@D@std@@@std@@UAEPAXI@Z 00402910 f i GameServer.obj
 0001:00001940       ??_E?$basic_stringstream@DU?$char_traits@D@std@@V?$allocator@D@2@@std@@UAEPAXI@Z 00402940 f i GameServer.obj
 0001:00001940       ??_G?$basic_stringstream@DU?$char_traits@D@std@@V?$allocator@D@2@@std@@UAEPAXI@Z 00402940 f i GameServer.obj
 0001:00001970       ??_E?$basic_stringbuf@DU?$char_traits@D@std@@V?$allocator@D@2@@std@@UAEPAXI@Z 00402970 f i GameServer.obj
 0001:00001970       ??_G?$basic_stringbuf@DU?$char_traits@D@std@@V?$allocator@D@2@@std@@UAEPAXI@Z 00402970 f i GameServer.obj
 0001:00001990       ?assign@?$basic_string@DU?$char_traits@D@std@@V?$allocator@D@2@@std@@QAEAAV12@ABV12@II@Z 00402990 f i GameServer.obj
 0001:00001b90       ?_Tidy@?$basic_string@DU?$char_traits@D@std@@V?$allocator@D@2@@std@@AAEX_N@Z 00402b90 f i GameServer.obj
 0001:00001be0       ??1sentry@?$basic_ostream@DU?$char_traits@D@std@@@std@@QAE@XZ 00402be0 f i GameServer.obj
 0001:00001c50       ??0?$fpos@H@std@@QAE@J@Z   00402c50 f i GameServer.obj
 0001:00001c90       ??0?$basic_stringbuf@DU?$char_traits@D@std@@V?$allocator@D@2@@std@@QAE@H@Z 00402c90 f i GameServer.obj
 0001:00001da0       ?setg@?$basic_streambuf@DU?$char_traits@D@std@@@std@@IAEXPAD00@Z 00402da0 f i GameServer.obj
 0001:00001dc0       ?str@?$basic_stringbuf@DU?$char_traits@D@std@@V?$allocator@D@2@@std@@QBE?AV?$basic_string@DU?$char_traits@D@std@@V?$allocator@D@2@@2@XZ 00402dc0 f i GameServer.obj
 0001:00001fb0       ?assign@?$basic_string@DU?$char_traits@D@std@@V?$allocator@D@2@@std@@QAEAAV12@PBDI@Z 00402fb0 f i GameServer.obj
 0001:00002050       ?erase@?$basic_string@DU?$char_traits@D@std@@V?$allocator@D@2@@std@@QAEAAV12@II@Z 00403050 f i GameServer.obj
 0001:00002170       ?_Eos@?$basic_string@DU?$char_traits@D@std@@V?$allocator@D@2@@std@@AAEXI@Z 00403170 f i GameServer.obj
 0001:00002190       ?_Grow@?$basic_string@DU?$char_traits@D@std@@V?$allocator@D@2@@std@@AAE_NI_N@Z 00403190 f i GameServer.obj
 0001:000022b0       ?opfx@?$basic_ostream@DU?$char_traits@D@std@@@std@@QAE_NXZ 004032b0 f i GameServer.obj
 0001:00002330       ?max_size@?$basic_string@DU?$char_traits@D@std@@V?$allocator@D@2@@std@@QBEIXZ 00403330 f i GameServer.obj
 0001:00002340       ?_Copy@?$basic_string@DU?$char_traits@D@std@@V?$allocator@D@2@@std@@AAEXI@Z 00403340 f i GameServer.obj
 0001:00002450       ?_Split@?$basic_string@DU?$char_traits@D@std@@V?$allocator@D@2@@std@@AAEXXZ 00403450 f i GameServer.obj
 0001:00002520       ??0?$num_put@DV?$ostreambuf_iterator@DU?$char_traits@D@std@@@std@@@std@@QAE@I@Z 00403520 f i GameServer.obj
 0001:00002580       ??1facet@locale@std@@UAE@XZ 00403580 f i GameServer.obj
 0001:00002590       ??_Gfacet@locale@std@@UAEPAXI@Z 00403590 f i GameServer.obj
 0001:00002590       ??_Efacet@locale@std@@UAEPAXI@Z 00403590 f i GameServer.obj
 0001:000025b0       ?do_put@?$num_put@DV?$ostreambuf_iterator@DU?$char_traits@D@std@@@std@@@std@@MBE?AV?$ostreambuf_iterator@DU?$char_traits@D@std@@@2@V32@AAVios_base@2@D_N@Z 004035b0 f i GameServer.obj
 0001:00002890       ??0bad_cast@std@@QAE@PBD@Z 00403890 f i GameServer.obj
 0001:000028b0       ?sputc@?$basic_streambuf@DU?$char_traits@D@std@@@std@@QAEHD@Z 004038b0 f i GameServer.obj
 0001:00002900       ?do_put@?$num_put@DV?$ostreambuf_iterator@DU?$char_traits@D@std@@@std@@@std@@MBE?AV?$ostreambuf_iterator@DU?$char_traits@D@std@@@2@V32@AAVios_base@2@DJ@Z 00403900 f i GameServer.obj
 0001:000029b0       ?do_put@?$num_put@DV?$ostreambuf_iterator@DU?$char_traits@D@std@@@std@@@std@@MBE?AV?$ostreambuf_iterator@DU?$char_traits@D@std@@@2@V32@AAVios_base@2@DK@Z 004039b0 f i GameServer.obj
 0001:00002a60       ?do_put@?$num_put@DV?$ostreambuf_iterator@DU?$char_traits@D@std@@@std@@@std@@MBE?AV?$ostreambuf_iterator@DU?$char_traits@D@std@@@2@V32@AAVios_base@2@DN@Z 00403a60 f i GameServer.obj
 0001:00002b50       ?do_put@?$num_put@DV?$ostreambuf_iterator@DU?$char_traits@D@std@@@std@@@std@@MBE?AV?$ostreambuf_iterator@DU?$char_traits@D@std@@@2@V32@AAVios_base@2@DO@Z 00403b50 f i GameServer.obj
 0001:00002c40       ?do_put@?$num_put@DV?$ostreambuf_iterator@DU?$char_traits@D@std@@@std@@@std@@MBE?AV?$ostreambuf_iterator@DU?$char_traits@D@std@@@2@V32@AAVios_base@2@DPBX@Z 00403c40 f i GameServer.obj
 0001:00002e00       ??_G?$num_put@DV?$ostreambuf_iterator@DU?$char_traits@D@std@@@std@@@std@@UAEPAXI@Z 00403e00 f i GameServer.obj
 0001:00002e00       ??_E?$num_put@DV?$ostreambuf_iterator@DU?$char_traits@D@std@@@std@@@std@@UAEPAXI@Z 00403e00 f i GameServer.obj
 0001:00002e20       ??1?$num_put@DV?$ostreambuf_iterator@DU?$char_traits@D@std@@@std@@@std@@UAE@XZ 00403e20 f i GameServer.obj
 0001:00002e30       ?_Fput@?$num_put@DV?$ostreambuf_iterator@DU?$char_traits@D@std@@@std@@@std@@KA?AV?$ostreambuf_iterator@DU?$char_traits@D@std@@@2@V32@AAVios_base@2@DPBDII@Z 00403e30 f i GameServer.obj
 0001:00003240       ?_Iput@?$num_put@DV?$ostreambuf_iterator@DU?$char_traits@D@std@@@std@@@std@@KA?AV?$ostreambuf_iterator@DU?$char_traits@D@std@@@2@V32@AAVios_base@2@DPADI@Z 00404240 f i GameServer.obj
 0001:00003690       ?_Rep@?$num_put@DV?$ostreambuf_iterator@DU?$char_traits@D@std@@@std@@@std@@KA?AV?$ostreambuf_iterator@DU?$char_traits@D@std@@@2@V32@DI@Z 00404690 f i GameServer.obj
 0001:00003710       ?falsename@?$numpunct@D@std@@QBE?AV?$basic_string@DU?$char_traits@D@std@@V?$allocator@D@2@@2@XZ 00404710 f i GameServer.obj
 0001:00003730       ?truename@?$numpunct@D@std@@QBE?AV?$basic_string@DU?$char_traits@D@std@@V?$allocator@D@2@@2@XZ 00404730 f i GameServer.obj
 0001:00003750       ??4?$ostreambuf_iterator@DU?$char_traits@D@std@@@std@@QAEAAV01@D@Z 00404750 f i GameServer.obj
 0001:000037b0       ?grouping@?$numpunct@D@std@@QBE?AV?$basic_string@DU?$char_traits@D@std@@V?$allocator@D@2@@2@XZ 004047b0 f i GameServer.obj
 0001:000037d0       ??0?$numpunct@D@std@@QAE@I@Z 004047d0 f i GameServer.obj
 0001:000038f0       ?do_decimal_point@?$numpunct@D@std@@MBEDXZ 004048f0 f i GameServer.obj
 0001:00003900       ?do_thousands_sep@?$numpunct@D@std@@MBEDXZ 00404900 f i GameServer.obj
 0001:00003910       ?do_grouping@?$numpunct@D@std@@MBE?AV?$basic_string@DU?$char_traits@D@std@@V?$allocator@D@2@@2@XZ 00404910 f i GameServer.obj
 0001:000039e0       ?do_falsename@?$numpunct@D@std@@MBE?AV?$basic_string@DU?$char_traits@D@std@@V?$allocator@D@2@@2@XZ 004049e0 f i GameServer.obj
 0001:00003ab0       ?do_truename@?$numpunct@D@std@@MBE?AV?$basic_string@DU?$char_traits@D@std@@V?$allocator@D@2@@2@XZ 00404ab0 f i GameServer.obj
 0001:00003b80       ??_E?$numpunct@D@std@@UAEPAXI@Z 00404b80 f i GameServer.obj
 0001:00003b80       ??_G?$numpunct@D@std@@UAEPAXI@Z 00404b80 f i GameServer.obj
 0001:00003ba0       ??1?$numpunct@D@std@@UAE@XZ 00404ba0 f i GameServer.obj
 0001:00003bd0       ?_Save@?$_Tidyfac@V?$num_put@DV?$ostreambuf_iterator@DU?$char_traits@D@std@@@std@@@std@@@std@@SAPAV?$num_put@DV?$ostreambuf_iterator@DU?$char_traits@D@std@@@std@@@2@PAV32@@Z 00404bd0 f i GameServer.obj
 0001:00003c50       ?_Save@?$_Tidyfac@V?$numpunct@D@std@@@std@@SAPAV?$numpunct@D@2@PAV32@@Z 00404c50 f i GameServer.obj
 0001:00003cd0       ?_Tidy@?$_Tidyfac@V?$num_put@DV?$ostreambuf_iterator@DU?$char_traits@D@std@@@std@@@std@@@std@@SAXXZ 00404cd0 f i GameServer.obj
 0001:00003d70       ?_Tidy@?$_Tidyfac@V?$numpunct@D@std@@@std@@SAXXZ 00404d70 f i GameServer.obj
 0001:00003e90       ?id@?$numpunct@D@std@@$E   00404e90 f i GameServer.obj
 0001:00003ea0       ?id@?$num_put@DV?$ostreambuf_iterator@DU?$char_traits@D@std@@@$E 00404ea0 f i GameServer.obj
 0001:00003eb0       ?id@?$ctype@G@std@@$E      00404eb0 f i GameServer.obj
 0001:00004160       ?ServerEventNotify@@YGXPAXABK1@Z 00405160 f   KSOServer.obj
 0001:000041e0       ??1Owner@CCriticalSection@Win32@OnlineGameLib@@QAE@XZ 004051e0 f i KSOServer.obj
 0001:000041f0       ?GatewayClientEventNotify@@YGXPAXABK@Z 004051f0 f   KSOServer.obj
 0001:00004220       ?ChatClientEventNotify@@YGXPAXABK@Z 00405220 f   KSOServer.obj
 0001:00004240       ?TongClientEventNotify@@YGXPAXABK@Z 00405240 f   KSOServer.obj
 0001:00004260       ?DatabaseClientEventNotify@@YGXPAXABK@Z 00405260 f   KSOServer.obj
 0001:00004290       ?TransferClientEventNotify@@YGXPAXABK@Z 00405290 f   KSOServer.obj
 0001:000042a0       ??0KSwordOnLineSever@@QAE@XZ 004052a0 f   KSOServer.obj
 0001:00004450       ??1KSwordOnLineSever@@QAE@XZ 00405450 f   KSOServer.obj
 0001:00004500       ?Init@KSwordOnLineSever@@QAEHXZ 00405500 f   KSOServer.obj
 0001:00005910       ??_H@YGXPAXIHP6EX0@Z@Z     00406910 f i KSOServer.obj
 0001:00005940       ?Release@KSwordOnLineSever@@QAEXXZ 00406940 f   KSOServer.obj
 0001:00005b80       ?Breathe@KSwordOnLineSever@@QAEHXZ 00406b80 f   KSOServer.obj
 0001:00005c00       ?MessageLoop@KSwordOnLineSever@@AAEXXZ 00406c00 f   KSOServer.obj
 0001:00005e00       ?ChatMessageProcess@KSwordOnLineSever@@AAEXPBDI@Z 00406e00 f   KSOServer.obj
 0001:00005ef0       ?TongMessageProcess@KSwordOnLineSever@@AAEXPBDI@Z 00406ef0 f   KSOServer.obj
 0001:00006fb0       ?ChatGroupMan@KSwordOnLineSever@@AAEXPBXI@Z 00407fb0 f   KSOServer.obj
 0001:00007060       ?ChatSpecMan@KSwordOnLineSever@@AAEXPBXI@Z 00408060 f   KSOServer.obj
 0001:000070c0       ?DatabaseMessageProcess@KSwordOnLineSever@@AAEXPBDI@Z 004080c0 f   KSOServer.obj
 0001:00007120       ?DatabaseLargePackProcess@KSwordOnLineSever@@AAEXPBDI@Z 00408120 f   KSOServer.obj
 0001:000071b0       ?TransferMessageProcess@KSwordOnLineSever@@AAEXPBDI@Z 004081b0 f   KSOServer.obj
 0001:00007360       ?TransferLargePackProcess@KSwordOnLineSever@@AAEXPBXIPAVKTransferUnit@@@Z 00408360 f   KSOServer.obj
 0001:000076a0       ?TransferSmallPackProcess@KSwordOnLineSever@@AAEXPBXIPAVKTransferUnit@@@Z 004086a0 f   KSOServer.obj
 0001:00007bd0       ?PlayerMessageProcess@KSwordOnLineSever@@AAEXKPBDI@Z 00408bd0 f   KSOServer.obj
 0001:00008090       ?GatewayMessageProcess@KSwordOnLineSever@@AAEXPBDI@Z 00409090 f   KSOServer.obj
 0001:000080c0       ?GatewayLargePackProcess@KSwordOnLineSever@@AAEXPBXI@Z 004090c0 f   KSOServer.obj
 0001:000083d0       ?GatewaySmallPackProcess@KSwordOnLineSever@@AAEXPBXI@Z 004093d0 f   KSOServer.obj
 0001:00008510       ?GatewayBoardCastProcess@KSwordOnLineSever@@AAEXPBDI@Z 00409510 f   KSOServer.obj
 0001:000085d0       ?MainLoop@KSwordOnLineSever@@AAEXXZ 004095d0 f   KSOServer.obj
 0001:000087d0       ?PingClient@KSwordOnLineSever@@AAEXK@Z 004097d0 f   KSOServer.obj
 0001:00008970       ?ProcessPingReply@KSwordOnLineSever@@AAEXKPBDI@Z 00409970 f   KSOServer.obj
 0001:00008b60       ?SavePlayerData@KSwordOnLineSever@@AAEXXZ 00409b60 f   KSOServer.obj
 0001:00008bf0       ?SavePlayerData@KSwordOnLineSever@@AAEHH_NH@Z 00409bf0 f   KSOServer.obj
 0001:00008da0       ?PlayerExchangeServer@KSwordOnLineSever@@AAEXXZ 00409da0 f   KSOServer.obj
 0001:000090d0       ?PlayerLogoutGateway@KSwordOnLineSever@@AAEXXZ 0040a0d0 f   KSOServer.obj
 0001:00009560       ?GetNetStatus@KSwordOnLineSever@@QAEHK@Z 0040a560 f   KSOServer.obj
 0001:00009590       ?SetNetStatus@KSwordOnLineSever@@QAEXKW4NetStatus@@@Z 0040a590 f   KSOServer.obj
 0001:00009680       ?ProcessLoginProtocol@KSwordOnLineSever@@AAEHKPBDI@Z 0040a680 f   KSOServer.obj
 0001:000096b0       ?SendGameDataToClient@KSwordOnLineSever@@AAEHKH@Z 0040a6b0 f   KSOServer.obj
 0001:000097a0       ?ProcessSyncReplyProtocol@KSwordOnLineSever@@AAEHKPBDI@Z 0040a7a0 f   KSOServer.obj
 0001:000097b0       ?ExitAllPlayer@KSwordOnLineSever@@AAEXXZ 0040a7b0 f   KSOServer.obj
 0001:00009930       ?SetRunningStatus@KSwordOnLineSever@@QAEXH@Z 0040a930 f   KSOServer.obj
 0001:00009940       ?ConformAskWay@KSwordOnLineSever@@AAEHPBXHPAK@Z 0040a940 f   KSOServer.obj
 0001:000099c0       ?GetLocalIpAddress@KSwordOnLineSever@@AAEHPAK0@Z 0040a9c0 f   KSOServer.obj
 0001:00009ba0       ?TransferAskWayMessageProcess@KSwordOnLineSever@@AAEXPBDI@Z 0040aba0 f   KSOServer.obj
 0001:00009d30       ?TransferLoseWayMessageProcess@KSwordOnLineSever@@AAEXPBDI@Z 0040ad30 f   KSOServer.obj
 0001:00009e90       ?ProcessPlayerTongMsg@KSwordOnLineSever@@AAEXKPBDI@Z 0040ae90 f   KSOServer.obj
 0001:0000ab40       ?CheckPlayerID@KSwordOnLineSever@@AAEHKK@Z 0040bb40 f   KSOServer.obj
 0001:0000ab90       ??6?$basic_ostream@DU?$char_traits@D@std@@@std@@QAEAAV01@H@Z 0040bb90 f i KSOServer.obj
 0001:0000add0       ?put@?$basic_ostream@DU?$char_traits@D@std@@@std@@QAEAAV12@D@Z 0040bdd0 f i KSOServer.obj
 0001:0000af40       ?clear@?$basic_ios@DU?$char_traits@D@std@@@std@@QAEXH_N@Z 0040bf40 f i KSOServer.obj
 0001:0000af60       ?insert@?$_Tree@KU?$pair@$$CBKPAVKTransferUnit@@@std@@U_Kfn@?$map@KPAVKTransferUnit@@U?$less@K@std@@V?$allocator@PAVKTransferUnit@@@3@@2@U?$less@K@2@V?$allocator@PAVKTransferUnit@@@2@@std@@QAE?AU?$pair@Viterator@?$_Tree@KU?$pair@$$CBKPAVKTransferUnit@@@std@@U_Kfn@?$map@KPAVKTransferUnit@@U?$less@K@std@@V?$allocator@PAVKTransferUnit@@@3@@2@U?$less@K@2@V?$allocator@PAVKTransferUnit@@@2@@std@@_N@2@ABU?$pair@$$CBKPAVKTransferUnit@@@2@@Z 0040bf60 f i KSOServer.obj
 0001:0000b090       ?erase@?$_Tree@KU?$pair@$$CBKPAVKTransferUnit@@@std@@U_Kfn@?$map@KPAVKTransferUnit@@U?$less@K@std@@V?$allocator@PAVKTransferUnit@@@3@@2@U?$less@K@2@V?$allocator@PAVKTransferUnit@@@2@@std@@QAE?AViterator@12@V312@0@Z 0040c090 f i KSOServer.obj
 0001:0000b1c0       ?erase@?$_Tree@KU?$pair@$$CBKPAVKTransferUnit@@@std@@U_Kfn@?$map@KPAVKTransferUnit@@U?$less@K@std@@V?$allocator@PAVKTransferUnit@@@3@@2@U?$less@K@2@V?$allocator@PAVKTransferUnit@@@2@@std@@QAE?AViterator@12@V312@@Z 0040c1c0 f i KSOServer.obj
 0001:0000b6e0       ?lower_bound@?$_Tree@KU?$pair@$$CBKPAVKTransferUnit@@@std@@U_Kfn@?$map@KPAVKTransferUnit@@U?$less@K@std@@V?$allocator@PAVKTransferUnit@@@3@@2@U?$less@K@2@V?$allocator@PAVKTransferUnit@@@2@@std@@QAE?AViterator@12@ABK@Z 0040c6e0 f i KSOServer.obj
 0001:0000b700       ?_Erase@?$_Tree@KU?$pair@$$CBKPAVKTransferUnit@@@std@@U_Kfn@?$map@KPAVKTransferUnit@@U?$less@K@std@@V?$allocator@PAVKTransferUnit@@@3@@2@U?$less@K@2@V?$allocator@PAVKTransferUnit@@@2@@std@@IAEXPAU_Node@12@@Z 0040c700 f i KSOServer.obj
 0001:0000b790       ?_Insert@?$_Tree@KU?$pair@$$CBKPAVKTransferUnit@@@std@@U_Kfn@?$map@KPAVKTransferUnit@@U?$less@K@std@@V?$allocator@PAVKTransferUnit@@@3@@2@U?$less@K@2@V?$allocator@PAVKTransferUnit@@@2@@std@@IAE?AViterator@12@PAU_Node@12@0ABU?$pair@$$CBKPAVKTransferUnit@@@2@@Z 0040c790 f i KSOServer.obj
 0001:0000ba90       ?_Inc@const_iterator@?$_Tree@KU?$pair@$$CBKPAVKTransferUnit@@@std@@U_Kfn@?$map@KPAVKTransferUnit@@U?$less@K@std@@V?$allocator@PAVKTransferUnit@@@3@@2@U?$less@K@2@V?$allocator@PAVKTransferUnit@@@2@@std@@QAEXXZ 0040ca90 f i KSOServer.obj
 0001:0000bb40       ?_Lbound@?$_Tree@KU?$pair@$$CBKPAVKTransferUnit@@@std@@U_Kfn@?$map@KPAVKTransferUnit@@U?$less@K@std@@V?$allocator@PAVKTransferUnit@@@3@@2@U?$less@K@2@V?$allocator@PAVKTransferUnit@@@2@@std@@IBEPAU_Node@12@ABK@Z 0040cb40 f i KSOServer.obj
 0001:0000bb90       ?_Min@?$_Tree@KU?$pair@$$CBKPAVKTransferUnit@@@std@@U_Kfn@?$map@KPAVKTransferUnit@@U?$less@K@std@@V?$allocator@PAVKTransferUnit@@@3@@2@U?$less@K@2@V?$allocator@PAVKTransferUnit@@@2@@std@@KAPAU_Node@12@PAU312@@Z 0040cb90 f i KSOServer.obj
 0001:0000bbd0       ?_Dec@const_iterator@?$_Tree@KU?$pair@$$CBKPAVKTransferUnit@@@std@@U_Kfn@?$map@KPAVKTransferUnit@@U?$less@K@std@@V?$allocator@PAVKTransferUnit@@@3@@2@U?$less@K@2@V?$allocator@PAVKTransferUnit@@@2@@std@@QAEXXZ 0040cbd0 f i KSOServer.obj
 0001:0000bc90       ??6std@@YAAAV?$basic_ostream@DU?$char_traits@D@std@@@0@AAV10@PBD@Z 0040cc90 f i KSOServer.obj
 0001:0000bf20       ?_Construct@std@@YAXPAU?$pair@$$CBKPAVKTransferUnit@@@1@ABU21@@Z 0040cf20 f i KSOServer.obj
 0001:0000bfc0       ??0KTransferUnit@@QAE@KK@Z 0040cfc0 f   KTransferUnit.obj
 0001:0000c000       ??_EKTransferUnit@@UAEPAXI@Z 0040d000 f i KTransferUnit.obj
 0001:0000c000       ??_GKTransferUnit@@UAEPAXI@Z 0040d000 f i KTransferUnit.obj
 0001:0000c020       ??1KTransferUnit@@UAE@XZ   0040d020 f   KTransferUnit.obj
 0001:0000c060       _GetCurrentDirectoryA@8    0040d060 f   kernel32:KERNEL32.dll
 0001:0000c066       _GetVolumeInformationA@32  0040d066 f   kernel32:KERNEL32.dll
 0001:0000c06c       _SetConsoleMode@8          0040d06c f   kernel32:KERNEL32.dll
 0001:0000c072       _GetConsoleMode@8          0040d072 f   kernel32:KERNEL32.dll
 0001:0000c078       _GetStdHandle@4            0040d078 f   kernel32:KERNEL32.dll
 0001:0000c07e       _InitializeCriticalSection@4 0040d07e f   kernel32:KERNEL32.dll
 0001:0000c084       _DeleteCriticalSection@4   0040d084 f   kernel32:KERNEL32.dll
 0001:0000c08a       _LeaveCriticalSection@4    0040d08a f   kernel32:KERNEL32.dll
 0001:0000c090       _EnterCriticalSection@4    0040d090 f   kernel32:KERNEL32.dll
 0001:0000c096       _GetProcAddress@8          0040d096 f   kernel32:KERNEL32.dll
 0001:0000c09c       _GetModuleFileNameA@12     0040d09c f   kernel32:KERNEL32.dll
 0001:0000c0a2       _Sleep@4                   0040d0a2 f   kernel32:KERNEL32.dll
 0001:0000c0a8       _FreeLibrary@4             0040d0a8 f   kernel32:KERNEL32.dll
 0001:0000c0ae       _LoadLibraryA@4            0040d0ae f   kernel32:KERNEL32.dll
 0001:0000c0b4       _GetCurrentHwProfileA@4    0040d0b4 f   advapi32:ADVAPI32.dll
 0001:0000c0ba       ?g_pClientLic@@YAXPAD@Z    0040d0ba f   engine:Engine.dll
 0001:0000c0c0       ?KSG_StringToMD5String@@YAHQADQBD@Z 0040d0c0 f   engine:Engine.dll
 0001:0000c0c6       ??0KLicense@@QAE@XZ        0040d0c6 f   engine:Engine.dll
 0001:0000c0cc       ??1KLicense@@QAE@XZ        0040d0cc f   engine:Engine.dll
 0001:0000c0d2       ??1KPakList@@QAE@XZ        0040d0d2 f   engine:Engine.dll
 0001:0000c0d8       ??0KTimer@@QAE@XZ          0040d0d8 f   engine:Engine.dll
 0001:0000c0de       ??0KPakList@@QAE@XZ        0040d0de f   engine:Engine.dll
 0001:0000c0e4       ?Start@KTimer@@QAEXXZ      0040d0e4 f   engine:Engine.dll
 0001:0000c0ea       ??1KIniFile@@QAE@XZ        0040d0ea f   engine:Engine.dll
 0001:0000c0f0       ?GetString@KIniFile@@QAEHPBD00PADK@Z 0040d0f0 f   engine:Engine.dll
 0001:0000c0f6       ?GetInteger@KIniFile@@QAEHPBD0HPAH@Z 0040d0f6 f   engine:Engine.dll
 0001:0000c0fc       ?Open@KPakList@@QAE_NPBD@Z 0040d0fc f   engine:Engine.dll
 0001:0000c102       ?Load@KIniFile@@QAEHPBD@Z  0040d102 f   engine:Engine.dll
 0001:0000c108       ??0KIniFile@@QAE@XZ        0040d108 f   engine:Engine.dll
 0001:0000c10e       ?g_SetFilePath@@YAXPAD@Z   0040d10e f   engine:Engine.dll
 0001:0000c114       ?g_SetRootPath@@YAXPAD@Z   0040d114 f   engine:Engine.dll
 0001:0000c11a       ?GetElapse@KTimer@@QAEKXZ  0040d11a f   engine:Engine.dll
 0001:0000c120       ?g_FileName2Id@@YAKPAD@Z   0040d120 f   engine:Engine.dll
 0001:0000c126       _CoreGetServerShell        0040d126 f   CoreServer:CoreServer.dll
 0001:0000c130       ??0CException@Win32@OnlineGameLib@@QAE@ABV?$basic_string@DU?$char_traits@D@std@@V?$allocator@D@2@@std@@0@Z 0040d130 f   common:Exception.obj
 0001:0000c260       ?GetWhere@CException@Win32@OnlineGameLib@@UBE?AV?$basic_string@DU?$char_traits@D@std@@V?$allocator@D@2@@std@@XZ 0040d260 f   common:Exception.obj
 0001:0000c390       ?GetMessageA@CException@Win32@OnlineGameLib@@UBE?AV?$basic_string@DU?$char_traits@D@std@@V?$allocator@D@2@@std@@XZ 0040d390 f   common:Exception.obj
 0001:0000c4c0       ?MessageBoxA@CException@Win32@OnlineGameLib@@QBEXPAUHWND__@@@Z 0040d4c0 f   common:Exception.obj
 0001:0000c5d0       ??0CLibrary@Win32@OnlineGameLib@@QAE@QBD@Z 0040d5d0 f   common:Library.obj
 0001:0000c630       ??_ECLibrary@Win32@OnlineGameLib@@UAEPAXI@Z 0040d630 f i common:Library.obj
 0001:0000c630       ??_GCLibrary@Win32@OnlineGameLib@@UAEPAXI@Z 0040d630 f i common:Library.obj
 0001:0000c650       ??0CLibrary@Win32@OnlineGameLib@@QAE@XZ 0040d650 f   common:Library.obj
 0001:0000c670       ??1CLibrary@Win32@OnlineGameLib@@UAE@XZ 0040d670 f   common:Library.obj
 0001:0000c6e0       ?Load@CLibrary@Win32@OnlineGameLib@@QAE_NQBD@Z 0040d6e0 f   common:Library.obj
 0001:0000c7a0       ?Free@CLibrary@Win32@OnlineGameLib@@QAE_NXZ 0040d7a0 f   common:Library.obj
 0001:0000c7f0       ??0CUsesWinsock@Win32@OnlineGameLib@@QAE@XZ 0040d7f0 f   common:UsesWinsock.obj
 0001:0000c8c0       ??1CWin32Exception@Win32@OnlineGameLib@@UAE@XZ 0040d8c0 f i common:UsesWinsock.obj
 0001:0000c940       ??0CWin32Exception@Win32@OnlineGameLib@@QAE@ABV012@@Z 0040d940 f i common:UsesWinsock.obj
 0001:0000ca80       ??_ECWin32Exception@Win32@OnlineGameLib@@UAEPAXI@Z 0040da80 f i common:UsesWinsock.obj
 0001:0000ca80       ??_GCWin32Exception@Win32@OnlineGameLib@@UAEPAXI@Z 0040da80 f i common:UsesWinsock.obj
 0001:0000caa0       ??1CUsesWinsock@Win32@OnlineGameLib@@QAE@XZ 0040daa0 f   common:UsesWinsock.obj
 0001:0000cae0       ??0CBuffer@Win32@OnlineGameLib@@AAE@AAVAllocator@012@I@Z 0040dae0 f   common:Buffer.obj
 0001:0000cb60       ??1COpaqueUserData@OnlineGameLib@@IAE@XZ 0040db60 f i common:Buffer.obj
 0001:0000cb70       ??1CBuffer@Win32@OnlineGameLib@@AAE@XZ 0040db70 f   common:Buffer.obj
 0001:0000cbd0       ?GetHeadPack@CBuffer@Win32@OnlineGameLib@@QAEPAV123@I@Z 0040dbd0 f   common:Buffer.obj
 0001:0000cc20       ?GetNextPack@CBuffer@Win32@OnlineGameLib@@QAEPAV123@XZ 0040dc20 f   common:Buffer.obj
 0001:0000cc70       ?AddData@CBuffer@Win32@OnlineGameLib@@QAEXQBDI@Z 0040dc70 f   common:Buffer.obj
 0001:0000cd90       ?AddData@CBuffer@Win32@OnlineGameLib@@QAEXQBEI@Z 0040dd90 f   common:Buffer.obj
 0001:0000cdb0       ?AddData@CBuffer@Win32@OnlineGameLib@@QAEXE@Z 0040ddb0 f   common:Buffer.obj
 0001:0000cdc0       ?SplitBuffer@CBuffer@Win32@OnlineGameLib@@QAEPAV123@I@Z 0040ddc0 f   common:Buffer.obj
 0001:0000ce10       ?AllocateNewBuffer@CBuffer@Win32@OnlineGameLib@@QBEPAV123@XZ 0040de10 f   common:Buffer.obj
 0001:0000ce20       ?Release@CBuffer@Win32@OnlineGameLib@@QAEXXZ 0040de20 f   common:Buffer.obj
 0001:0000cf30       ??2CBuffer@Win32@OnlineGameLib@@CAPAXII@Z 0040df30 f   common:Buffer.obj
 0001:0000cf40       ??3CBuffer@Win32@OnlineGameLib@@CAXPAXI@Z 0040df40 f   common:Buffer.obj
 0001:0000cf50       ??0Allocator@CBuffer@Win32@OnlineGameLib@@QAE@II@Z 0040df50 f   common:Buffer.obj
 0001:0000cf90       ?OnBufferCreated@Allocator@CBuffer@Win32@OnlineGameLib@@EAEXXZ 0040df90 f i common:Buffer.obj
 0001:0000cfa0       ?OnBufferAllocated@Allocator@CBuffer@Win32@OnlineGameLib@@EAEXXZ 0040dfa0 f i common:Buffer.obj
 0001:0000cfb0       ?OnBufferReleased@Allocator@CBuffer@Win32@OnlineGameLib@@EAEXXZ 0040dfb0 f i common:Buffer.obj
 0001:0000cfc0       ??_GAllocator@CBuffer@Win32@OnlineGameLib@@UAEPAXI@Z 0040dfc0 f i common:Buffer.obj
 0001:0000cfc0       ??_EAllocator@CBuffer@Win32@OnlineGameLib@@UAEPAXI@Z 0040dfc0 f i common:Buffer.obj
 0001:0000cfe0       ??1Allocator@CBuffer@Win32@OnlineGameLib@@UAE@XZ 0040dfe0 f   common:Buffer.obj
 0001:0000d050       ??1CCriticalSection@Win32@OnlineGameLib@@QAE@XZ 0040e050 f i common:Buffer.obj
 0001:0000d060       ?Allocate@Allocator@CBuffer@Win32@OnlineGameLib@@QAEPAV234@XZ 0040e060 f   common:Buffer.obj
 0001:0000d1c0       ?Flush@Allocator@CBuffer@Win32@OnlineGameLib@@IAEXXZ 0040e1c0 f   common:Buffer.obj
 0001:0000d260       ?DestroyBuffer@Allocator@CBuffer@Win32@OnlineGameLib@@AAEXPAV234@@Z 0040e260 f i common:Buffer.obj
 0001:0000d2c0       ?Release@Allocator@CBuffer@Win32@OnlineGameLib@@AAEXPAV234@@Z 0040e2c0 f   common:Buffer.obj
 0001:0000d430       ??0CPackager@Win32@OnlineGameLib@@QAE@II@Z 0040e430 f   common:Buffer.obj
 0001:0000d5c0       ??_GCPackager@Win32@OnlineGameLib@@UAEPAXI@Z 0040e5c0 f i common:Buffer.obj
 0001:0000d5c0       ??_ECPackager@Win32@OnlineGameLib@@UAEPAXI@Z 0040e5c0 f i common:Buffer.obj
 0001:0000d5e0       ??1?$map@EPAVCBuffer@Win32@OnlineGameLib@@U?$less@E@std@@V?$allocator@PAVCBuffer@Win32@OnlineGameLib@@@5@@std@@QAE@XZ 0040e5e0 f i common:Buffer.obj
 0001:0000d650       ??1CPackager@Win32@OnlineGameLib@@UAE@XZ 0040e650 f   common:Buffer.obj
 0001:0000d780       ?AddData@CPackager@Win32@OnlineGameLib@@QAEXEQBDIK@Z 0040e780 f   common:Buffer.obj
 0001:0000d8e0       ?AddData@CPackager@Win32@OnlineGameLib@@QAEXEQBEIK@Z 0040e8e0 f   common:Buffer.obj
 0001:0000d900       ?DelData@CPackager@Win32@OnlineGameLib@@QAEXE@Z 0040e900 f   common:Buffer.obj
 0001:0000da20       ?GetHeadPack@CPackager@Win32@OnlineGameLib@@QAEPAVCBuffer@23@EI@Z 0040ea20 f   common:Buffer.obj
 0001:0000db60       ?GetNextPack@CPackager@Win32@OnlineGameLib@@QAEPAVCBuffer@23@E@Z 0040eb60 f   common:Buffer.obj
 0001:0000dc90       ?PackUp@CPackager@Win32@OnlineGameLib@@QAEPAVCBuffer@23@PBXI@Z 0040ec90 f   common:Buffer.obj
 0001:0000dde0       ?Empty@CPackager@Win32@OnlineGameLib@@QAEXXZ 0040ede0 f   common:Buffer.obj
 0001:0000df10       ?insert@?$map@EPAVCBuffer@Win32@OnlineGameLib@@U?$less@E@std@@V?$allocator@PAVCBuffer@Win32@OnlineGameLib@@@5@@std@@QAE?AU?$pair@Viterator@?$_Tree@EU?$pair@$$CBEPAVCBuffer@Win32@OnlineGameLib@@@std@@U_Kfn@?$map@EPAVCBuffer@Win32@OnlineGameLib@@U?$less@E@std@@V?$allocator@PAVCBuffer@Win32@OnlineGameLib@@@5@@2@U?$less@E@2@V?$allocator@PAVCBuffer@Win32@OnlineGameLib@@@2@@std@@_N@2@ABU?$pair@$$CBEPAVCBuffer@Win32@OnlineGameLib@@@2@@Z 0040ef10 f i common:Buffer.obj
 0001:0000df40       ?erase@?$_Tree@EU?$pair@$$CBEPAVCBuffer@Win32@OnlineGameLib@@@std@@U_Kfn@?$map@EPAVCBuffer@Win32@OnlineGameLib@@U?$less@E@std@@V?$allocator@PAVCBuffer@Win32@OnlineGameLib@@@5@@2@U?$less@E@2@V?$allocator@PAVCBuffer@Win32@OnlineGameLib@@@2@@std@@QAE?AViterator@12@V312@0@Z 0040ef40 f i common:Buffer.obj
 0001:0000e070       ?find@?$_Tree@EU?$pair@$$CBEPAVCBuffer@Win32@OnlineGameLib@@@std@@U_Kfn@?$map@EPAVCBuffer@Win32@OnlineGameLib@@U?$less@E@std@@V?$allocator@PAVCBuffer@Win32@OnlineGameLib@@@5@@2@U?$less@E@2@V?$allocator@PAVCBuffer@Win32@OnlineGameLib@@@2@@std@@QAE?AViterator@12@ABE@Z 0040f070 f i common:Buffer.obj
 0001:0000e0c0       ?insert@?$_Tree@EU?$pair@$$CBEPAVCBuffer@Win32@OnlineGameLib@@@std@@U_Kfn@?$map@EPAVCBuffer@Win32@OnlineGameLib@@U?$less@E@std@@V?$allocator@PAVCBuffer@Win32@OnlineGameLib@@@5@@2@U?$less@E@2@V?$allocator@PAVCBuffer@Win32@OnlineGameLib@@@2@@std@@QAE?AU?$pair@Viterator@?$_Tree@EU?$pair@$$CBEPAVCBuffer@Win32@OnlineGameLib@@@std@@U_Kfn@?$map@EPAVCBuffer@Win32@OnlineGameLib@@U?$less@E@std@@V?$allocator@PAVCBuffer@Win32@OnlineGameLib@@@5@@2@U?$less@E@2@V?$allocator@PAVCBuffer@Win32@OnlineGameLib@@@2@@std@@_N@2@ABU?$pair@$$CBEPAVCBuffer@Win32@OnlineGameLib@@@2@@Z 0040f0c0 f i common:Buffer.obj
 0001:0000e1f0       ?erase@?$_Tree@EU?$pair@$$CBEPAVCBuffer@Win32@OnlineGameLib@@@std@@U_Kfn@?$map@EPAVCBuffer@Win32@OnlineGameLib@@U?$less@E@std@@V?$allocator@PAVCBuffer@Win32@OnlineGameLib@@@5@@2@U?$less@E@2@V?$allocator@PAVCBuffer@Win32@OnlineGameLib@@@2@@std@@QAE?AViterator@12@V312@@Z 0040f1f0 f i common:Buffer.obj
 0001:0000e710       ?lower_bound@?$_Tree@EU?$pair@$$CBEPAVCBuffer@Win32@OnlineGameLib@@@std@@U_Kfn@?$map@EPAVCBuffer@Win32@OnlineGameLib@@U?$less@E@std@@V?$allocator@PAVCBuffer@Win32@OnlineGameLib@@@5@@2@U?$less@E@2@V?$allocator@PAVCBuffer@Win32@OnlineGameLib@@@2@@std@@QAE?AViterator@12@ABE@Z 0040f710 f i common:Buffer.obj
 0001:0000e730       ?_Erase@?$_Tree@EU?$pair@$$CBEPAVCBuffer@Win32@OnlineGameLib@@@std@@U_Kfn@?$map@EPAVCBuffer@Win32@OnlineGameLib@@U?$less@E@std@@V?$allocator@PAVCBuffer@Win32@OnlineGameLib@@@5@@2@U?$less@E@2@V?$allocator@PAVCBuffer@Win32@OnlineGameLib@@@2@@std@@IAEXPAU_Node@12@@Z 0040f730 f i common:Buffer.obj
 0001:0000e7c0       ?_Inc@const_iterator@?$_Tree@EU?$pair@$$CBEPAVCBuffer@Win32@OnlineGameLib@@@std@@U_Kfn@?$map@EPAVCBuffer@Win32@OnlineGameLib@@U?$less@E@std@@V?$allocator@PAVCBuffer@Win32@OnlineGameLib@@@5@@2@U?$less@E@2@V?$allocator@PAVCBuffer@Win32@OnlineGameLib@@@2@@std@@QAEXXZ 0040f7c0 f i common:Buffer.obj
 0001:0000e870       ??0?$pair@Viterator@?$_Tree@EU?$pair@$$CBEPAVCBuffer@Win32@OnlineGameLib@@@std@@U_Kfn@?$map@EPAVCBuffer@Win32@OnlineGameLib@@U?$less@E@std@@V?$allocator@PAVCBuffer@Win32@OnlineGameLib@@@5@@2@U?$less@E@2@V?$allocator@PAVCBuffer@Win32@OnlineGameLib@@@2@@std@@_N@std@@QAE@ABViterator@?$_Tree@EU?$pair@$$CBEPAVCBuffer@Win32@OnlineGameLib@@@std@@U_Kfn@?$map@EPAVCBuffer@Win32@OnlineGameLib@@U?$less@E@std@@V?$allocator@PAVCBuffer@Win32@OnlineGameLib@@@5@@2@U?$less@E@2@V?$allocator@PAVCBuffer@Win32@OnlineGameLib@@@2@@1@AB_N@Z 0040f870 f i common:Buffer.obj
 0001:0000e890       ?_Insert@?$_Tree@EU?$pair@$$CBEPAVCBuffer@Win32@OnlineGameLib@@@std@@U_Kfn@?$map@EPAVCBuffer@Win32@OnlineGameLib@@U?$less@E@std@@V?$allocator@PAVCBuffer@Win32@OnlineGameLib@@@5@@2@U?$less@E@2@V?$allocator@PAVCBuffer@Win32@OnlineGameLib@@@2@@std@@IAE?AViterator@12@PAU_Node@12@0ABU?$pair@$$CBEPAVCBuffer@Win32@OnlineGameLib@@@2@@Z 0040f890 f i common:Buffer.obj
 0001:0000eb90       ?_Lbound@?$_Tree@EU?$pair@$$CBEPAVCBuffer@Win32@OnlineGameLib@@@std@@U_Kfn@?$map@EPAVCBuffer@Win32@OnlineGameLib@@U?$less@E@std@@V?$allocator@PAVCBuffer@Win32@OnlineGameLib@@@5@@2@U?$less@E@2@V?$allocator@PAVCBuffer@Win32@OnlineGameLib@@@2@@std@@IBEPAU_Node@12@ABE@Z 0040fb90 f i common:Buffer.obj
 0001:0000ebe0       ?_Ubound@?$_Tree@EU?$pair@$$CBEPAVCBuffer@Win32@OnlineGameLib@@@std@@U_Kfn@?$map@EPAVCBuffer@Win32@OnlineGameLib@@U?$less@E@std@@V?$allocator@PAVCBuffer@Win32@OnlineGameLib@@@5@@2@U?$less@E@2@V?$allocator@PAVCBuffer@Win32@OnlineGameLib@@@2@@std@@IBEPAU_Node@12@ABE@Z 0040fbe0 f i common:Buffer.obj
 0001:0000ec30       ?_Dec@const_iterator@?$_Tree@EU?$pair@$$CBEPAVCBuffer@Win32@OnlineGameLib@@@std@@U_Kfn@?$map@EPAVCBuffer@Win32@OnlineGameLib@@U?$less@E@std@@V?$allocator@PAVCBuffer@Win32@OnlineGameLib@@@5@@2@U?$less@E@2@V?$allocator@PAVCBuffer@Win32@OnlineGameLib@@@2@@std@@QAEXXZ 0040fc30 f i common:Buffer.obj
 0001:0000ecf0       ?_Construct@std@@YAXPAU?$pair@$$CBEPAVCBuffer@Win32@OnlineGameLib@@@1@ABU21@@Z 0040fcf0 f i common:Buffer.obj
 0001:0000ed10       ?_Distance@std@@YAXViterator@?$_Tree@EU?$pair@$$CBEPAVCBuffer@Win32@OnlineGameLib@@@std@@U_Kfn@?$map@EPAVCBuffer@Win32@OnlineGameLib@@U?$less@E@std@@V?$allocator@PAVCBuffer@Win32@OnlineGameLib@@@5@@2@U?$less@E@2@V?$allocator@PAVCBuffer@Win32@OnlineGameLib@@@2@@1@0AAIUbidirectional_iterator_tag@1@@Z 0040fd10 f i common:Buffer.obj
 0001:0000ed70       _GetCRCTable               0040fd70 f   common:CRC32.OBJ
 0001:0000ed80       _CRC32_C                   0040fd80 f   common:CRC32.OBJ
 0001:0000eec0       _CRC32                     0040fec0 f   common:CRC32.OBJ
 0001:0000efc0       ??0CWin32Exception@Win32@OnlineGameLib@@QAE@ABV?$basic_string@DU?$char_traits@D@std@@V?$allocator@D@2@@std@@K@Z 0040ffc0 f   common:Win32Exception.obj
 0001:0000f080       ??0CNodeList@OnlineGameLib@@QAE@XZ 00410080 f   common:NodeList.obj
 0001:0000f090       ?PushNode@CNodeList@OnlineGameLib@@QAEXPAVNode@12@@Z 00410090 f   common:NodeList.obj
 0001:0000f0c0       ?PopNode@CNodeList@OnlineGameLib@@QAEPAVNode@12@XZ 004100c0 f   common:NodeList.obj
 0001:0000f0e0       ?RemoveNode@CNodeList@OnlineGameLib@@AAEXPAVNode@12@@Z 004100e0 f   common:NodeList.obj
 0001:0000f100       ??0Node@CNodeList@OnlineGameLib@@IAE@XZ 00410100 f   common:NodeList.obj
 0001:0000f110       ??1Node@CNodeList@OnlineGameLib@@IAE@XZ 00410110 f   common:NodeList.obj
 0001:0000f170       ?AddToList@Node@CNodeList@OnlineGameLib@@QAEXPAV23@@Z 00410170 f   common:NodeList.obj
 0001:0000f180       ?RemoveFromList@Node@CNodeList@OnlineGameLib@@QAEXXZ 00410180 f   common:NodeList.obj
 0001:0000f190       ?Unlink@Node@CNodeList@OnlineGameLib@@AAEXXZ 00410190 f   common:NodeList.obj
 0001:0000f420       ?SetLogFileName@Win32@OnlineGameLib@@YAXABV?$basic_string@DU?$char_traits@D@std@@V?$allocator@D@2@@std@@@Z 00410420 f   common:Utils.obj
 0001:0000f530       ?Message@Win32@OnlineGameLib@@YAXQBD@Z 00410530 f   common:Utils.obj
 0001:0000f560       ?Output@Win32@OnlineGameLib@@YAXABV?$basic_string@DU?$char_traits@D@std@@V?$allocator@D@2@@std@@@Z 00410560 f   common:Utils.obj
 0001:0000f570       ?Trace@Win32@OnlineGameLib@@YAXABV?$basic_string@DU?$char_traits@D@std@@V?$allocator@D@2@@std@@0@Z 00410570 f   common:Utils.obj
 0001:0000f580       ?GetLastErrorMessage@Win32@OnlineGameLib@@YA?AV?$basic_string@DU?$char_traits@D@std@@V?$allocator@D@2@@std@@K@Z 00410580 f   common:Utils.obj
 0001:0000f6a0       ?HexToString@Win32@OnlineGameLib@@YA?AV?$basic_string@DU?$char_traits@D@std@@V?$allocator@D@2@@std@@PBEI@Z 004106a0 f   common:Utils.obj
 0001:0000f830       ?StringToHex@Win32@OnlineGameLib@@YAXABV?$basic_string@DU?$char_traits@D@std@@V?$allocator@D@2@@std@@PAEI@Z 00410830 f   common:Utils.obj
 0001:0000f970       ?HexStringToDWORD@Win32@OnlineGameLib@@YAKPBD@Z 00410970 f   common:Utils.obj
 0001:0000f9d0       ?HashStr2ID@Win32@OnlineGameLib@@YAKQBD@Z 004109d0 f   common:Utils.obj
 0001:0000fa20       ?net_aton@Win32@OnlineGameLib@@YAKPBD@Z 00410a20 f   common:Utils.obj
 0001:0000fab0       ?net_ntoa@Win32@OnlineGameLib@@YAPBDK@Z 00410ab0 f   common:Utils.obj
 0001:0000faf0       ?GetCurrentDirectoryA@Win32@OnlineGameLib@@YA?AV?$basic_string@DU?$char_traits@D@std@@V?$allocator@D@2@@std@@XZ 00410af0 f   common:Utils.obj
 0001:0000fc70       ?GetAppFullPath@Win32@OnlineGameLib@@YA?AV?$basic_string@DU?$char_traits@D@std@@V?$allocator@D@2@@std@@PAUHINSTANCE__@@@Z 00410c70 f   common:Utils.obj
 0001:0000fe50       ?GetDateStamp@Win32@OnlineGameLib@@YA?AV?$basic_string@DU?$char_traits@D@std@@V?$allocator@D@2@@std@@XZ 00410e50 f   common:Utils.obj
 0001:0000ff70       ?GetTimeStamp@Win32@OnlineGameLib@@YA?AV?$basic_string@DU?$char_traits@D@std@@V?$allocator@D@2@@std@@XZ 00410f70 f   common:Utils.obj
 0001:00010080       ?ToHex@Win32@OnlineGameLib@@YA?AV?$basic_string@DU?$char_traits@D@std@@V?$allocator@D@2@@std@@E@Z 00411080 f   common:Utils.obj
 0001:00010160       ?DumpData@Win32@OnlineGameLib@@YA?AV?$basic_string@DU?$char_traits@D@std@@V?$allocator@D@2@@std@@QBEII@Z 00411160 f   common:Utils.obj
 0001:00010500       ?GetComputerNameA@Win32@OnlineGameLib@@YA?AV?$basic_string@DU?$char_traits@D@std@@V?$allocator@D@2@@std@@XZ 00411500 f   common:Utils.obj
 0001:00010750       ?GetModuleFileNameA@Win32@OnlineGameLib@@YA?AV?$basic_string@DU?$char_traits@D@std@@V?$allocator@D@2@@std@@PAUHINSTANCE__@@@Z 00411750 f   common:Utils.obj
 0001:000109b0       ?GetUserNameA@Win32@OnlineGameLib@@YA?AV?$basic_string@DU?$char_traits@D@std@@V?$allocator@D@2@@std@@XZ 004119b0 f   common:Utils.obj
 0001:00010c10       ?StripLeading@Win32@OnlineGameLib@@YA?AV?$basic_string@DU?$char_traits@D@std@@V?$allocator@D@2@@std@@ABV34@D@Z 00411c10 f   common:Utils.obj
 0001:00010cf0       ?StripTrailing@Win32@OnlineGameLib@@YA?AV?$basic_string@DU?$char_traits@D@std@@V?$allocator@D@2@@std@@ABV34@D@Z 00411cf0 f   common:Utils.obj
 0001:00010d40       ?GetFileVersion@Win32@OnlineGameLib@@YA?AV?$basic_string@DU?$char_traits@D@std@@V?$allocator@D@2@@std@@XZ 00411d40 f   common:Utils.obj
 0001:00011020       ?GetLocalName@Win32@OnlineGameLib@@YA_NPADI@Z 00412020 f   common:Utils.obj
 0001:00011120       ?GetLocalAddress@Win32@OnlineGameLib@@YA_NPADIH@Z 00412120 f   common:Utils.obj
 0001:00011250       ?substr@?$basic_string@DU?$char_traits@D@std@@V?$allocator@D@2@@std@@QBE?AV12@II@Z 00412250 f i common:Utils.obj
 0001:000113e0       ??0?$basic_fstream@DU?$char_traits@D@std@@@std@@QAE@XZ 004123e0 f i common:Utils.obj
 0001:00011540       ?_Incref@facet@locale@std@@QAEXXZ 00412540 f i common:Utils.obj
 0001:00011570       ??0?$basic_ostream@DU?$char_traits@D@std@@@std@@QAE@PAV?$basic_streambuf@DU?$char_traits@D@std@@@1@_N1@Z 00412570 f i common:Utils.obj
 0001:00011630       ??1?$basic_fstream@DU?$char_traits@D@std@@@std@@UAE@XZ 00412630 f i common:Utils.obj
 0001:00011770       ?overflow@?$basic_filebuf@DU?$char_traits@D@std@@@std@@MAEHH@Z 00412770 f i common:Utils.obj
 0001:00011950       ?pbackfail@?$basic_filebuf@DU?$char_traits@D@std@@@std@@MAEHH@Z 00412950 f i common:Utils.obj
 0001:00011af0       ?underflow@?$basic_filebuf@DU?$char_traits@D@std@@@std@@MAEHXZ 00412af0 f i common:Utils.obj
 0001:00011b20       ?uflow@?$basic_filebuf@DU?$char_traits@D@std@@@std@@MAEHXZ 00412b20 f i common:Utils.obj
 0001:00011d10       ?seekoff@?$basic_filebuf@DU?$char_traits@D@std@@@std@@MAE?AV?$fpos@H@2@JW4seekdir@ios_base@2@H@Z 00412d10 f i common:Utils.obj
 0001:00011da0       ?seekpos@?$basic_filebuf@DU?$char_traits@D@std@@@std@@MAE?AV?$fpos@H@2@V32@H@Z 00412da0 f i common:Utils.obj
 0001:00011f30       ?setbuf@?$basic_filebuf@DU?$char_traits@D@std@@@std@@MAEPAV?$basic_streambuf@DU?$char_traits@D@std@@@2@PADH@Z 00412f30 f i common:Utils.obj
 0001:00011f60       ?sync@?$basic_filebuf@DU?$char_traits@D@std@@@std@@MAEHXZ 00412f60 f i common:Utils.obj
 0001:00011f80       ??1?$auto_ptr@E@std@@QAE@XZ 00412f80 f i common:Utils.obj
 0001:00011f90       ??_E?$basic_fstream@DU?$char_traits@D@std@@@std@@UAEPAXI@Z 00412f90 f i common:Utils.obj
 0001:00011f90       ??_G?$basic_fstream@DU?$char_traits@D@std@@@std@@UAEPAXI@Z 00412f90 f i common:Utils.obj
 0001:00011fc0       ??_G?$basic_filebuf@DU?$char_traits@D@std@@@std@@UAEPAXI@Z 00412fc0 f i common:Utils.obj
 0001:00011fc0       ??_E?$basic_filebuf@DU?$char_traits@D@std@@@std@@UAEPAXI@Z 00412fc0 f i common:Utils.obj
 0001:00011fe0       ??1?$basic_filebuf@DU?$char_traits@D@std@@@std@@UAE@XZ 00412fe0 f i common:Utils.obj
 0001:00012130       ?append@?$basic_string@DU?$char_traits@D@std@@V?$allocator@D@2@@std@@QAEAAV12@ID@Z 00413130 f i common:Utils.obj
 0001:00012200       ?init@?$basic_ios@DU?$char_traits@D@std@@@std@@IAEXPAV?$basic_streambuf@DU?$char_traits@D@std@@@2@_N@Z 00413200 f i common:Utils.obj
 0001:00012250       ?_Init@?$basic_streambuf@DU?$char_traits@D@std@@@std@@IAEXXZ 00413250 f i common:Utils.obj
 0001:000122b0       ?append@?$basic_string@DU?$char_traits@D@std@@V?$allocator@D@2@@std@@QAEAAV12@ABV12@II@Z 004132b0 f i common:Utils.obj
 0001:00012390       ?append@?$basic_string@DU?$char_traits@D@std@@V?$allocator@D@2@@std@@QAEAAV12@PBDI@Z 00413390 f i common:Utils.obj
 0001:00012450       ?_Freeze@?$basic_string@DU?$char_traits@D@std@@V?$allocator@D@2@@std@@AAEXXZ 00413450 f i common:Utils.obj
 0001:000124d0       ?_Init@?$basic_filebuf@DU?$char_traits@D@std@@@std@@IAEXPAU_iobuf@@W4_Initfl@12@@Z 004134d0 f i common:Utils.obj
 0001:000125b0       ??0locale@std@@QAE@XZ      004135b0 f i common:Utils.obj
 0001:00012600       ??Hstd@@YA?AV?$basic_string@DU?$char_traits@D@std@@V?$allocator@D@2@@0@ABV10@PBD@Z 00413600 f i common:Utils.obj
 0001:00012730       ??Hstd@@YA?AV?$basic_string@DU?$char_traits@D@std@@V?$allocator@D@2@@0@ABV10@0@Z 00413730 f i common:Utils.obj
 0001:00012890       ??3@YAXPAX@Z               00413890 f   libcpmt:delop.obj
 0001:0001289b       ?clear@ios_base@std@@QAEXH_N@Z 0041389b f   libcpmt:ios.obj
 0001:00012937       ??0runtime_error@std@@QAE@ABV?$basic_string@DU?$char_traits@D@std@@V?$allocator@D@2@@1@@Z 00413937 f i libcpmt:ios.obj
 0001:0001299b       ?what@runtime_error@std@@UBEPBDXZ 0041399b f i libcpmt:ios.obj
 0001:000129a8       ?_Doraise@runtime_error@std@@MBEXXZ 004139a8 f i libcpmt:ios.obj
 0001:000129c5       ??1runtime_error@std@@UAE@XZ 004139c5 f i libcpmt:ios.obj
 0001:00012a02       ??_Gruntime_error@std@@UAEPAXI@Z 00413a02 f i libcpmt:ios.obj
 0001:00012a02       ??_Eruntime_error@std@@UAEPAXI@Z 00413a02 f i libcpmt:ios.obj
 0001:00012a1e       ??0runtime_error@std@@QAE@ABV01@@Z 00413a1e f i libcpmt:ios.obj
 0001:00012a7b       ??1failure@ios_base@std@@UAE@XZ 00413a7b f i libcpmt:ios.obj
 0001:00012ab8       ?_Doraise@failure@ios_base@std@@MBEXXZ 00413ab8 f i libcpmt:ios.obj
 0001:00012ad5       ??_Efailure@ios_base@std@@UAEPAXI@Z 00413ad5 f i libcpmt:ios.obj
 0001:00012ad5       ??_Gfailure@ios_base@std@@UAEPAXI@Z 00413ad5 f i libcpmt:ios.obj
 0001:00012af1       ??0failure@ios_base@std@@QAE@ABV012@@Z 00413af1 f i libcpmt:ios.obj
 0001:00012b09       ?copyfmt@ios_base@std@@QAEAAV12@ABV12@@Z 00413b09 f   libcpmt:ios.obj
 0001:00012b9a       ??4locale@std@@QAEAAV01@ABV01@@Z 00413b9a f i libcpmt:ios.obj
 0001:00012bc9       ?imbue@ios_base@std@@QAE?AVlocale@2@ABV32@@Z 00413bc9 f   libcpmt:ios.obj
 0001:00012c28       ?register_callback@ios_base@std@@QAEXP6AXW4event@12@AAV12@H@ZH@Z 00413c28 f   libcpmt:ios.obj
 0001:00012c5e       ??1ios_base@std@@UAE@XZ    00413c5e f   libcpmt:ios.obj
 0001:00012cae       ?_Callfns@ios_base@std@@AAEXW4event@12@@Z 00413cae f   libcpmt:ios.obj
 0001:00012cd0       ?_Findarr@ios_base@std@@AAEAAU_Iosarray@12@H@Z 00413cd0 f   libcpmt:ios.obj
 0001:00012da1       ?_Addstd@ios_base@std@@IAEXXZ 00413da1 f   libcpmt:ios.obj
 0001:00012def       ?_Init@ios_base@std@@IAEXXZ 00413def f   libcpmt:ios.obj
 0001:00012e27       ?_Tidy@ios_base@std@@AAEXXZ 00413e27 f   libcpmt:ios.obj
 0001:00012e69       ?uncaught_exception@std@@YA_NXZ 00413e69 f   libcpmt:uncaught.obj
 0001:00012e6c       ??0_Lockit@std@@QAE@XZ     00413e6c f   libcpmt:xlock.obj
 0001:00012f08       ??1_Lockit@std@@QAE@XZ     00413f08 f   libcpmt:xlock.obj
 0001:00012f3e       ?classic@locale@std@@SAABV12@XZ 00413f3e f   libcpmt:locale0.obj
 0001:00012f5e       ?empty@locale@std@@SA?AV12@XZ 00413f5e f   libcpmt:locale0.obj
 0001:00012fa5       ?_Getfacet@locale@std@@QBEPBVfacet@12@I_N@Z 00413fa5 f   libcpmt:locale0.obj
 0001:00012ffb       ?_Iscloc@locale@std@@QBE_NXZ 00413ffb f   libcpmt:locale0.obj
 0001:00013036       ??8locale@std@@QBE_NABV01@@Z 00414036 f   libcpmt:locale0.obj
 0001:00013105       ?name@locale@std@@QBE?AV?$basic_string@DU?$char_traits@D@std@@V?$allocator@D@2@@2@XZ 00414105 f i libcpmt:locale0.obj
 0001:0001313c       ?_Init@locale@std@@CAPAV_Locimp@12@XZ 0041413c f   libcpmt:locale0.obj
 0001:00013206       ?_Tidy@locale@std@@CAXXZ   00414206 f   libcpmt:locale0.obj
 0001:00013250       ??0_Locimp@locale@std@@AAE@_N@Z 00414250 f   libcpmt:locale0.obj
 0001:000132c2       ??_G_Locimp@locale@std@@UAEPAXI@Z 004142c2 f i libcpmt:locale0.obj
 0001:000132c2       ??_E_Locimp@locale@std@@UAEPAXI@Z 004142c2 f i libcpmt:locale0.obj
 0001:000132de       ??1_Locimp@locale@std@@UAE@XZ 004142de f   libcpmt:locale0.obj
 0001:00013366       ?compare@?$basic_string@DU?$char_traits@D@std@@V?$allocator@D@2@@std@@QBEHABV12@@Z 00414366 f i libcpmt:locale0.obj
 0001:00013388       ?compare@?$basic_string@DU?$char_traits@D@std@@V?$allocator@D@2@@std@@QBEHIIPBDI@Z 00414388 f i libcpmt:locale0.obj
 0001:0001342d       ?id@?$collate@D@std@@$E    0041442d f i libcpmt:locale0.obj
 0001:0001342e       ?_Xlen@std@@YAXXZ          0041442e f   libcpmt:string.obj
 0001:00013488       ??0logic_error@std@@QAE@ABV?$basic_string@DU?$char_traits@D@std@@V?$allocator@D@2@@1@@Z 00414488 f i libcpmt:string.obj
 0001:000134ec       ?what@logic_error@std@@UBEPBDXZ 004144ec f i libcpmt:string.obj
 0001:000134f9       ?_Doraise@logic_error@std@@MBEXXZ 004144f9 f i libcpmt:string.obj
 0001:00013516       ??1logic_error@std@@UAE@XZ 00414516 f i libcpmt:string.obj
 0001:00013553       ??_Glogic_error@std@@UAEPAXI@Z 00414553 f i libcpmt:string.obj
 0001:00013553       ??_Elogic_error@std@@UAEPAXI@Z 00414553 f i libcpmt:string.obj
 0001:0001356f       ??0logic_error@std@@QAE@ABV01@@Z 0041456f f i libcpmt:string.obj
 0001:000135cc       ??1length_error@std@@UAE@XZ 004145cc f i libcpmt:string.obj
 0001:00013609       ?_Doraise@length_error@std@@MBEXXZ 00414609 f i libcpmt:string.obj
 0001:00013626       ??_Elength_error@std@@UAEPAXI@Z 00414626 f i libcpmt:string.obj
 0001:00013626       ??_Glength_error@std@@UAEPAXI@Z 00414626 f i libcpmt:string.obj
 0001:00013642       ??0length_error@std@@QAE@ABV01@@Z 00414642 f i libcpmt:string.obj
 0001:0001365a       ?_Xran@std@@YAXXZ          0041465a f   libcpmt:string.obj
 0001:000136b4       ??1out_of_range@std@@UAE@XZ 004146b4 f i libcpmt:string.obj
 0001:000136f1       ?_Doraise@out_of_range@std@@MBEXXZ 004146f1 f i libcpmt:string.obj
 0001:0001370e       ??_Eout_of_range@std@@UAEPAXI@Z 0041470e f i libcpmt:string.obj
 0001:0001370e       ??_Gout_of_range@std@@UAEPAXI@Z 0041470e f i libcpmt:string.obj
 0001:0001372a       ??0out_of_range@std@@QAE@ABV01@@Z 0041472a f i libcpmt:string.obj
 0001:00013784       ??0locale@std@@QAE@ABV01@0H@Z 00414784 f   libcpmt:locale.obj
 0001:0001382c       ??0locale@std@@QAE@PBDH@Z  0041482c f   libcpmt:locale.obj
 0001:00013939       ?_Getname@_Locinfo@std@@QBE?AV?$basic_string@DU?$char_traits@D@std@@V?$allocator@D@2@@2@XZ 00414939 f i libcpmt:locale.obj
 0001:0001396f       ??0locale@std@@QAE@ABV01@PBDH@Z 0041496f f   libcpmt:locale.obj
 0001:00013a90       ?_Addfac@locale@std@@QAEAAV12@PAVfacet@12@II@Z 00414a90 f   libcpmt:locale.obj
 0001:00013b13       ?global@locale@std@@SA?AV12@ABV12@@Z 00414b13 f   libcpmt:locale.obj
 0001:00013c0e       ?_Makeloc@_Locimp@locale@std@@CAPAV123@ABV_Locinfo@3@HPAV123@PBV23@@Z 00414c0e f   libcpmt:locale.obj
 0001:00013e82       ?do_always_noconv@codecvt_base@std@@MBE_NXZ 00414e82 f i libcpmt:locale.obj
 0001:00013e85       ?do_max_length@codecvt_base@std@@MBEHXZ 00414e85 f i libcpmt:locale.obj
 0001:00013e89       ?do_encoding@codecvt_base@std@@MBEHXZ 00414e89 f i libcpmt:locale.obj
 0001:00013e8d       ??1ctype_base@std@@UAE@XZ  00414e8d f i libcpmt:locale.obj
 0001:00013e94       ?_Init@?$ctype@D@std@@IAEXABV_Locinfo@2@@Z 00414e94 f i libcpmt:locale.obj
 0001:00013ee9       ?_Term@?$ctype@D@std@@KAXXZ 00414ee9 f i libcpmt:locale.obj
 0001:00013ef6       ?do_tolower@?$ctype@D@std@@MBEDD@Z 00414ef6 f i libcpmt:locale.obj
 0001:00013f0a       ?do_tolower@?$ctype@D@std@@MBEPBDPADPBD@Z 00414f0a f i libcpmt:locale.obj
 0001:00013f35       ?do_toupper@?$ctype@D@std@@MBEDD@Z 00414f35 f i libcpmt:locale.obj
 0001:00013f49       ?do_toupper@?$ctype@D@std@@MBEPBDPADPBD@Z 00414f49 f i libcpmt:locale.obj
 0001:00013f74       ??_E?$ctype@D@std@@UAEPAXI@Z 00414f74 f i libcpmt:locale.obj
 0001:00013f74       ??_G?$ctype@D@std@@UAEPAXI@Z 00414f74 f i libcpmt:locale.obj
 0001:00013f90       ??1?$ctype@D@std@@UAE@XZ   00414f90 f i libcpmt:locale.obj
 0001:00013fb0       ??0_Locimp@locale@std@@AAE@ABV012@@Z 00414fb0 f   libcpmt:locale.obj
 0001:000140d0       ?_Addfac@_Locimp@locale@std@@AAEXPAVfacet@23@I@Z 004150d0 f   libcpmt:locale.obj
 0001:00014183       ??0_Locinfo@std@@QAE@PBD@Z 00415183 f   libcpmt:locale.obj
 0001:0001423c       ??0_Locinfo@std@@QAE@HPBD@Z 0041523c f   libcpmt:locale.obj
 0001:000142b3       ??1_Locinfo@std@@QAE@XZ    004152b3 f   libcpmt:locale.obj
 0001:00014328       ?_Addcats@_Locinfo@std@@QAEAAV12@HPBD@Z 00415328 f   libcpmt:locale.obj
 0001:00014397       ?do_in@?$codecvt@DDH@std@@MBEHAAHPBD1AAPBDPAD3AAPAD@Z 00415397 f i libcpmt:locale.obj
 0001:000143b1       ?do_out@?$codecvt@DDH@std@@MBEHAAHPBD1AAPBDPAD3AAPAD@Z 004153b1 f i libcpmt:locale.obj
 0001:000143cb       ?do_length@?$codecvt@DDH@std@@MBEHAAHPBD1I@Z 004153cb f i libcpmt:locale.obj
 0001:000143e0       ?do_get@?$num_get@DV?$istreambuf_iterator@DU?$char_traits@D@std@@@std@@@std@@MBE?AV?$istreambuf_iterator@DU?$char_traits@D@std@@@2@V32@0AAVios_base@2@AAHAA_N@Z 004153e0 f i libcpmt:locale.obj
 0001:0001458a       ?do_get@?$num_get@DV?$istreambuf_iterator@DU?$char_traits@D@std@@@std@@@std@@MBE?AV?$istreambuf_iterator@DU?$char_traits@D@std@@@2@V32@0AAVios_base@2@AAHAAG@Z 0041558a f i libcpmt:locale.obj
 0001:00014656       ?do_get@?$num_get@DV?$istreambuf_iterator@DU?$char_traits@D@std@@@std@@@std@@MBE?AV?$istreambuf_iterator@DU?$char_traits@D@std@@@2@V32@0AAVios_base@2@AAHAAI@Z 00415656 f i libcpmt:locale.obj
 0001:0001471e       ?do_get@?$num_get@DV?$istreambuf_iterator@DU?$char_traits@D@std@@@std@@@std@@MBE?AV?$istreambuf_iterator@DU?$char_traits@D@std@@@2@V32@0AAVios_base@2@AAHAAJ@Z 0041571e f i libcpmt:locale.obj
 0001:000147cc       ?do_get@?$num_get@DV?$istreambuf_iterator@DU?$char_traits@D@std@@@std@@@std@@MBE?AV?$istreambuf_iterator@DU?$char_traits@D@std@@@2@V32@0AAVios_base@2@AAHAAK@Z 004157cc f i libcpmt:locale.obj
 0001:0001487a       ?do_get@?$num_get@DV?$istreambuf_iterator@DU?$char_traits@D@std@@@std@@@std@@MBE?AV?$istreambuf_iterator@DU?$char_traits@D@std@@@2@V32@0AAVios_base@2@AAHAAM@Z 0041587a f i libcpmt:locale.obj
 0001:00014924       ?do_get@?$num_get@DV?$istreambuf_iterator@DU?$char_traits@D@std@@@std@@@std@@MBE?AV?$istreambuf_iterator@DU?$char_traits@D@std@@@2@V32@0AAVios_base@2@AAHAAN@Z 00415924 f i libcpmt:locale.obj
 0001:000149ce       ?do_get@?$num_get@DV?$istreambuf_iterator@DU?$char_traits@D@std@@@std@@@std@@MBE?AV?$istreambuf_iterator@DU?$char_traits@D@std@@@2@V32@0AAVios_base@2@AAHAAO@Z 004159ce f i libcpmt:locale.obj
 0001:00014a78       ?do_get@?$num_get@DV?$istreambuf_iterator@DU?$char_traits@D@std@@@std@@@std@@MBE?AV?$istreambuf_iterator@DU?$char_traits@D@std@@@2@V32@0AAVios_base@2@AAHAAPAX@Z 00415a78 f i libcpmt:locale.obj
 0001:00014b6e       ??_G?$codecvt@DDH@std@@UAEPAXI@Z 00415b6e f i libcpmt:locale.obj
 0001:00014b6e       ??_E?$codecvt@DDH@std@@UAEPAXI@Z 00415b6e f i libcpmt:locale.obj
 0001:00014b8a       ??1?$codecvt@DDH@std@@UAE@XZ 00415b8a f i libcpmt:locale.obj
 0001:00014b91       ??_G?$num_get@DV?$istreambuf_iterator@DU?$char_traits@D@std@@@std@@@std@@UAEPAXI@Z 00415b91 f i libcpmt:locale.obj
 0001:00014b91       ??_E?$num_get@DV?$istreambuf_iterator@DU?$char_traits@D@std@@@std@@@std@@UAEPAXI@Z 00415b91 f i libcpmt:locale.obj
 0001:00014bad       ??1?$num_get@DV?$istreambuf_iterator@DU?$char_traits@D@std@@@std@@@std@@UAE@XZ 00415bad f i libcpmt:locale.obj
 0001:00014bb4       ?_Getifld@?$num_get@DV?$istreambuf_iterator@DU?$char_traits@D@std@@@std@@@std@@CAHPADAAV?$istreambuf_iterator@DU?$char_traits@D@std@@@2@1HABVlocale@2@@Z 00415bb4 f i libcpmt:locale.obj
 0001:00014f49       ?_Getffld@?$num_get@DV?$istreambuf_iterator@DU?$char_traits@D@std@@@std@@@std@@CAHPADAAV?$istreambuf_iterator@DU?$char_traits@D@std@@@2@1ABVlocale@2@@Z 00415f49 f i libcpmt:locale.obj
 0001:00015235       ?_Ffmt@?$num_put@DV?$ostreambuf_iterator@DU?$char_traits@D@std@@@std@@@std@@KAPADPADDH@Z 00416235 f i libcpmt:locale.obj
 0001:00015293       ?_Ifmt@?$num_put@DV?$ostreambuf_iterator@DU?$char_traits@D@std@@@std@@@std@@KAPADPADDH@Z 00416293 f i libcpmt:locale.obj
 0001:000152ed       ?_Init@?$numpunct@D@std@@IAEXABV_Locinfo@2@@Z 004162ed f i libcpmt:locale.obj
 0001:00015336       ?assign@?$basic_string@DU?$char_traits@D@std@@V?$allocator@D@2@@std@@QAEAAV12@ID@Z 00416336 f i libcpmt:locale.obj
 0001:0001537c       ?_Inc@?$istreambuf_iterator@DU?$char_traits@D@std@@@std@@AAEXXZ 0041637c f i libcpmt:locale.obj
 0001:0001539e       ?sbumpc@?$basic_streambuf@DU?$char_traits@D@std@@@std@@QAEHXZ 0041639e f i libcpmt:locale.obj
 0001:000153c1       ?_Gninc@?$basic_streambuf@DU?$char_traits@D@std@@@std@@IAEPADXZ 004163c1 f i libcpmt:locale.obj
 0001:000153d1       ?_Peek@?$istreambuf_iterator@DU?$char_traits@D@std@@@std@@AAEDXZ 004163d1 f i libcpmt:locale.obj
 0001:000153f5       ?sgetc@?$basic_streambuf@DU?$char_traits@D@std@@@std@@QAEHXZ 004163f5 f i libcpmt:locale.obj
 0001:00015413       ?_Pninc@?$basic_streambuf@DU?$char_traits@D@std@@@std@@IAEPADXZ 00416413 f i libcpmt:locale.obj
 0001:00015423       ?use_facet@std@@YAABV?$ctype@D@1@ABVlocale@1@PBV21@_N@Z 00416423 f i libcpmt:locale.obj
 0001:000154eb       ??0?$ctype@D@std@@QAE@PBF_NI@Z 004164eb f i libcpmt:locale.obj
 0001:0001558a       ?use_facet@std@@YAABV?$num_get@DV?$istreambuf_iterator@DU?$char_traits@D@std@@@std@@@1@ABVlocale@1@PBV21@_N@Z 0041658a f i libcpmt:locale.obj
 0001:00015666       ?use_facet@std@@YAABV?$num_put@DV?$ostreambuf_iterator@DU?$char_traits@D@std@@@std@@@1@ABVlocale@1@PBV21@_N@Z 00416666 f i libcpmt:locale.obj
 0001:00015742       ?use_facet@std@@YAABV?$numpunct@D@1@ABVlocale@1@PBV21@_N@Z 00416742 f i libcpmt:locale.obj
 0001:00015806       ?use_facet@std@@YAABV?$codecvt@DDH@1@ABVlocale@1@PBV21@_N@Z 00416806 f i libcpmt:locale.obj
 0001:000158ca       ?_Getloctxt@std@@YAHAAV?$istreambuf_iterator@DU?$char_traits@D@std@@@1@0IPBD@Z 004168ca f i libcpmt:locale.obj
 0001:00015a83       ?isdigit@std@@YA_NDABVlocale@1@@Z 00416a83 f i libcpmt:locale.obj
 0001:00015aa4       ?_Maklocstr@std@@YAPADPBDPAD@Z 00416aa4 f i libcpmt:locale.obj
 0001:00015acd       ??0?$codecvt@DDH@std@@QAE@I@Z 00416acd f i libcpmt:locale.obj
 0001:00015b21       ??1codecvt_base@std@@UAE@XZ 00416b21 f i libcpmt:locale.obj
 0001:00015b28       ?equal@?$istreambuf_iterator@DU?$char_traits@D@std@@@std@@QBE_NABV12@@Z 00416b28 f i libcpmt:locale.obj
 0001:00015b67       ?_Save@?$_Tidyfac@V?$ctype@D@std@@@std@@SAPAV?$ctype@D@2@PAV32@@Z 00416b67 f i libcpmt:locale.obj
 0001:00015bb5       ?_Save@?$_Tidyfac@V?$num_get@DV?$istreambuf_iterator@DU?$char_traits@D@std@@@std@@@std@@@std@@SAPAV?$num_get@DV?$istreambuf_iterator@DU?$char_traits@D@std@@@std@@@2@PAV32@@Z 00416bb5 f i libcpmt:locale.obj
 0001:00015c03       ?_Save@?$_Tidyfac@V?$codecvt@DDH@std@@@std@@SAPAV?$codecvt@DDH@2@PAV32@@Z 00416c03 f i libcpmt:locale.obj
 0001:00015c51       ?_Tidy@?$_Tidyfac@V?$ctype@D@std@@@std@@SAXXZ 00416c51 f i libcpmt:locale.obj
 0001:00015c9e       ?_Tidy@?$_Tidyfac@V?$num_get@DV?$istreambuf_iterator@DU?$char_traits@D@std@@@std@@@std@@@std@@SAXXZ 00416c9e f i libcpmt:locale.obj
 0001:00015ceb       ?_Tidy@?$_Tidyfac@V?$codecvt@DDH@std@@@std@@SAXXZ 00416ceb f i libcpmt:locale.obj
 0001:00015e03       ??_D?$basic_istream@DU?$char_traits@D@std@@@std@@QAEXXZ 00416e03 f i libcpmt:iostream.obj
 0001:00015e47       ??_D?$basic_ostream@DU?$char_traits@D@std@@@std@@QAEXXZ 00416e47 f i libcpmt:iostream.obj
 0001:00015ee7       ??0Init@ios_base@std@@QAE@XZ 00416ee7 f   libcpmt:iostream.obj
 0001:00016066       ??3@YAXPAX0@Z              00417066 f i libcpmt:iostream.obj
 0001:00016067       ??1Init@ios_base@std@@QAE@XZ 00417067 f   libcpmt:iostream.obj
 0001:000160aa       ??0?$basic_ostream@DU?$char_traits@D@std@@@std@@QAE@W4_Uninitialized@1@@Z 004170aa f i libcpmt:iostream.obj
 0001:00016109       ?flush@?$basic_ostream@DU?$char_traits@D@std@@@std@@QAEAAV12@XZ 00417109 f i libcpmt:iostream.obj
 0001:00016153       ??0?$basic_istream@DU?$char_traits@D@std@@@std@@QAE@PAV?$basic_streambuf@DU?$char_traits@D@std@@@1@_N@Z 00417153 f i libcpmt:iostream.obj
 0001:000161bb       ??0?$basic_istream@DU?$char_traits@D@std@@@std@@QAE@W4_Uninitialized@1@@Z 004171bb f i libcpmt:iostream.obj
 0001:0001621a       ??0?$basic_filebuf@DU?$char_traits@D@std@@@std@@QAE@PAU_iobuf@@@Z 0041721a f i libcpmt:iostream.obj
 0001:0001627a       ??0?$basic_filebuf@DU?$char_traits@D@std@@@std@@QAE@W4_Uninitialized@1@@Z 0041727a f i libcpmt:iostream.obj
 0001:00016285       ?_Gndec@?$basic_streambuf@DU?$char_traits@D@std@@@std@@IAEPADXZ 00417285 f i libcpmt:iostream.obj
 0001:00016295       ?close@?$basic_filebuf@DU?$char_traits@D@std@@@std@@QAEPAV12@XZ 00417295 f i libcpmt:iostream.obj
 0001:000162bc       ?_Ungetc@std@@YA_NABDPAU_iobuf@@I@Z 004172bc f i libcpmt:iostream.obj
 0001:00016455       ??_D?$basic_istream@GU?$char_traits@G@std@@@std@@QAEXXZ 00417455 f i libcpmt:wiostrea.obj
 0001:00016499       ??_D?$basic_ostream@GU?$char_traits@G@std@@@std@@QAEXXZ 00417499 f i libcpmt:wiostrea.obj
 0001:0001650c       ??0_Winit@std@@QAE@XZ      0041750c f   libcpmt:wiostrea.obj
 0001:0001668d       ??1_Winit@std@@QAE@XZ      0041768d f   libcpmt:wiostrea.obj
 0001:000166d0       ??0?$basic_ostream@GU?$char_traits@G@std@@@std@@QAE@PAV?$basic_streambuf@GU?$char_traits@G@std@@@1@_N1@Z 004176d0 f i libcpmt:wiostrea.obj
 0001:0001673a       ??0?$basic_ostream@GU?$char_traits@G@std@@@std@@QAE@W4_Uninitialized@1@@Z 0041773a f i libcpmt:wiostrea.obj
 0001:00016799       ?flush@?$basic_ostream@GU?$char_traits@G@std@@@std@@QAEAAV12@XZ 00417799 f i libcpmt:wiostrea.obj
 0001:000167e3       ??1?$basic_ios@GU?$char_traits@G@std@@@std@@UAE@XZ 004177e3 f i libcpmt:wiostrea.obj
 0001:000167ee       ??0?$basic_istream@GU?$char_traits@G@std@@@std@@QAE@PAV?$basic_streambuf@GU?$char_traits@G@std@@@1@_N@Z 004177ee f i libcpmt:wiostrea.obj
 0001:00016856       ??0?$basic_istream@GU?$char_traits@G@std@@@std@@QAE@W4_Uninitialized@1@@Z 00417856 f i libcpmt:wiostrea.obj
 0001:000168b5       ??0?$basic_filebuf@GU?$char_traits@G@std@@@std@@QAE@PAU_iobuf@@@Z 004178b5 f i libcpmt:wiostrea.obj
 0001:00016915       ??1?$basic_streambuf@GU?$char_traits@G@std@@@std@@UAE@XZ 00417915 f i libcpmt:wiostrea.obj
 0001:00016923       ?overflow@?$basic_streambuf@GU?$char_traits@G@std@@@std@@MAEGG@Z 00417923 f i libcpmt:wiostrea.obj
 0001:0001692a       ?pbackfail@?$basic_streambuf@GU?$char_traits@G@std@@@std@@MAEGG@Z 0041792a f i libcpmt:wiostrea.obj
 0001:00016931       ?showmanyc@?$basic_streambuf@GU?$char_traits@G@std@@@std@@MAEHXZ 00417931 f i libcpmt:wiostrea.obj
 0001:00016934       ?underflow@?$basic_streambuf@GU?$char_traits@G@std@@@std@@MAEGXZ 00417934 f i libcpmt:wiostrea.obj
 0001:00016939       ?uflow@?$basic_streambuf@GU?$char_traits@G@std@@@std@@MAEGXZ 00417939 f i libcpmt:wiostrea.obj
 0001:0001695a       ?xsgetn@?$basic_streambuf@GU?$char_traits@G@std@@@std@@MAEHPAGH@Z 0041795a f i libcpmt:wiostrea.obj
 0001:000169e1       ?xsputn@?$basic_streambuf@GU?$char_traits@G@std@@@std@@MAEHPBGH@Z 004179e1 f i libcpmt:wiostrea.obj
 0001:00016a69       ?seekoff@?$basic_streambuf@GU?$char_traits@G@std@@@std@@MAE?AV?$fpos@H@2@JW4seekdir@ios_base@2@H@Z 00417a69 f i libcpmt:wiostrea.obj
 0001:00016a8d       ?seekpos@?$basic_streambuf@GU?$char_traits@G@std@@@std@@MAE?AV?$fpos@H@2@V32@H@Z 00417a8d f i libcpmt:wiostrea.obj
 0001:00016ab1       ?setbuf@?$basic_streambuf@GU?$char_traits@G@std@@@std@@MAEPAV12@PAGH@Z 00417ab1 f i libcpmt:wiostrea.obj
 0001:00016ab6       ?sync@?$basic_streambuf@GU?$char_traits@G@std@@@std@@MAEHXZ 00417ab6 f i libcpmt:wiostrea.obj
 0001:00016ab9       ?imbue@?$basic_streambuf@GU?$char_traits@G@std@@@std@@MAEXABVlocale@2@@Z 00417ab9 f i libcpmt:wiostrea.obj
 0001:00016abc       ??0?$basic_filebuf@GU?$char_traits@G@std@@@std@@QAE@W4_Uninitialized@1@@Z 00417abc f i libcpmt:wiostrea.obj
 0001:00016ac7       ??1?$basic_filebuf@GU?$char_traits@G@std@@@std@@UAE@XZ 00417ac7 f i libcpmt:wiostrea.obj
 0001:00016b2c       ?overflow@?$basic_filebuf@GU?$char_traits@G@std@@@std@@MAEGG@Z 00417b2c f i libcpmt:wiostrea.obj
 0001:00016c74       ?pbackfail@?$basic_filebuf@GU?$char_traits@G@std@@@std@@MAEGG@Z 00417c74 f i libcpmt:wiostrea.obj
 0001:00016d2b       ?underflow@?$basic_filebuf@GU?$char_traits@G@std@@@std@@MAEGXZ 00417d2b f i libcpmt:wiostrea.obj
 0001:00016d59       ?uflow@?$basic_filebuf@GU?$char_traits@G@std@@@std@@MAEGXZ 00417d59 f i libcpmt:wiostrea.obj
 0001:00016e77       ?seekoff@?$basic_filebuf@GU?$char_traits@G@std@@@std@@MAE?AV?$fpos@H@2@JW4seekdir@ios_base@2@H@Z 00417e77 f i libcpmt:wiostrea.obj
 0001:00016ee6       ?seekpos@?$basic_filebuf@GU?$char_traits@G@std@@@std@@MAE?AV?$fpos@H@2@V32@H@Z 00417ee6 f i libcpmt:wiostrea.obj
 0001:00016f95       ?setbuf@?$basic_filebuf@GU?$char_traits@G@std@@@std@@MAEPAV?$basic_streambuf@GU?$char_traits@G@std@@@2@PAGH@Z 00417f95 f i libcpmt:wiostrea.obj
 0001:00016fc3       ?sync@?$basic_filebuf@GU?$char_traits@G@std@@@std@@MAEHXZ 00417fc3 f i libcpmt:wiostrea.obj
 0001:00016fdc       ??_G?$basic_ostream@GU?$char_traits@G@std@@@std@@UAEPAXI@Z 00417fdc f i libcpmt:wiostrea.obj
 0001:00016fdc       ??_E?$basic_ostream@GU?$char_traits@G@std@@@std@@UAEPAXI@Z 00417fdc f i libcpmt:wiostrea.obj
 0001:00016ffb       ??_E?$basic_ios@GU?$char_traits@G@std@@@std@@UAEPAXI@Z 00417ffb f i libcpmt:wiostrea.obj
 0001:00016ffb       ??_G?$basic_ios@GU?$char_traits@G@std@@@std@@UAEPAXI@Z 00417ffb f i libcpmt:wiostrea.obj
 0001:00017017       ??_E?$basic_istream@GU?$char_traits@G@std@@@std@@UAEPAXI@Z 00418017 f i libcpmt:wiostrea.obj
 0001:00017017       ??_G?$basic_istream@GU?$char_traits@G@std@@@std@@UAEPAXI@Z 00418017 f i libcpmt:wiostrea.obj
 0001:00017036       ??_E?$basic_streambuf@GU?$char_traits@G@std@@@std@@UAEPAXI@Z 00418036 f i libcpmt:wiostrea.obj
 0001:00017036       ??_G?$basic_streambuf@GU?$char_traits@G@std@@@std@@UAEPAXI@Z 00418036 f i libcpmt:wiostrea.obj
 0001:00017052       ??_G?$basic_filebuf@GU?$char_traits@G@std@@@std@@UAEPAXI@Z 00418052 f i libcpmt:wiostrea.obj
 0001:00017052       ??_E?$basic_filebuf@GU?$char_traits@G@std@@@std@@UAEPAXI@Z 00418052 f i libcpmt:wiostrea.obj
 0001:0001706e       ?init@?$basic_ios@GU?$char_traits@G@std@@@std@@IAEXPAV?$basic_streambuf@GU?$char_traits@G@std@@@2@_N@Z 0041806e f i libcpmt:wiostrea.obj
 0001:000170b8       ?gbump@?$basic_streambuf@GU?$char_traits@G@std@@@std@@IAEXH@Z 004180b8 f i libcpmt:wiostrea.obj
 0001:000170cc       ?_Gndec@?$basic_streambuf@GU?$char_traits@G@std@@@std@@IAEPAGXZ 004180cc f i libcpmt:wiostrea.obj
 0001:000170dd       ?_Gninc@?$basic_streambuf@GU?$char_traits@G@std@@@std@@IAEPAGXZ 004180dd f i libcpmt:wiostrea.obj
 0001:000170ed       ?pbump@?$basic_streambuf@GU?$char_traits@G@std@@@std@@IAEXH@Z 004180ed f i libcpmt:wiostrea.obj
 0001:00017101       ?_Pninc@?$basic_streambuf@GU?$char_traits@G@std@@@std@@IAEPAGXZ 00418101 f i libcpmt:wiostrea.obj
 0001:00017111       ?close@?$basic_filebuf@GU?$char_traits@G@std@@@std@@QAEPAV12@XZ 00418111 f i libcpmt:wiostrea.obj
 0001:00017138       ?_Init@?$basic_filebuf@GU?$char_traits@G@std@@@std@@IAEXPAU_iobuf@@W4_Initfl@12@@Z 00418138 f i libcpmt:wiostrea.obj
 0001:0001718e       ?_Init@?$basic_streambuf@GU?$char_traits@G@std@@@std@@IAEXXZ 0041818e f i libcpmt:wiostrea.obj
 0001:00017212       ?_Nomemory@std@@YAXXZ      00418212 f   libcpmt:nomemory.obj
 0001:0001725d       ??0bad_alloc@std@@QAE@PBD@Z 0041825d f i libcpmt:nomemory.obj
 0001:00017276       ??1bad_alloc@std@@UAE@XZ   00418276 f i libcpmt:nomemory.obj
 0001:00017281       ?_Doraise@bad_alloc@std@@MBEXXZ 00418281 f i libcpmt:nomemory.obj
 0001:0001729e       ??_Ebad_alloc@std@@UAEPAXI@Z 0041829e f i libcpmt:nomemory.obj
 0001:0001729e       ??_Gbad_alloc@std@@UAEPAXI@Z 0041829e f i libcpmt:nomemory.obj
 0001:000172ba       ??0bad_alloc@std@@QAE@ABV01@@Z 004182ba f i libcpmt:nomemory.obj
 0001:000172dc       ?_Makewloc@_Locimp@locale@std@@CAXABV_Locinfo@3@HPAV123@PBV23@@Z 004182dc f   libcpmt:wlocale.obj
 0001:0001782e       ??1_Timevec@std@@QAE@XZ    0041882e f i libcpmt:wlocale.obj
 0001:00017837       ?do_in@?$codecvt@GDH@std@@MBEHAAHPBD1AAPBDPAG3AAPAG@Z 00418837 f i libcpmt:wlocale.obj
 0001:000178b9       ?do_out@?$codecvt@GDH@std@@MBEHAAHPBG1AAPBGPAD3AAPAD@Z 004188b9 f i libcpmt:wlocale.obj
 0001:0001798c       ?do_length@?$codecvt@GDH@std@@MBEHAAHPBG1I@Z 0041898c f i libcpmt:wlocale.obj
 0001:000179db       ?do_always_noconv@?$codecvt@GDH@std@@MBE_NXZ 004189db f i libcpmt:wlocale.obj
 0001:000179de       ?do_max_length@?$codecvt@GDH@std@@MBEHXZ 004189de f i libcpmt:wlocale.obj
 0001:000179e2       ?do_encoding@?$codecvt@GDH@std@@MBEHXZ 004189e2 f i libcpmt:wlocale.obj
 0001:000179e5       ??_G?$codecvt@GDH@std@@UAEPAXI@Z 004189e5 f i libcpmt:wlocale.obj
 0001:000179e5       ??_E?$codecvt@GDH@std@@UAEPAXI@Z 004189e5 f i libcpmt:wlocale.obj
 0001:00017a01       ??1?$codecvt@GDH@std@@UAE@XZ 00418a01 f i libcpmt:wlocale.obj
 0001:00017a08       ??1time_base@std@@UAE@XZ   00418a08 f i libcpmt:wlocale.obj
 0001:00017a0f       ??1messages_base@std@@UAE@XZ 00418a0f f i libcpmt:wlocale.obj
 0001:00017a16       ?do_is@?$ctype@G@std@@MBE_NFG@Z 00418a16 f i libcpmt:wlocale.obj
 0001:00017a3d       ?do_is@?$ctype@G@std@@MBEPBGPBG0PAF@Z 00418a3d f i libcpmt:wlocale.obj
 0001:00017a7c       ?do_scan_is@?$ctype@G@std@@MBEPBGFPBG0@Z 00418a7c f i libcpmt:wlocale.obj
 0001:00017aa8       ?do_scan_not@?$ctype@G@std@@MBEPBGFPBG0@Z 00418aa8 f i libcpmt:wlocale.obj
 0001:00017ad4       ?do_tolower@?$ctype@G@std@@MBEGG@Z 00418ad4 f i libcpmt:wlocale.obj
 0001:00017b05       ?do_tolower@?$ctype@G@std@@MBEPBGPAGPBG@Z 00418b05 f i libcpmt:wlocale.obj
 0001:00017b32       ?do_toupper@?$ctype@G@std@@MBEGG@Z 00418b32 f i libcpmt:wlocale.obj
 0001:00017b63       ?do_toupper@?$ctype@G@std@@MBEPBGPAGPBG@Z 00418b63 f i libcpmt:wlocale.obj
 0001:00017b90       ?do_widen@?$ctype@G@std@@MBEGD@Z 00418b90 f i libcpmt:wlocale.obj
 0001:00017b9f       ?do_widen@?$ctype@G@std@@MBEPBDPBD0PAG@Z 00418b9f f i libcpmt:wlocale.obj
 0001:00017bcc       ?do_narrow@?$ctype@G@std@@MBEDGD@Z 00418bcc f i libcpmt:wlocale.obj
 0001:00017bd9       ?do_narrow@?$ctype@G@std@@MBEPBGPBG0DPAD@Z 00418bd9 f i libcpmt:wlocale.obj
 0001:00017c05       ?do_put@?$time_put@GV?$ostreambuf_iterator@GU?$char_traits@G@std@@@std@@@std@@MBE?AV?$ostreambuf_iterator@GU?$char_traits@G@std@@@2@V32@AAVios_base@2@PBUtm@@DD@Z 00418c05 f i libcpmt:wlocale.obj
 0001:00017ce1       ?do_get@?$num_get@GV?$istreambuf_iterator@GU?$char_traits@G@std@@@std@@@std@@MBE?AV?$istreambuf_iterator@GU?$char_traits@G@std@@@2@V32@0AAVios_base@2@AAHAA_N@Z 00418ce1 f i libcpmt:wlocale.obj
 0001:00017e8b       ?do_get@?$num_get@GV?$istreambuf_iterator@GU?$char_traits@G@std@@@std@@@std@@MBE?AV?$istreambuf_iterator@GU?$char_traits@G@std@@@2@V32@0AAVios_base@2@AAHAAG@Z 00418e8b f i libcpmt:wlocale.obj
 0001:00017f57       ?do_get@?$num_get@GV?$istreambuf_iterator@GU?$char_traits@G@std@@@std@@@std@@MBE?AV?$istreambuf_iterator@GU?$char_traits@G@std@@@2@V32@0AAVios_base@2@AAHAAI@Z 00418f57 f i libcpmt:wlocale.obj
 0001:0001801f       ?do_get@?$num_get@GV?$istreambuf_iterator@GU?$char_traits@G@std@@@std@@@std@@MBE?AV?$istreambuf_iterator@GU?$char_traits@G@std@@@2@V32@0AAVios_base@2@AAHAAJ@Z 0041901f f i libcpmt:wlocale.obj
 0001:000180cd       ?do_get@?$num_get@GV?$istreambuf_iterator@GU?$char_traits@G@std@@@std@@@std@@MBE?AV?$istreambuf_iterator@GU?$char_traits@G@std@@@2@V32@0AAVios_base@2@AAHAAK@Z 004190cd f i libcpmt:wlocale.obj
 0001:0001817b       ?do_get@?$num_get@GV?$istreambuf_iterator@GU?$char_traits@G@std@@@std@@@std@@MBE?AV?$istreambuf_iterator@GU?$char_traits@G@std@@@2@V32@0AAVios_base@2@AAHAAM@Z 0041917b f i libcpmt:wlocale.obj
 0001:00018225       ?do_get@?$num_get@GV?$istreambuf_iterator@GU?$char_traits@G@std@@@std@@@std@@MBE?AV?$istreambuf_iterator@GU?$char_traits@G@std@@@2@V32@0AAVios_base@2@AAHAAN@Z 00419225 f i libcpmt:wlocale.obj
 0001:000182cf       ?do_get@?$num_get@GV?$istreambuf_iterator@GU?$char_traits@G@std@@@std@@@std@@MBE?AV?$istreambuf_iterator@GU?$char_traits@G@std@@@2@V32@0AAVios_base@2@AAHAAO@Z 004192cf f i libcpmt:wlocale.obj
 0001:00018379       ?do_get@?$num_get@GV?$istreambuf_iterator@GU?$char_traits@G@std@@@std@@@std@@MBE?AV?$istreambuf_iterator@GU?$char_traits@G@std@@@2@V32@0AAVios_base@2@AAHAAPAX@Z 00419379 f i libcpmt:wlocale.obj
 0001:00018477       ?do_put@?$num_put@GV?$ostreambuf_iterator@GU?$char_traits@G@std@@@std@@@std@@MBE?AV?$ostreambuf_iterator@GU?$char_traits@G@std@@@2@V32@AAVios_base@2@G_N@Z 00419477 f i libcpmt:wlocale.obj
 0001:0001862a       ?do_put@?$num_put@GV?$ostreambuf_iterator@GU?$char_traits@G@std@@@std@@@std@@MBE?AV?$ostreambuf_iterator@GU?$char_traits@G@std@@@2@V32@AAVios_base@2@GJ@Z 0041962a f i libcpmt:wlocale.obj
 0001:00018682       ?do_put@?$num_put@GV?$ostreambuf_iterator@GU?$char_traits@G@std@@@std@@@std@@MBE?AV?$ostreambuf_iterator@GU?$char_traits@G@std@@@2@V32@AAVios_base@2@GK@Z 00419682 f i libcpmt:wlocale.obj
 0001:000186da       ?do_put@?$num_put@GV?$ostreambuf_iterator@GU?$char_traits@G@std@@@std@@@std@@MBE?AV?$ostreambuf_iterator@GU?$char_traits@G@std@@@2@V32@AAVios_base@2@GN@Z 004196da f i libcpmt:wlocale.obj
 0001:00018758       ?do_put@?$num_put@GV?$ostreambuf_iterator@GU?$char_traits@G@std@@@std@@@std@@MBE?AV?$ostreambuf_iterator@GU?$char_traits@G@std@@@2@V32@AAVios_base@2@GO@Z 00419758 f i libcpmt:wlocale.obj
 0001:000187d6       ?do_put@?$num_put@GV?$ostreambuf_iterator@GU?$char_traits@G@std@@@std@@@std@@MBE?AV?$ostreambuf_iterator@GU?$char_traits@G@std@@@2@V32@AAVios_base@2@GPBX@Z 004197d6 f i libcpmt:wlocale.obj
 0001:000188a8       ?do_decimal_point@?$numpunct@G@std@@MBEGXZ 004198a8 f i libcpmt:wlocale.obj
 0001:000188ad       ?do_thousands_sep@?$numpunct@G@std@@MBEGXZ 004198ad f i libcpmt:wlocale.obj
 0001:000188b2       ?do_grouping@?$numpunct@G@std@@MBE?AV?$basic_string@DU?$char_traits@D@std@@V?$allocator@D@2@@2@XZ 004198b2 f i libcpmt:wlocale.obj
 0001:000188e8       ?do_falsename@?$numpunct@G@std@@MBE?AV?$basic_string@GU?$char_traits@G@std@@V?$allocator@G@2@@2@XZ 004198e8 f i libcpmt:wlocale.obj
 0001:0001891e       ?do_truename@?$numpunct@G@std@@MBE?AV?$basic_string@GU?$char_traits@G@std@@V?$allocator@G@2@@2@XZ 0041991e f i libcpmt:wlocale.obj
 0001:00018954       ?do_compare@?$collate@G@std@@MBEHPBG000@Z 00419954 f i libcpmt:wlocale.obj
 0001:00018997       ?do_transform@?$collate@G@std@@MBE?AV?$basic_string@GU?$char_traits@G@std@@V?$allocator@G@2@@2@PBG0@Z 00419997 f i libcpmt:wlocale.obj
 0001:00018a6e       ?do_hash@?$collate@G@std@@MBEJPBG0@Z 00419a6e f i libcpmt:wlocale.obj
 0001:00018a90       ?do_open@?$messages@G@std@@MBEHABV?$basic_string@DU?$char_traits@D@std@@V?$allocator@D@2@@2@ABVlocale@2@@Z 00419a90 f i libcpmt:wlocale.obj
 0001:00018a95       ?do_get@?$messages@G@std@@MBE?AV?$basic_string@GU?$char_traits@G@std@@V?$allocator@G@2@@2@HHHABV32@@Z 00419a95 f i libcpmt:wlocale.obj
 0001:00018b06       ?do_close@?$messages@G@std@@MBEXH@Z 00419b06 f i libcpmt:wlocale.obj
 0001:00018b09       ?do_get@?$money_get@GV?$istreambuf_iterator@GU?$char_traits@G@std@@@std@@@std@@MBE?AV?$istreambuf_iterator@GU?$char_traits@G@std@@@2@V32@0_NAAVios_base@2@AAHAAO@Z 00419b09 f i libcpmt:wlocale.obj
 0001:00018c3e       ?do_get@?$money_get@GV?$istreambuf_iterator@GU?$char_traits@G@std@@@std@@@std@@MBE?AV?$istreambuf_iterator@GU?$char_traits@G@std@@@2@V32@0_NAAVios_base@2@AAHAAV?$basic_string@GU?$char_traits@G@std@@V?$allocator@G@2@@2@@Z 00419c3e f i libcpmt:wlocale.obj
 0001:00018cc8       ?do_put@?$money_put@GV?$ostreambuf_iterator@GU?$char_traits@G@std@@@std@@@std@@MBE?AV?$ostreambuf_iterator@GU?$char_traits@G@std@@@2@V32@_NAAVios_base@2@GO@Z 00419cc8 f i libcpmt:wlocale.obj
 0001:00018dfc       ?do_put@?$money_put@GV?$ostreambuf_iterator@GU?$char_traits@G@std@@@std@@@std@@MBE?AV?$ostreambuf_iterator@GU?$char_traits@G@std@@@2@V32@_NAAVios_base@2@GABV?$basic_string@GU?$char_traits@G@std@@V?$allocator@G@2@@2@@Z 00419dfc f i libcpmt:wlocale.obj
 0001:00018f38       ?do_decimal_point@?$_Mpunct@G@std@@MBEGXZ 00419f38 f i libcpmt:wlocale.obj
 0001:00018f3d       ?do_thousands_sep@?$_Mpunct@G@std@@MBEGXZ 00419f3d f i libcpmt:wlocale.obj
 0001:00018f42       ?do_grouping@?$_Mpunct@G@std@@MBE?AV?$basic_string@DU?$char_traits@D@std@@V?$allocator@D@2@@2@XZ 00419f42 f i libcpmt:wlocale.obj
 0001:00018f78       ?do_curr_symbol@?$_Mpunct@G@std@@MBE?AV?$basic_string@GU?$char_traits@G@std@@V?$allocator@G@2@@2@XZ 00419f78 f i libcpmt:wlocale.obj
 0001:00018fae       ?do_positive_sign@?$_Mpunct@G@std@@MBE?AV?$basic_string@GU?$char_traits@G@std@@V?$allocator@G@2@@2@XZ 00419fae f i libcpmt:wlocale.obj
 0001:00018fe4       ?do_negative_sign@?$_Mpunct@G@std@@MBE?AV?$basic_string@GU?$char_traits@G@std@@V?$allocator@G@2@@2@XZ 00419fe4 f i libcpmt:wlocale.obj
 0001:0001901a       ?do_frac_digits@?$_Mpunct@G@std@@MBEHXZ 0041a01a f i libcpmt:wlocale.obj
 0001:0001901e       ?do_pos_format@?$_Mpunct@G@std@@MBE?AUpattern@money_base@2@XZ 0041a01e f i libcpmt:wlocale.obj
 0001:0001902a       ?do_neg_format@?$_Mpunct@G@std@@MBE?AUpattern@money_base@2@XZ 0041a02a f i libcpmt:wlocale.obj
 0001:00019036       ?do_date_order@?$time_get@GV?$istreambuf_iterator@GU?$char_traits@G@std@@@std@@@std@@MBEHXZ 0041a036 f i libcpmt:wlocale.obj
 0001:0001903a       ?do_get_time@?$time_get@GV?$istreambuf_iterator@GU?$char_traits@G@std@@@std@@@std@@MBE?AV?$istreambuf_iterator@GU?$char_traits@G@std@@@2@V32@0AAVios_base@2@AAHPAUtm@@@Z 0041a03a f i libcpmt:wlocale.obj
 0001:000190fe       ?do_get_date@?$time_get@GV?$istreambuf_iterator@GU?$char_traits@G@std@@@std@@@std@@MBE?AV?$istreambuf_iterator@GU?$char_traits@G@std@@@2@V32@0AAVios_base@2@AAHPAUtm@@@Z 0041a0fe f i libcpmt:wlocale.obj
 0001:0001922f       ?do_get_weekday@?$time_get@GV?$istreambuf_iterator@GU?$char_traits@G@std@@@std@@@std@@MBE?AV?$istreambuf_iterator@GU?$char_traits@G@std@@@2@V32@0AAVios_base@2@AAHPAUtm@@@Z 0041a22f f i libcpmt:wlocale.obj
 0001:0001926d       ?do_get_monthname@?$time_get@GV?$istreambuf_iterator@GU?$char_traits@G@std@@@std@@@std@@MBE?AV?$istreambuf_iterator@GU?$char_traits@G@std@@@2@V32@0AAVios_base@2@AAHPAUtm@@@Z 0041a26d f i libcpmt:wlocale.obj
 0001:000192ab       ?do_get_year@?$time_get@GV?$istreambuf_iterator@GU?$char_traits@G@std@@@std@@@std@@MBE?AV?$istreambuf_iterator@GU?$char_traits@G@std@@@2@V32@0AAVios_base@2@AAHPAUtm@@@Z 0041a2ab f i libcpmt:wlocale.obj
[...]
 0001:00010bc0       _$E49                      00411bc0 f   common:Utils.obj
 0001:00010fd0       _$E51                      00411fd0 f   common:Utils.obj
 0001:00012860       _$E58                      00413860 f   common:Utils.obj
 0001:00012880       _$E57                      00413880 f   common:Utils.obj
 0001:0000f050       _$E21                      00410050 f   common:Win32Exception.obj
 0001:0000f070       _$E20                      00410070 f   common:Win32Exception.obj
 0001:0000ed40       _$E23                      0040fd40 f   common:Buffer.obj
 0001:0000ed60       _$E22                      0040fd60 f   common:Buffer.obj
 0001:0000cab0       _$E19                      0040dab0 f   common:UsesWinsock.obj
 0001:0000cad0       _$E18                      0040dad0 f   common:UsesWinsock.obj
 0001:0000c7c0       _$E19                      0040d7c0 f   common:Library.obj
 0001:0000c7e0       _$E18                      0040d7e0 f   common:Library.obj
 0001:0000c5a0       _$E19                      0040d5a0 f   common:Exception.obj
 0001:0000c5c0       _$E18                      0040d5c0 f   common:Exception.obj
 0001:00020abd       __Mbrtowc_lk               00421abd f   libcpmt:xmbtowc.obj
 0001:00020389       _$E37                      00421389 f   libcpmt:xlocale.obj
 0001:0002039e       _$E36                      0042139e f   libcpmt:xlocale.obj
 0001:0001d4c0       _$E47                      0041e4c0 f   libcpmt:wlocale.obj
 0001:0001d4d5       _$E46                      0041e4d5 f   libcpmt:wlocale.obj
 0001:000172d2       _$E2                       004182d2 f   libcpmt:nomemory.obj
 0001:0001634b       _$E18                      0041734b f   libcpmt:wiostrea.obj
 0001:00016355       _$E15                      00417355 f   libcpmt:wiostrea.obj
 0001:0001635f       _$E17                      0041735f f   libcpmt:wiostrea.obj
 0001:0001636b       _$E16                      0041736b f   libcpmt:wiostrea.obj
 0001:00016375       _$E24                      00417375 f   libcpmt:wiostrea.obj
 0001:0001637f       _$E21                      0041737f f   libcpmt:wiostrea.obj
 0001:00016389       _$E23                      00417389 f   libcpmt:wiostrea.obj
 0001:00016395       _$E22                      00417395 f   libcpmt:wiostrea.obj
 0001:0001639f       _$E29                      0041739f f   libcpmt:wiostrea.obj
 0001:000163a9       _$E26                      004173a9 f   libcpmt:wiostrea.obj
 0001:000163b6       _$E28                      004173b6 f   libcpmt:wiostrea.obj
 0001:000163c2       _$E27                      004173c2 f   libcpmt:wiostrea.obj
 0001:000163cc       _$E34                      004173cc f   libcpmt:wiostrea.obj
 0001:000163d6       _$E31                      004173d6 f   libcpmt:wiostrea.obj
 0001:000163e3       _$E33                      004173e3 f   libcpmt:wiostrea.obj
 0001:000163ef       _$E32                      004173ef f   libcpmt:wiostrea.obj
 0001:000163f9       _$E39                      004173f9 f   libcpmt:wiostrea.obj
 0001:00016403       _$E36                      00417403 f   libcpmt:wiostrea.obj
 0001:00016410       _$E38                      00417410 f   libcpmt:wiostrea.obj
 0001:0001641c       _$E37                      0041741c f   libcpmt:wiostrea.obj
 0001:00016426       _$E44                      00417426 f   libcpmt:wiostrea.obj
 0001:00016430       _$E41                      00417430 f   libcpmt:wiostrea.obj
 0001:0001643f       _$E43                      0041743f f   libcpmt:wiostrea.obj
 0001:0001644b       _$E42                      0041744b f   libcpmt:wiostrea.obj
 0001:0001646a       _$E49                      0041746a f   libcpmt:wiostrea.obj
 0001:00016474       _$E46                      00417474 f   libcpmt:wiostrea.obj
 0001:00016483       _$E48                      00417483 f   libcpmt:wiostrea.obj
 0001:0001648f       _$E47                      0041748f f   libcpmt:wiostrea.obj
 0001:000164ae       _$E54                      004174ae f   libcpmt:wiostrea.obj
 0001:000164b8       _$E51                      004174b8 f   libcpmt:wiostrea.obj
 0001:000164c7       _$E53                      004174c7 f   libcpmt:wiostrea.obj
 0001:000164d3       _$E52                      004174d3 f   libcpmt:wiostrea.obj
 0001:000164dd       _$E59                      004174dd f   libcpmt:wiostrea.obj
 0001:000164e7       _$E56                      004174e7 f   libcpmt:wiostrea.obj
 0001:000164f6       _$E58                      004174f6 f   libcpmt:wiostrea.obj
 0001:00016502       _$E57                      00417502 f   libcpmt:wiostrea.obj
 0001:000171d0       _$E70                      004181d0 f   libcpmt:wiostrea.obj
 0001:000171fa       _$E66                      004181fa f   libcpmt:wiostrea.obj
 0001:00017206       _$E69                      00418206 f   libcpmt:wiostrea.obj
 0001:00015d7a       _$E18                      00416d7a f   libcpmt:iostream.obj
 0001:00015d84       _$E15                      00416d84 f   libcpmt:iostream.obj
 0001:00015d91       _$E17                      00416d91 f   libcpmt:iostream.obj
 0001:00015d9d       _$E16                      00416d9d f   libcpmt:iostream.obj
 0001:00015da7       _$E23                      00416da7 f   libcpmt:iostream.obj
 0001:00015db1       _$E20                      00416db1 f   libcpmt:iostream.obj
 0001:00015dbe       _$E22                      00416dbe f   libcpmt:iostream.obj
 0001:00015dca       _$E21                      00416dca f   libcpmt:iostream.obj
 0001:00015dd4       _$E28                      00416dd4 f   libcpmt:iostream.obj
 0001:00015dde       _$E25                      00416dde f   libcpmt:iostream.obj
 0001:00015ded       _$E27                      00416ded f   libcpmt:iostream.obj
 0001:00015df9       _$E26                      00416df9 f   libcpmt:iostream.obj
 0001:00015e18       _$E33                      00416e18 f   libcpmt:iostream.obj
 0001:00015e22       _$E30                      00416e22 f   libcpmt:iostream.obj
 0001:00015e31       _$E32                      00416e31 f   libcpmt:iostream.obj
 0001:00015e3d       _$E31                      00416e3d f   libcpmt:iostream.obj
 0001:00015e5c       _$E38                      00416e5c f   libcpmt:iostream.obj
 0001:00015e66       _$E35                      00416e66 f   libcpmt:iostream.obj
 0001:00015e73       _$E37                      00416e73 f   libcpmt:iostream.obj
 0001:00015e7f       _$E36                      00416e7f f   libcpmt:iostream.obj
 0001:00015e89       _$E43                      00416e89 f   libcpmt:iostream.obj
 0001:00015e93       _$E40                      00416e93 f   libcpmt:iostream.obj
 0001:00015ea2       _$E42                      00416ea2 f   libcpmt:iostream.obj
 0001:00015eae       _$E41                      00416eae f   libcpmt:iostream.obj
 0001:00015eb8       _$E48                      00416eb8 f   libcpmt:iostream.obj
 0001:00015ec2       _$E45                      00416ec2 f   libcpmt:iostream.obj
 0001:00015ed1       _$E47                      00416ed1 f   libcpmt:iostream.obj
 0001:00015edd       _$E46                      00416edd f   libcpmt:iostream.obj
 0001:00016309       _$E60                      00417309 f   libcpmt:iostream.obj
 0001:00016333       _$E56                      00417333 f   libcpmt:iostream.obj
 0001:0001633f       _$E59                      0041733f f   libcpmt:iostream.obj
 0001:00015d38       _$E32                      00416d38 f   libcpmt:locale.obj
 0001:00015d62       _$E28                      00416d62 f   libcpmt:locale.obj
 0001:00015d6e       _$E31                      00416d6e f   libcpmt:locale.obj
 0001:00013742       _$E24                      00414742 f   libcpmt:string.obj
 0001:0001376c       _$E20                      0041476c f   libcpmt:string.obj
 0001:00013778       _$E23                      00414778 f   libcpmt:string.obj
 0001:00012f1d       _$E18                      00413f1d f   libcpmt:locale0.obj
 0001:00012f27       _$E15                      00413f27 f   libcpmt:locale0.obj
 0001:00012f28       _$E17                      00413f28 f   libcpmt:locale0.obj
 0001:00012f34       _$E16                      00413f34 f   libcpmt:locale0.obj
 0001:000133eb       _$E29                      004143eb f   libcpmt:locale0.obj
 0001:00013415       _$E25                      00414415 f   libcpmt:locale0.obj
 0001:00013421       _$E28                      00414421 f   libcpmt:locale0.obj
 0001:00012eea       ?_CleanUp@std@@YAXXZ       00413eea f   libcpmt:xlock.obj
 0001:0002ed1e       _findenv                   0042fd1e f   LIBCMT:setenv.obj
 0001:0002ed76       _copy_environ              0042fd76 f   LIBCMT:setenv.obj
 0001:0002e930       _ctrlevent_capture@4       0042f930 f   LIBCMT:winsig.obj
 0001:0002eb14       _siglookup                 0042fb14 f   LIBCMT:winsig.obj
 0001:0002e023       _xtoa                      0042f023 f   LIBCMT:xtoa.obj
 0001:0002e0f5       _x64toa@20                 0042f0f5 f   LIBCMT:xtoa.obj
 0001:0002d6e5       _getSystemCP               0042e6e5 f   LIBCMT:mbctype.obj
 0001:0002d72f       _CPtoLCID                  0042e72f f   LIBCMT:mbctype.obj
 0001:0002d762       _setSBCS                   0042e762 f   LIBCMT:mbctype.obj
 0001:0002d78b       _setSBUpLow                0042e78b f   LIBCMT:mbctype.obj
 0001:0002c612       __abstract_cw              0042d612 f   LIBCMT:ieee87.obj
 0001:0002c6a4       __hw_cw                    0042d6a4 f   LIBCMT:ieee87.obj
 0001:0002c72d       __abstract_sw              0042d72d f   LIBCMT:ieee87.obj
 0001:0002b59e       __tzset_lk                 0042c59e f   LIBCMT:tzset.obj
 0001:0002b846       __isindst_lk               0042c846 f   LIBCMT:tzset.obj
 0001:0002b9f2       _cvtdate                   0042c9f2 f   LIBCMT:tzset.obj
 0001:0002a8e7       _TranslateName             0042b8e7 f   LIBCMT:getqloc.obj
 0001:0002a93f       _GetLcidFromLangCountry    0042b93f f   LIBCMT:getqloc.obj
 0001:0002a9c6       _LangCountryEnumProc@4     0042b9c6 f   LIBCMT:getqloc.obj
 0001:0002abca       _GetLcidFromLanguage       0042bbca f   LIBCMT:getqloc.obj
 0001:0002ac20       _LanguageEnumProc@4        0042bc20 f   LIBCMT:getqloc.obj
 0001:0002acdd       _GetLcidFromCountry        0042bcdd f   LIBCMT:getqloc.obj
 0001:0002ad14       _CountryEnumProc@4         0042bd14 f   LIBCMT:getqloc.obj
 0001:0002ad9a       _GetLcidFromDefault        0042bd9a f   LIBCMT:getqloc.obj
 0001:0002adb4       _ProcessCodePage           0042bdb4 f   LIBCMT:getqloc.obj
 0001:0002ae1a       _TestDefaultCountry        0042be1a f   LIBCMT:getqloc.obj
 0001:0002ae39       _TestDefaultLanguage       0042be39 f   LIBCMT:getqloc.obj
 0001:0002ae9b       _IsThisWindowsNT           0042be9b f   LIBCMT:getqloc.obj
 0001:0002aed1       _crtGetLocaleInfoA@16      0042bed1 f   LIBCMT:getqloc.obj
 0001:0002afb7       _LcidFromHexString         0042bfb7 f   LIBCMT:getqloc.obj
 0001:0002aff0       _GetPrimaryLen             0042bff0 f   LIBCMT:getqloc.obj
 0001:0002a2f5       __get_lc_lconv             0042b2f5 f   LIBCMT:initmon.obj
 0001:0002a417       _fix_grouping              0042b417 f   LIBCMT:initmon.obj
 0001:0002a44e       __free_lc_lconv            0042b44e f   LIBCMT:initmon.obj
 0001:0002a1f3       _fix_grouping              0042b1f3 f   LIBCMT:initnum.obj
 0001:00029b40       __get_lc_time              0042ab40 f   LIBCMT:inittime.obj
 0001:00029e8e       __free_lc_time             0042ae8e f   LIBCMT:inittime.obj
 0001:00027c89       _parse_cmdline             00428c89 f   LIBCMT:stdargv.obj
 0001:00027afd       _xcptlookup                00428afd f   LIBCMT:winxfltr.obj
 0001:00026ffa       __cftoe2                   00427ffa f   LIBCMT:cvt.obj
 0001:00027111       __cftof2                   00428111 f   LIBCMT:cvt.obj
 0001:0002729c       __shift                    0042829c f   LIBCMT:cvt.obj
 0001:00026d59       _write_char                00427d59 f   LIBCMT:output.obj
 0001:00026d8e       _write_multi_char          00427d8e f   LIBCMT:output.obj
 0001:00026dbf       _write_string              00427dbf f   LIBCMT:output.obj
 0001:00026df7       _get_int_arg               00427df7 f   LIBCMT:output.obj
 0001:00026e04       _get_int64_arg             00427e04 f   LIBCMT:output.obj
 0001:00026e14       _get_short_arg             00427e14 f   LIBCMT:output.obj
 0001:000262d0       _comexecmd                 004272d0 f   LIBCMT:spawnve.obj
 0001:000260b6       _doexit                    004270b6 f   LIBCMT:crt0dat.obj
 0001:0002616d       __initterm                 0042716d f   LIBCMT:crt0dat.obj
 0001:0002540f       ?FindHandler@@YAXPAUEHExceptionRecord@@PAUEHRegistrationNode@@PAU_CONTEXT@@PAXPBU_s_FuncInfo@@EH1@Z 0042640f f   LIBCMT:frame.obj
 0001:000255c2       ?FindHandlerForForeignException@@YAXPAUEHExceptionRecord@@PAUEHRegistrationNode@@PAU_CONTEXT@@PAXPBU_s_FuncInfo@@HH1@Z 004265c2 f   LIBCMT:frame.obj
 0001:0002566c       ?TypeMatch@@YAHPBU_s_HandlerType@@PBU_s_CatchableType@@PBU_s_ThrowInfo@@@Z 0042666c f   LIBCMT:frame.obj
 0001:00025767       ?FrameUnwindFilter@@YAHPAU_EXCEPTION_POINTERS@@@Z 00426767 f   LIBCMT:frame.obj
 0001:0002577d       ?CatchIt@@YAXPAUEHExceptionRecord@@PAUEHRegistrationNode@@PAU_CONTEXT@@PAXPBU_s_FuncInfo@@PBU_s_HandlerType@@PBU_s_CatchableType@@PBU_s_TryBlockMapEntry@@H1E@Z 0042677d f   LIBCMT:frame.obj
 0001:000257f8       ?CallCatchBlock@@YAPAXPAUEHExceptionRecord@@PAUEHRegistrationNode@@PAU_CONTEXT@@PBU_s_FuncInfo@@PAXHK@Z 004267f8 f   LIBCMT:frame.obj
 0001:00025913       ?ExFilterRethrow@@YAHPAU_EXCEPTION_POINTERS@@@Z 00426913 f   LIBCMT:frame.obj
 0001:0002593d       ?BuildCatchObject@@YAXPAUEHExceptionRecord@@PAUEHRegistrationNode@@PBU_s_HandlerType@@PBU_s_CatchableType@@@Z 0042693d f   LIBCMT:frame.obj
 0001:00025b68       ?AdjustPointer@@YAPAXPAXABUPMD@@@Z 00426b68 f   LIBCMT:frame.obj
 0001:000252c4       _strncnt                   004262c4 f   LIBCMT:a_cmp.obj
 0001:00024efd       _strncnt                   00425efd f   LIBCMT:a_map.obj
 0001:000243fc       __expandtime               004253fc f   LIBCMT:strftime.obj
 0001:000247eb       __store_str                004257eb f   LIBCMT:strftime.obj
 0001:00024812       __store_num                00425812 f   LIBCMT:strftime.obj
 0001:00024881       __store_number             00425881 f   LIBCMT:strftime.obj
 0001:000248ca       __store_winword            004258ca f   LIBCMT:strftime.obj
 0001:000237c0       _strtoxl                   004247c0 f   LIBCMT:strtol.obj
 0001:000231b2       __setlocale_set_cat        004241b2 f   LIBCMT:setlocal.obj
 0001:000232cd       __setlocale_get_all        004242cd f   LIBCMT:setlocal.obj
 0001:00022bf0       LeadUp1                    00423bf0 f   LIBCMT:memcpy.obj
 0001:00022c1c       LeadUp2                    00423c1c f   LIBCMT:memcpy.obj
 0001:00022c40       LeadUp3                    00423c40 f   LIBCMT:memcpy.obj
 0001:00022cbf       UnwindUp0                  00423cbf f   LIBCMT:memcpy.obj
 0001:00022cac       UnwindUp1                  00423cac f   LIBCMT:memcpy.obj
 0001:00022ca4       UnwindUp2                  00423ca4 f   LIBCMT:memcpy.obj
 0001:00022c9c       UnwindUp3                  00423c9c f   LIBCMT:memcpy.obj
 0001:00022c94       UnwindUp4                  00423c94 f   LIBCMT:memcpy.obj
 0001:00022c8c       UnwindUp5                  00423c8c f   LIBCMT:memcpy.obj
 0001:00022c84       UnwindUp6                  00423c84 f   LIBCMT:memcpy.obj
 0001:00022c7c       UnwindUp7                  00423c7c f   LIBCMT:memcpy.obj
 0001:00022cd8       TrailUp0                   00423cd8 f   LIBCMT:memcpy.obj
 0001:00022ce0       TrailUp1                   00423ce0 f   LIBCMT:memcpy.obj
 0001:00022cec       TrailUp2                   00423cec f   LIBCMT:memcpy.obj
 0001:00022d00       TrailUp3                   00423d00 f   LIBCMT:memcpy.obj
 0001:00022d78       LeadDown1                  00423d78 f   LIBCMT:memcpy.obj
 0001:00022d98       LeadDown2                  00423d98 f   LIBCMT:memcpy.obj
 0001:00022dc0       LeadDown3                  00423dc0 f   LIBCMT:memcpy.obj
 0001:00022e14       UnwindDown7                00423e14 f   LIBCMT:memcpy.obj
 0001:00022e1c       UnwindDown6                00423e1c f   LIBCMT:memcpy.obj
 0001:00022e24       UnwindDown5                00423e24 f   LIBCMT:memcpy.obj
 0001:00022e2c       UnwindDown4                00423e2c f   LIBCMT:memcpy.obj
 0001:00022e34       UnwindDown3                00423e34 f   LIBCMT:memcpy.obj
 0001:00022e3c       UnwindDown2                00423e3c f   LIBCMT:memcpy.obj
 0001:00022e44       UnwindDown1                00423e44 f   LIBCMT:memcpy.obj
 0001:00022e57       UnwindDown0                00423e57 f   LIBCMT:memcpy.obj
 0001:00022e70       TrailDown0                 00423e70 f   LIBCMT:memcpy.obj
 0001:00022e78       TrailDown1                 00423e78 f   LIBCMT:memcpy.obj
 0001:00022e88       TrailDown2                 00423e88 f   LIBCMT:memcpy.obj
 0001:00022e9c       TrailDown3                 00423e9c f   LIBCMT:memcpy.obj
 0001:000229e5       _flsall                    004239e5 f   LIBCMT:fflush.obj
 0001:000221f4       _fast_error_exit           004231f4 f   LIBCMT:crt0.obj
 0001:000217c0       LeadUp1                    004227c0 f   LIBCMT:memmove.obj
 0001:000217ec       LeadUp2                    004227ec f   LIBCMT:memmove.obj
 0001:00021810       LeadUp3                    00422810 f   LIBCMT:memmove.obj
 0001:0002188f       UnwindUp0                  0042288f f   LIBCMT:memmove.obj
 0001:0002187c       UnwindUp1                  0042287c f   LIBCMT:memmove.obj
 0001:00021874       UnwindUp2                  00422874 f   LIBCMT:memmove.obj
 0001:0002186c       UnwindUp3                  0042286c f   LIBCMT:memmove.obj
 0001:00021864       UnwindUp4                  00422864 f   LIBCMT:memmove.obj
 0001:0002185c       UnwindUp5                  0042285c f   LIBCMT:memmove.obj
 0001:00021854       UnwindUp6                  00422854 f   LIBCMT:memmove.obj
 0001:0002184c       UnwindUp7                  0042284c f   LIBCMT:memmove.obj
 0001:000218a8       TrailUp0                   004228a8 f   LIBCMT:memmove.obj
 0001:000218b0       TrailUp1                   004228b0 f   LIBCMT:memmove.obj
 0001:000218bc       TrailUp2                   004228bc f   LIBCMT:memmove.obj
 0001:000218d0       TrailUp3                   004228d0 f   LIBCMT:memmove.obj
 0001:00021948       LeadDown1                  00422948 f   LIBCMT:memmove.obj
 0001:00021968       LeadDown2                  00422968 f   LIBCMT:memmove.obj
 0001:00021990       LeadDown3                  00422990 f   LIBCMT:memmove.obj
 0001:000219e4       UnwindDown7                004229e4 f   LIBCMT:memmove.obj
 0001:000219ec       UnwindDown6                004229ec f   LIBCMT:memmove.obj
 0001:000219f4       UnwindDown5                004229f4 f   LIBCMT:memmove.obj
 0001:000219fc       UnwindDown4                004229fc f   LIBCMT:memmove.obj
 0001:00021a04       UnwindDown3                00422a04 f   LIBCMT:memmove.obj
 0001:00021a0c       UnwindDown2                00422a0c f   LIBCMT:memmove.obj
 0001:00021a14       UnwindDown1                00422a14 f   LIBCMT:memmove.obj
 0001:00021a27       UnwindDown0                00422a27 f   LIBCMT:memmove.obj
 0001:00021a40       TrailDown0                 00422a40 f   LIBCMT:memmove.obj
 0001:00021a48       TrailDown1                 00422a48 f   LIBCMT:memmove.obj
 0001:00021a58       TrailDown2                 00422a58 f   LIBCMT:memmove.obj
 0001:00021a6c       TrailDown3                 00422a6c f   LIBCMT:memmove.obj
 0001:00021350       _gu_return                 00422350 f   LIBCMT:exsup.obj
 0001:00021358       __unwind_handler           00422358 f   LIBCMT:exsup.obj
 0001:0002116d       ?CatchGuardHandler@@YA?AW4_EXCEPTION_DISPOSITION@@PAUEHExceptionRecord@@PAUCatchGuardRN@@PAX2@Z 0042216d f   LIBCMT:trnsctrl.obj
 0001:00021248       ?TranslatorGuardHandler@@YA?AW4_EXCEPTION_DISPOSITION@@PAUEHExceptionRecord@@PAUTranslatorGuardRN@@PAX2@Z 00422248 f   LIBCMT:trnsctrl.obj
