 CoreServer

 Timestamp is 6963d785 (Sun Jan 11 12:01:57 2026)

 Preferred load address is 10000000

 Start         Length     Name                   Class
 0001:00000000 00086b82H .text                   CODE
 0001:00086b90 0000284dH .text$x                 CODE
 0002:00000000 00000350H .idata$5                DATA
 0002:00000350 0000b600H .rdata                  DATA
 0002:0000b950 000006ecH .rdata$r                DATA
 0002:0000c040 00003728H .xdata$x                DATA
 0002:0000f768 0000008cH .idata$2                DATA
 0002:0000f7f4 00000014H .idata$3                DATA
 0002:0000f808 00000350H .idata$4                DATA
 0002:0000fb58 000011eeH .idata$6                DATA
 0002:00010d50 00001c54H .edata                  DATA
 0003:00000000 00000004H .CRT$XCA                DATA
 0003:00000004 000002a4H .CRT$XCU                DATA
 0003:000002a8 00000004H .CRT$XCZ                DATA
 0003:000002ac 00000004H .CRT$XIA                DATA
 0003:000002b0 0000000cH .CRT$XIC                DATA
 0003:000002bc 00000004H .CRT$XIY                DATA
 0003:000002c0 00000004H .CRT$XIZ                DATA
 0003:000002c4 00000004H .CRT$XPA                DATA
 0003:000002c8 00000004H .CRT$XPX                DATA
 0003:000002cc 00000004H .CRT$XPZ                DATA
 0003:000002d0 00000004H .CRT$XTA                DATA
 0003:000002d4 00000004H .CRT$XTB                DATA
 0003:000002d8 00000004H .CRT$XTZ                DATA
 0003:000002e0 000082f0H .data                   DATA
 0003:000085d0 2829fb9cH .bss                    DATA

  Address         Publics by Value              Rva+Base     Lib:Object

 0001:00000000       ??_H@YGXPAXIHP6EX0@Z@Z     10001000 f i KPartnerSkill.obj
 0001:00000060       ?id@?$ctype@G@std@@$E      10001060 f i KPartnerSkill.obj
 0001:000000a0       ?GetMoney@KInventory@@QAEHXZ 100010a0 f i KThiefSkill.obj
 0001:000000b0       ?SetMoney@KInventory@@QAEHH@Z 100010b0 f i KThiefSkill.obj
 0001:000000d0       ??4KInventory@@QAEAAV0@ABV0@@Z 100010d0 f i KThiefSkill.obj
 0001:00000100       ?GetBuildItem@KItemList@@QAEHH@Z 10001100 f i KThiefSkill.obj
 0001:00000110       ?GetEquipment@KItemList@@QBEHH@Z 10001110 f i KThiefSkill.obj
 0001:00000120       ?GetMoney@KItemList@@QAEHH@Z 10001120 f i KThiefSkill.obj
 0001:00000140       ?Hand@KItemList@@QAEHXZ    10001140 f i KThiefSkill.obj
 0001:00000150       ?GetMaskLock@KItemList@@QAEHXZ 10001150 f i KThiefSkill.obj
 0001:00000160       ?GetItemCount@KItemList@@QAEHXZ 10001160 f i KThiefSkill.obj
 0001:00000170       ??4KItemList@@QAEAAV0@ABV0@@Z 10001170 f i KThiefSkill.obj
 0001:00000190       ??0KThiefSkill@@QAE@XZ     10001190 f   KThiefSkill.obj
 0001:000001c0       ?GetSkillCostType@KThiefSkill@@UBE?AW4NPCATTRIB@@XZ 100011c0 f i KThiefSkill.obj
 0001:000001d0       ?GetAttackRadius@KThiefSkill@@UBEHXZ 100011d0 f i KThiefSkill.obj
 0001:000001e0       ?IsTargetOnly@KThiefSkill@@UBEHXZ 100011e0 f i KThiefSkill.obj
 0001:000001f0       ?IsTargetSelf@KThiefSkill@@UBEHXZ 100011f0 f i KThiefSkill.obj
 0001:00000200       ?IsTargetEnemy@KThiefSkill@@UBEHXZ 10001200 f i KThiefSkill.obj
 0001:00000210       ?IsTargetAlly@KThiefSkill@@UBEHXZ 10001210 f i KThiefSkill.obj
 0001:00000220       ?IsTargetObj@KThiefSkill@@UBEHXZ 10001220 f i KThiefSkill.obj
 0001:00000230       ??_EKThiefSkill@@UAEPAXI@Z 10001230 f i KThiefSkill.obj
 0001:00000230       ??_GKThiefSkill@@UAEPAXI@Z 10001230 f i KThiefSkill.obj
 0001:00000250       ??1KThiefSkill@@UAE@XZ     10001250 f   KThiefSkill.obj
 0001:00000260       ?GetSkillId@KThiefSkill@@UAEHXZ 10001260 f   KThiefSkill.obj
 0001:00000270       ?GetSkillName@KThiefSkill@@UAEPBDXZ 10001270 f   KThiefSkill.obj
 0001:00000280       ?GetSkillStyle@KThiefSkill@@UAEHXZ 10001280 f   KThiefSkill.obj
 0001:00000290       ?LoadSkillLevelData@KThiefSkill@@UAEXKH@Z 10001290 f   KThiefSkill.obj
 0001:000002a0       ?DoSkill@KThiefSkill@@QAEHPAVKNpc@@HH@Z 100012a0 f   KThiefSkill.obj
 0001:000002f0       ?Cast_Redress@KThiefSkill@@AAEHPAVKPlayer@@0@Z 100012f0 f   KThiefSkill.obj
 0001:000004f0       ?Cast_ShowLife@KThiefSkill@@AAEHPAVKPlayer@@0@Z 100014f0 f   KThiefSkill.obj
 0001:00000580       ?Cast_ShowMana@KThiefSkill@@AAEHPAVKPlayer@@0@Z 10001580 f   KThiefSkill.obj
 0001:00000610       ?Cast_ShowMoney@KThiefSkill@@AAEHPAVKPlayer@@0@Z 10001610 f   KThiefSkill.obj
 0001:00000690       ?Cast_RunScript@KThiefSkill@@AAEHPAVKPlayer@@0@Z 10001690 f   KThiefSkill.obj
 0001:000006c0       ?Cast@KThiefSkill@@QAEHPAVKPlayer@@0@Z 100016c0 f   KThiefSkill.obj
 0001:00000740       ?OnSkill@KThiefSkill@@QAEHPAVKNpc@@@Z 10001740 f   KThiefSkill.obj
 0001:00000820       ?CanCastSkill@KThiefSkill@@UBEHHAAH0@Z 10001820 f   KThiefSkill.obj
 0001:000008f0       ?LoadSetting@KThiefSkill@@QAEHPAD@Z 100018f0 f   KThiefSkill.obj
 0001:00000ae0       ?GetSkillCost@KThiefSkill@@UBEHPAX@Z 10001ae0 f   KThiefSkill.obj
 0001:00000b30       ?IsAura@ISkill@@UBEHXZ     10001b30 f i KThiefSkill.obj
 0001:00000b40       ?IsPhysical@ISkill@@UBEHXZ 10001b40 f i KThiefSkill.obj
 0001:00000b50       ?GetSkillAttrib@ISkill@@UBEFXZ 10001b50 f i KThiefSkill.obj
 0001:00000b60       ?IsExpSkill@ISkill@@UBEHXZ 10001b60 f i KThiefSkill.obj
 0001:00000b70       ?GetSkillLevelUpScriptId@ISkill@@UBEKXZ 10001b70 f i KThiefSkill.obj
 0001:00000b80       ??_EISkill@@UAEPAXI@Z      10001b80 f i KThiefSkill.obj
 0001:00000b80       ??_GISkill@@UAEPAXI@Z      10001b80 f i KThiefSkill.obj
 0001:00000ba0       ??0KMissleSet@@QAE@XZ      10001ba0 f i KMissle.obj
 0001:00000bb0       ??4KMissleSet@@QAEAAV0@ABV0@@Z 10001bb0 f i KMissle.obj
 0001:00000be0       ??1KMissleSet@@QAE@XZ      10001be0 f i KMissle.obj
 0001:00000cf0       ??0KMissle@@QAE@XZ         10001cf0 f   KMissle.obj
 0001:00000d60       ??_GKMissle@@UAEPAXI@Z     10001d60 f i KMissle.obj
 0001:00000d60       ??_EKMissle@@UAEPAXI@Z     10001d60 f i KMissle.obj
 0001:00000d80       ?Release@KMissle@@AAEXXZ   10001d80 f   KMissle.obj
 0001:00000dd0       ??1KMissle@@UAE@XZ         10001dd0 f   KMissle.obj
 0001:00000de0       ??_EKNode@@UAEPAXI@Z       10001de0 f i KMissle.obj
 0001:00000de0       ??_GKNode@@UAEPAXI@Z       10001de0 f i KMissle.obj
 0001:00000e00       ?GetInfoFromTabFile@KMissle@@QAEHH@Z 10001e00 f   KMissle.obj
 0001:00000e20       ?GetInfoFromTabFile@KMissle@@QAEHPAVKITabFile@@H@Z 10001e20 f   KMissle.obj
 0001:00001030       ?Init@KMissle@@AAEHHHHHH@Z 10002030 f   KMissle.obj
 0001:00001040       ?Activate@KMissle@@QAEHXZ  10002040 f   KMissle.obj
 0001:00001280       ?OnWait@KMissle@@AAEXXZ    10002280 f   KMissle.obj
 0001:00001290       ?OnCollision@KMissle@@AAEXXZ 10002290 f   KMissle.obj
 0001:000012a0       ?CheckCollision@KMissle@@AAEHXZ 100022a0 f   KMissle.obj
 0001:00001460       ?OnFly@KMissle@@AAEXXZ     10002460 f   KMissle.obj
 0001:00001d60       ?OnVanish@KMissle@@AAEXXZ  10002d60 f   KMissle.obj
 0001:00001d70       ?CheckBeyondRegion@KMissle@@AAEHHH@Z 10002d70 f   KMissle.obj
 0001:00002000       ??4KMissle@@AAEAAV0@AAV0@@Z 10003000 f   KMissle.obj
 0001:00002170       ?ProcessDamage@KMissle@@AAEHH@Z 10003170 f   KMissle.obj
 0001:00002610       ?DoVanish@KMissle@@AAEXXZ  10003610 f   KMissle.obj
 0001:000026b0       ?DoCollision@KMissle@@AAEXXZ 100036b0 f   KMissle.obj
 0001:00002730       ?DoFly@KMissle@@AAEXXZ     10003730 f   KMissle.obj
 0001:00002750       ?GetOffsetAxis@KMissle@@SAHHHHHHHAAH00@Z 10003750 f   KMissle.obj
 0001:00002880       ?ProcessCollision@KMissle@@AAEHHHHHHH@Z 10003880 f   KMissle.obj
 0001:000029f0       ?ProcessCollision@KMissle@@AAEHXZ 100039f0 f   KMissle.obj
 0001:00002a30       ?DoWait@KMissle@@AAEXXZ    10003a30 f   KMissle.obj
 0001:00002a40       ?PrePareFly@KMissle@@AAEHXZ 10003a40 f   KMissle.obj
 0001:00002ca0       ?CheckNearestCollision@KMissle@@AAEHXZ 10003ca0 f   KMissle.obj
 0001:00002e60       ?FindNearestCollision@KMissle@@AAEHHH@Z 10003e60 f   KMissle.obj
 0001:00002f30       ?GetMpsPos@KMissle@@QAEXPAH0@Z 10003f30 f   KMissle.obj
 0001:00002f80       ??_GKIndexNode@@UAEPAXI@Z  10003f80 f i KMissle.obj
 0001:00002f80       ??_EKIndexNode@@UAEPAXI@Z  10003f80 f i KMissle.obj
 0001:00002fa0       ??1KIndexNode@@UAE@XZ      10003fa0 f i KMissle.obj
 0001:00002fb0       ?Send@KWorldMsg@@QAEHKHHH@Z 10003fb0 f i KMissle.obj
 0001:00003020       ??_GKWorldMsgNode@@UAEPAXI@Z 10004020 f i KMissle.obj
 0001:00003020       ??_EKWorldMsgNode@@UAEPAXI@Z 10004020 f i KMissle.obj
 0001:00003040       ??1KWorldMsgNode@@UAE@XZ   10004040 f i KMissle.obj
 0001:000030f0       ?Init@KMissleSet@@QAEXXZ   100040f0 f   KMissleSet.obj
 0001:00003140       ?FindFree@KMissleSet@@QAEHXZ 10004140 f   KMissleSet.obj
 0001:00003150       ?Add@KMissleSet@@QAEHHHHHHH@Z 10004150 f   KMissleSet.obj
 0001:000031f0       ?Add@KMissleSet@@QAEHHHH@Z 100041f0 f   KMissleSet.obj
 0001:00003340       ?CreateMissile@KMissleSet@@QAEHHHHHHHHH@Z 10004340 f   KMissleSet.obj
 0001:00003370       ?Activate@KMissleSet@@QAEHXZ 10004370 f   KMissleSet.obj
 0001:000033a0       ?Remove@KMissleSet@@QAEXH@Z 100043a0 f   KMissleSet.obj
 0001:000033f0       ?Draw@KMissleSet@@QAEXXZ   100043f0 f   KMissleSet.obj
 0001:00003400       ?GetCount@KMissleSet@@QAEHXZ 10004400 f   KMissleSet.obj
 0001:00003420       ?ClearMissles@KMissleSet@@QAEXXZ 10004420 f   KMissleSet.obj
 0001:00003480       ??0KSkillList@@QAE@XZ      10004480 f   KSkillList.obj
 0001:000034b0       ??1KSkillList@@QAE@XZ      100044b0 f   KSkillList.obj
 0001:000034c0       ?FindSame@KSkillList@@QAEHH@Z 100044c0 f   KSkillList.obj
 0001:000034f0       ?FindFree@KSkillList@@QAEHXZ 100044f0 f   KSkillList.obj
 0001:00003510       ?SetNpcSkill@KSkillList@@QAEXHHH@Z 10004510 f   KSkillList.obj
 0001:000035a0       ?RemoveNpcSkill@KSkillList@@QAEXH@Z 100045a0 f   KSkillList.obj
 0001:000035d0       ?GetCount@KSkillList@@QAEHXZ 100045d0 f   KSkillList.obj
 0001:000035f0       ?IncreaseLevel@KSkillList@@QAEHHHH@Z 100045f0 f   KSkillList.obj
 0001:000036f0       ?Add@KSkillList@@QAEHHH_N@Z 100046f0 f   KSkillList.obj
 0001:00003850       ?Remove@KSkillList@@QAEXH@Z 10004850 f   KSkillList.obj
 0001:000038e0       ?GetLevel@KSkillList@@QAEHH@Z 100048e0 f   KSkillList.obj
 0001:00003910       ?GetCurrentLevel@KSkillList@@QAEHH@Z 10004910 f   KSkillList.obj
 0001:00003940       ?GetPointAdd@KSkillList@@QAEDH@Z 10004940 f   KSkillList.obj
 0001:00003970       ?CanCast@KSkillList@@QAEHHK@Z 10004970 f   KSkillList.obj
 0001:000039c0       ?SetNextCastTime@KSkillList@@QAEXHK@Z 100049c0 f   KSkillList.obj
 0001:000039f0       ?SetMaxCastTime@KSkillList@@QAEXHK@Z 100049f0 f   KSkillList.obj
 0001:00003a20       ?GetEnhanceSkills@KSkillList@@QAEHH@Z 10004a20 f   KSkillList.obj
 0001:00003ab0       ?UpdateDBSkillList@KSkillList@@QAEHPAE@Z 10004ab0 f   KSkillList.obj
 0001:00003b00       ?ClearSkillLevel@KSkillList@@QAEH_N@Z 10004b00 f   KSkillList.obj
 0001:00003b90       ?SetNpcSkill120@KSkillList@@QAEXHH@Z 10004b90 f   KSkillList.obj
 0001:00003bc0       ?AddExpSkill120@KSkillList@@QAEXH@Z 10004bc0 f   KSkillList.obj
 0001:00003ef0       ?IncreaseSkill120@KSkillList@@QAEXXZ 10004ef0 f   KSkillList.obj
 0001:00003fc0       ?IsAddExp@KSkillList@@QAEHH@Z 10004fc0 f   KSkillList.obj
 0001:000040b0       ??0KSkillManager@@QAE@XZ   100050b0 f   KSkillManager.obj
 0001:000040c0       ??1KSkillManager@@QAE@XZ   100050c0 f   KSkillManager.obj
 0001:00004100       ?Init@KSkillManager@@QAEHXZ 10005100 f   KSkillManager.obj
 0001:000042c0       ?InstanceSkill@KSkillManager@@AAEPAVISkill@@KK@Z 100052c0 f   KSkillManager.obj
 0001:00004430       ??4KSkill@@QAEAAV0@ABV0@@Z 10005430 f i KSkillManager.obj
 0001:00004830       ??0KSkill@@QAE@XZ          10005830 f   KSkills.obj
 0001:00004950       ??_EKSkill@@UAEPAXI@Z      10005950 f i KSkills.obj
 0001:00004950       ??_GKSkill@@UAEPAXI@Z      10005950 f i KSkills.obj
 0001:00004970       ??1KSkill@@UAE@XZ          10005970 f   KSkills.obj
 0001:00004980       ?CanCastSkill@KSkill@@UBEHHAAH0@Z 10005980 f   KSkills.obj
 0001:00004b60       ?Cast@KSkill@@QBEHHHHHW4eSkillLauncherType@@H@Z 10005b60 f   KSkills.obj
 0001:00004d70       ?Vanish@KSkill@@ABEXPAVKMissle@@@Z 10005d70 f   KSkills.obj
 0001:00004d80       ?OnMissleEvent@KSkill@@QBEHGPAVKMissle@@@Z 10005d80 f   KSkills.obj
 0001:00004fb0       ?FlyEvent@KSkill@@ABEXPAVKMissle@@@Z 10005fb0 f   KSkills.obj
 0001:00004fc0       ?Collidsion@KSkill@@ABEXPAVKMissle@@@Z 10005fc0 f   KSkills.obj
 0001:00004fd0       ?CastMissles@KSkill@@ABEHHHHHW4eSkillLauncherType@@@Z 10005fd0 f   KSkills.obj
 0001:00006830       ?qsqrt@@YAMM@Z             10007830 f i KSkills.obj
 0001:00006860       ?g_GetDistance@@YAHHHHH@Z  10007860 f i KSkills.obj
 0001:000068d0       ?CastZone@KSkill@@ABEHPAUTOrdinSkillParam@@HHHHH@Z 100078d0 f   KSkills.obj
 0001:00006e30       ?CastLine@KSkill@@ABEHPAUTOrdinSkillParam@@HHHHH@Z 10007e30 f   KSkills.obj
 0001:00007280       ?CastExtractiveLineMissle@KSkill@@ABEHPAUTOrdinSkillParam@@HHHHHHH@Z 10008280 f   KSkills.obj
 0001:00007670       ?CastWall@KSkill@@ABEHPAUTOrdinSkillParam@@HHHHH@Z 10008670 f   KSkills.obj
 0001:00007b60       ?CastCircle@KSkill@@ABEHPAUTOrdinSkillParam@@HHH@Z 10008b60 f   KSkills.obj
 0001:00007ef0       ?CastSpread@KSkill@@ABEHPAUTOrdinSkillParam@@HHH@Z 10008ef0 f   KSkills.obj
 0001:00008450       ?GetChildSkillNum@KSkill@@QBEHH@Z 10009450 f   KSkills.obj
 0001:00008460       ?CreateMissle@KSkill@@ABEXHHH@Z 10009460 f   KSkills.obj
 0001:00008660       ?GetInfoFromTabFile@KSkill@@QAEHH@Z 10009660 f   KSkills.obj
 0001:00008680       ?GetInfoFromTabFile@KSkill@@QAEHPAVKITabFile@@H@Z 10009680 f   KSkills.obj
 0001:00008c60       ?LoadSkillLevelData@KSkill@@UAEXKH@Z 10009c60 f   KSkills.obj
 0001:00008ea0       ?CreateMissleMagicAttribsData@KSkill@@QBEPAVKMissleMagicAttribsData@@H@Z 10009ea0 f   KSkills.obj
 0001:00008fd0       ?GetMissleGenerateTime@KSkill@@QBEIH@Z 10009fd0 f   KSkills.obj
 0001:000090d0       ?GetSkillIdFromName@KSkill@@SAHPAD@Z 1000a0d0 f   KSkills.obj
 0001:00009170       ?CastInitiativeSkill@KSkill@@ABEHHHHH@Z 1000a170 f   KSkills.obj
 0001:00009210       ?CastInitiativeSkill@KSkill@@ABEXHH@Z 1000a210 f   KSkills.obj
 0001:00009330       ?CastPassivitySkill@KSkill@@ABEHHHHHH@Z 1000a330 f   KSkills.obj
 0001:000093f0       ?CastStateSkill@KSkill@@QBEHHHHHH@Z 1000a3f0 f   KSkills.obj
 0001:00009440       ?ParseString2MagicAttrib@KSkill@@AAEHKPAD0@Z 1000a440 f   KSkills.obj
 0001:00009bf0       ?IsTargetOnly@KSkill@@UBEHXZ 1000abf0 f i KSkills.obj
 0001:00009c00       ?IsTargetSelf@KSkill@@UBEHXZ 1000ac00 f i KSkills.obj
 0001:00009c10       ?IsTargetEnemy@KSkill@@UBEHXZ 1000ac10 f i KSkills.obj
 0001:00009c20       ?IsTargetAlly@KSkill@@UBEHXZ 1000ac20 f i KSkills.obj
 0001:00009c30       ?IsTargetObj@KSkill@@UBEHXZ 1000ac30 f i KSkills.obj
 0001:00009c40       ?GetSkillLevelUpScriptId@KSkill@@UBEKXZ 1000ac40 f i KSkills.obj
 0001:00009c50       ?GetSkillName@KSkill@@UAEPBDXZ 1000ac50 f i KSkills.obj
 0001:00009c60       ?GetSkillStyle@KSkill@@UAEHXZ 1000ac60 f i KSkills.obj
 0001:00009c70       ?GetAttackRadius@KSkill@@UBEHXZ 1000ac70 f i KSkills.obj
 0001:00009c80       ?GetSkillCost@KSkill@@UBEHPAX@Z 1000ac80 f i KSkills.obj
 0001:00009c90       ?GetSkillCostType@KSkill@@UBE?AW4NPCATTRIB@@XZ 1000ac90 f i KSkills.obj
 0001:00009ca0       ?GetSkillId@KSkill@@UAEHXZ 1000aca0 f i KSkills.obj
 0001:00009cb0       ?IsAura@KSkill@@UBEHXZ     1000acb0 f i KSkills.obj
 0001:00009cc0       ?IsPhysical@KSkill@@UBEHXZ 1000acc0 f i KSkills.obj
 0001:00009cd0       ?GetSkillAttrib@KSkill@@UBEFXZ 1000acd0 f i KSkills.obj
 0001:00009ce0       ?IsExpSkill@KSkill@@UBEHXZ 1000ace0 f i KSkills.obj
 0001:00009d80       ?Init@KFaction@@QAEHXZ     1000ad80 f   KFaction.obj
 0001:0000a230       ?GetID@KFaction@@QAEHHH@Z  1000b230 f   KFaction.obj
 0001:0000a260       ?GetID@KFaction@@QAEHHPAD@Z 1000b260 f   KFaction.obj
 0001:0000a2f0       ?GetCamp@KFaction@@QAEHH@Z 1000b2f0 f   KFaction.obj
 0001:0000a420       ??1KNpc@@QAE@XZ            1000b420 f i KNpc.obj
 0001:0000a480       ??1KList@@QAE@XZ           1000b480 f i KNpc.obj
 0001:0000a490       ??0KNpc@@QAE@XZ            1000b490 f   KNpc.obj
 0001:0000a730       ??1KNode@@UAE@XZ           1000b730 f i KNpc.obj
 0001:0000a740       ??0KNode@@QAE@XZ           1000b740 f i KNpc.obj
 0001:0000a760       ??0KMagicAttrib@@QAE@XZ    1000b760 f i KNpc.obj
 0001:0000a780       ?Init@KNpc@@QAEXXZ         1000b780 f   KNpc.obj
 0001:0000ab50       ?GetActiveSkill@KNpc@@QAEPAVISkill@@XZ 1000bb50 f   KNpc.obj
 0001:0000abe0       ?SetCurrentCamp@KNpc@@QAEXH@Z 1000bbe0 f   KNpc.obj
 0001:0000ad40       ?SetCamp@KNpc@@QAEXH@Z     1000bd40 f   KNpc.obj
 0001:0000aea0       ?RestoreCurrentCamp@KNpc@@QAEXXZ 1000bea0 f   KNpc.obj
 0001:0000b000       ?Activate@KNpc@@QAEXXZ     1000c000 f   KNpc.obj
 0001:0000b210       ?ProcStatus@KNpc@@QAEXXZ   1000c210 f   KNpc.obj
 0001:0000b2f0       ?ProcCommand@KNpc@@QAEXH@Z 1000c2f0 f   KNpc.obj
 0001:0000b600       ?ProcessState@KNpc@@QAEHXZ 1000c600 f   KNpc.obj
 0001:0000c2e0       ?DoDeath@KNpc@@AAEXHH@Z    1000d2e0 f   KNpc.obj
 0001:0000c530       ?OnDeath@KNpc@@AAEXXZ      1000d530 f   KNpc.obj
 0001:0000c7f0       ?DoDefense@KNpc@@AAEXXZ    1000d7f0 f   KNpc.obj
 0001:0000c800       ?OnDefense@KNpc@@AAEXXZ    1000d800 f   KNpc.obj
 0001:0000c810       ?DoIdle@KNpc@@AAEXXZ       1000d810 f   KNpc.obj
 0001:0000c830       ?OnIdle@KNpc@@AAEXXZ       1000d830 f   KNpc.obj
 0001:0000c840       ?DoHurt@KNpc@@AAEXHHH@Z    1000d840 f   KNpc.obj
 0001:0000ca70       ?OnHurt@KNpc@@AAEXXZ       1000da70 f   KNpc.obj
 0001:0000cac0       ?DoSpecial1@KNpc@@AAEXXZ   1000dac0 f   KNpc.obj
 0001:0000cad0       ?OnSpecial1@KNpc@@AAEXXZ   1000dad0 f   KNpc.obj
 0001:0000cb90       ?DoSpecial2@KNpc@@AAEXXZ   1000db90 f   KNpc.obj
 0001:0000cba0       ?OnSpecial2@KNpc@@AAEXXZ   1000dba0 f   KNpc.obj
 0001:0000cc10       ?DoSpecial3@KNpc@@AAEXXZ   1000dc10 f   KNpc.obj
 0001:0000cc20       ?OnSpecial3@KNpc@@AAEXXZ   1000dc20 f   KNpc.obj
 0001:0000cc30       ?DoSpecial4@KNpc@@AAEXXZ   1000dc30 f   KNpc.obj
 0001:0000cc40       ?OnSpecial4@KNpc@@AAEXXZ   1000dc40 f   KNpc.obj
 0001:0000cc50       ?DoGlide@KNpc@@AAEHF@Z     1000dc50 f   KNpc.obj
 0001:0000d220       ?OnGlide@KNpc@@AAEXXZ      1000e220 f   KNpc.obj
 0001:0000d230       ?GlideTo@KNpc@@AAEXHHF@Z   1000e230 f   KNpc.obj
 0001:0000d270       ?DoStand@KNpc@@AAEXXZ      1000e270 f   KNpc.obj
 0001:0000d2c0       ?OnStand@KNpc@@AAEXXZ      1000e2c0 f   KNpc.obj
 0001:0000d2d0       ?DoRevive@KNpc@@AAEXXZ     1000e2d0 f   KNpc.obj
 0001:0000d3f0       ?OnRevive@KNpc@@AAEXXZ     1000e3f0 f   KNpc.obj
 0001:0000d410       ?DoRun@KNpc@@AAEXXZ        1000e410 f   KNpc.obj
 0001:0000d630       ?OnRun@KNpc@@AAEXH@Z       1000e630 f   KNpc.obj
 0001:0000d6d0       ?DoSit@KNpc@@AAEXXZ        1000e6d0 f   KNpc.obj
 0001:0000d840       ?OnSit@KNpc@@AAEXXZ        1000e840 f   KNpc.obj
 0001:0000d860       ?DoSkill@KNpc@@AAEXHH@Z    1000e860 f   KNpc.obj
 0001:0000dbd0       ?UnDoSkill@KNpc@@AAEXXZ    1000ebd0 f   KNpc.obj
 0001:0000dbf0       ?DoOrdinSkill@KNpc@@AAEHPAVKSkill@@HH@Z 1000ebf0 f   KNpc.obj
 0001:0000dd30       ?DoAttack@KNpc@@AAEXXZ     1000ed30 f   KNpc.obj
 0001:0000dd80       ?CastMeleeSkill@KNpc@@AAEHPAVKSkill@@@Z 1000ed80 f   KNpc.obj
 0001:0000dfc0       ?DoBlurAttack@KNpc@@AAEHXZ 1000efc0 f   KNpc.obj
 0001:0000e020       ?DoMagic@KNpc@@AAEXXZ      1000f020 f   KNpc.obj
 0001:0000e070       ?OnSkill@KNpc@@AAEXXZ      1000f070 f   KNpc.obj
 0001:0000e170       ?JumpTo@KNpc@@AAEXHH@Z     1000f170 f   KNpc.obj
 0001:0000e1c0       ?RunTo@KNpc@@AAEXHH@Z      1000f1c0 f   KNpc.obj
 0001:0000e200       ?Goto@KNpc@@AAEXHH@Z       1000f200 f   KNpc.obj
 0001:0000e240       ?DoWalk@KNpc@@AAEXXZ       1000f240 f   KNpc.obj
 0001:0000e420       ?DoPlayerTalk@KNpc@@QAEXPAD@Z 1000f420 f   KNpc.obj
 0001:0000e5e0       ?OnPlayerTalk@KNpc@@AAEXXZ 1000f5e0 f   KNpc.obj
 0001:0000e5f0       ?OnWalk@KNpc@@AAEXXZ       1000f5f0 f   KNpc.obj
 0001:0000e610       ?GetSkillLevel@KNpc@@QAEHH@Z 1000f610 f   KNpc.obj
 0001:0000e640       ?ModifyAttrib@KNpc@@QAEXHPAX@Z 1000f640 f   KNpc.obj
 0001:0000e660       ?CalcDamage@KNpc@@QAEHHHHHW4DAMAGE_TYPE@@HHHHHHHH@Z 1000f660 f   KNpc.obj
 0001:0000f170       ?ReceiveDamage@KNpc@@QAEHHHPAXHHH@Z 10010170 f   KNpc.obj
 0001:0000fe20       ?SetImmediatelySkillEffect@KNpc@@QAEXHPAXH@Z 10010e20 f   KNpc.obj
 0001:0000fe60       ?AppendSkillEffect@KNpc@@QAEXKHHPAX0@Z 10010e60 f   KNpc.obj
 0001:000107a0       ?ProcMove@KNpc@@AAEXH@Z    100117a0 f   KNpc.obj
 0001:00010d30       ?ProcJump@KNpc@@AAEXH@Z    10011d30 f   KNpc.obj
 0001:00011050       ?SendCommand@KNpc@@QAEXW4NPCCMD@@HHH@Z 10012050 f   KNpc.obj
 0001:000110a0       ?SendCommandRandMove@KNpc@@QAEXHHH@Z 100120a0 f   KNpc.obj
 0001:000110d0       ?NewPath@KNpc@@AAEHHH@Z    100120d0 f   KNpc.obj
 0001:000110f0       ?NewJump@KNpc@@AAEHHH@Z    100120f0 f   KNpc.obj
 0001:00011480       ?NewGlide@KNpc@@AAEHHHH@Z  10012480 f   KNpc.obj
 0001:00011810       ?SelfDamage@KNpc@@QAEXH@Z  10012810 f   KNpc.obj
 0001:00011840       ?Cost@KNpc@@QAEHW4NPCATTRIB@@HH@Z 10012840 f   KNpc.obj
 0001:000118b0       ?DoJump@KNpc@@AAEXXZ       100128b0 f   KNpc.obj
 0001:00011a70       ?OnJump@KNpc@@AAEHXZ       10012a70 f   KNpc.obj
 0001:00011ac0       ?WaitForFrame@KNpc@@AAEHXZ 10012ac0 f   KNpc.obj
 0001:00011af0       ?IsReachFrame@KNpc@@AAEHH@Z 10012af0 f   KNpc.obj
 0001:00011b20       ?Load@KNpc@@QAEXHHH@Z      10012b20 f   KNpc.obj
 0001:00011bc0       ?GetMpsPos@KNpc@@QAEXPAH0@Z 10012bc0 f   KNpc.obj
 0001:00011c10       ?SetActiveSkill@KNpc@@QAEHH@Z 10012c10 f   KNpc.obj
 0001:00011cd0       ?SetAuraSkill@KNpc@@QAEXH@Z 10012cd0 f   KNpc.obj
 0001:00011dc0       ?SetPlayerIdx@KNpc@@QAEHH@Z 10012dc0 f   KNpc.obj
 0001:00011df0       ?SendSyncData@KNpc@@QAEHH@Z 10012df0 f   KNpc.obj
 0001:00012260       ?NormalSync@KNpc@@QAEXXZ   10013260 f   KNpc.obj
 0001:00012a00       ?BroadCastRevive@KNpc@@QAEXH@Z 10013a00 f   KNpc.obj
 0001:00012b60       ?SetPos@KNpc@@QAE_NHH@Z    10013b60 f   KNpc.obj
 0001:00012d90       ?MoveNpc@KNpc@@QAEXHHHHH_N@Z 10013d90 f   KNpc.obj
 0001:00012eb0       ?AddBaseLifeMax@KNpc@@QAEXH@Z 10013eb0 f   KNpc.obj
 0001:00012ed0       ?AddCurLifeMax@KNpc@@QAEXH@Z 10013ed0 f   KNpc.obj
 0001:00012ef0       ?AddBaseStaminaMax@KNpc@@QAEXH@Z 10013ef0 f   KNpc.obj
 0001:00012f10       ?AddCurStaminaMax@KNpc@@QAEXH@Z 10013f10 f   KNpc.obj
 0001:00012f30       ?AddBaseManaMax@KNpc@@QAEXH@Z 10013f30 f   KNpc.obj
 0001:00012f50       ?AddCurManaMax@KNpc@@QAEXH@Z 10013f50 f   KNpc.obj
 0001:00012f70       ?CalcCurLifeReplenish@KNpc@@QAEXXZ 10013f70 f   KNpc.obj
 0001:00012f80       ?Remove@KNpc@@QAEXXZ       10013f80 f   KNpc.obj
 0001:00012f90       ?SetSeries@KNpc@@QAEXH@Z   10013f90 f   KNpc.obj
 0001:00012fb0       ?SetStateSkillEffect@KNpc@@QAEXHHHPAXHHH@Z 10013fb0 f   KNpc.obj
 0001:000133d0       ??_EKStateNode@@UAEPAXI@Z  100143d0 f i KNpc.obj
 0001:000133d0       ??_GKStateNode@@UAEPAXI@Z  100143d0 f i KNpc.obj
 0001:000133f0       ??1KStateNode@@UAE@XZ      100143f0 f i KNpc.obj
 0001:00013400       ?ModifyMissleCollsion@KNpc@@QAEHH@Z 10014400 f   KNpc.obj
 0001:00013430       ?ModifyMissleLifeTime@KNpc@@QAEHH@Z 10014430 f   KNpc.obj
 0001:00013440       ?ModifyMissleSpeed@KNpc@@QAEHH@Z 10014440 f   KNpc.obj
 0001:00013460       ?DoManyAttack@KNpc@@AAEHXZ 10014460 f   KNpc.obj
 0001:00013520       ?OnManyAttack@KNpc@@AAEXXZ 10014520 f   KNpc.obj
 0001:000135c0       ?DoRunAttack@KNpc@@AAEHXZ  100145c0 f   KNpc.obj
 0001:000136d0       ?OnRunAttack@KNpc@@AAEXXZ  100146d0 f   KNpc.obj
 0001:00013870       ?DoJumpAttack@KNpc@@AAEHXZ 10014870 f   KNpc.obj
 0001:00013910       ?OnJumpAttack@KNpc@@AAEHXZ 10014910 f   KNpc.obj
 0001:00013a50       ?CheckHitTarget@KNpc@@AAEHHHH@Z 10014a50 f   KNpc.obj
 0001:00013ac0       ?AddStateInfo@KNpc@@AAEXH@Z 10014ac0 f   KNpc.obj
 0001:00013b10       ?AddStateSkillList@KNpc@@AAEXPAVKStateNode@@@Z 10014b10 f   KNpc.obj
 0001:00013b70       ?GetNpcCopyFromTemplate@KNpc@@QAEXHHH@Z 10014b70 f   KNpc.obj
 0001:00013f60       ?LoadDataFromTemplate@KNpc@@QAEXHHH@Z 10014f60 f   KNpc.obj
 0001:000143c0       ?SetPhysicsDamage@KNpc@@QAEXHH@Z 100153c0 f   KNpc.obj
 0001:000143e0       ?SetBaseAttackRating@KNpc@@QAEXH@Z 100153e0 f   KNpc.obj
 0001:00014400       ?SetBaseDefence@KNpc@@QAEXH@Z 10015400 f   KNpc.obj
 0001:00014420       ?DeathPunish@KNpc@@QAEXHH@Z 10015420 f   KNpc.obj
 0001:000149c0       ??1tagSHOW_MSG_SYNC@@QAE@XZ 100159c0 f i KNpc.obj
 0001:000149e0       ?PlayerDeadCreateMoneyObj@KNpc@@AAEXH@Z 100159e0 f   KNpc.obj
 0001:00014ab0       ?LoseMoney@KNpc@@AAEXH@Z   10015ab0 f   KNpc.obj
 0001:00014bd0       ?LoseSingleItem@KNpc@@AAEXH@Z 10015bd0 f   KNpc.obj
 0001:00015020       ?Revive@KNpc@@QAEXXZ       10016020 f   KNpc.obj
 0001:00015240       ?RestoreLiveData@KNpc@@QAEXXZ 10016240 f   KNpc.obj
 0001:00015250       ?SendDataToNearRegion@KNpc@@QAEXPAXK@Z 10016250 f   KNpc.obj
 0001:000153a0       ?DeathCalcPKValue@KNpc@@QAEHH@Z 100163a0 f   KNpc.obj
 0001:00015570       ?CheckPlayerAround@KNpc@@QAEHH@Z 10016570 f   KNpc.obj
 0001:00015630       ?SendBloodNo@KNpc@@QAEXKH@Z 10016630 f   KNpc.obj
 0001:000156e0       ?getRandomLevel@KNpc@@QAEHQBNH@Z 100166e0 f   KNpc.obj
 0001:00015760       ?IsMagicAttribLuckyLevel@KNpc@@QAEHH@Z 10016760 f   KNpc.obj
 0001:00015890       ?DropRateItem@KNpc@@QAEXHPBDHHHH@Z 10016890 f   KNpc.obj
 0001:00016070       ?DropObj@KNpc@@QAEXHHPADHH@Z 10017070 f   KNpc.obj
 0001:00016150       ?UpdateNpcStateInfo@KNpc@@AAEXXZ 10017150 f   KNpc.obj
 0001:00016230       ?BroadCastState@KNpc@@QAEXXZ 10017230 f   KNpc.obj
 0001:000163a0       ?AddPoisonState@KNpc@@AAEXHHHH@Z 100173a0 f   KNpc.obj
 0001:000164d0       ?ClearNpcState@KNpc@@QAEXXZ 100174d0 f   KNpc.obj
 0001:00016530       ?RestoreNpcBaseInfo@KNpc@@QAEXXZ 10017530 f   KNpc.obj
 0001:00016970       ?ChangeWorld@KNpc@@QAEHKHH@Z 10017970 f   KNpc.obj
 0001:00017010       ?TobeExchangeServer@KNpc@@QAEXKHH@Z 10018010 f   KNpc.obj
 0001:00017080       ?IsPlayer@KNpc@@QAEHXZ     10018080 f   KNpc.obj
 0001:00017090       ?IsAlive@KNpc@@QAEHXZ      10018090 f   KNpc.obj
 0001:000170b0       ?ClearStateSkillEffect@KNpc@@QAEXXZ 100180b0 f   KNpc.obj
 0001:00017180       ?ClearNormalState@KNpc@@QAEXXZ 10018180 f   KNpc.obj
 0001:00017250       ?CheckTrap@KNpc@@QAEXXZ    10018250 f   KNpc.obj
 0001:00017300       ?SetFightMode@KNpc@@QAEXH@Z 10018300 f   KNpc.obj
 0001:00017350       ?TurnTo@KNpc@@QAEXH@Z      10018350 f   KNpc.obj
 0001:000174b0       ?ReCalcStateEffect@KNpc@@QAEXXZ 100184b0 f   KNpc.obj
 0001:00017540       ?GetCurActiveWeaponSkill@KNpc@@QAEHXZ 10018540 f   KNpc.obj
 0001:000175e0       ?BroadCastPosition@KNpc@@QAEXXZ 100185e0 f   KNpc.obj
 0001:00017790       ?GetFrameCopyFromTemplate@KNpc@@QAEXHHH@Z 10018790 f   KNpc.obj
 0001:00017b80       ?LoadFrameFromTemplate@KNpc@@QAEXHHH@Z 10018b80 f   KNpc.obj
 0001:00017bf0       ?ReSetRes@KNpc@@QAEXH@Z    10018bf0 f   KNpc.obj
 0001:00017c40       ?AutoDoSkill@KNpc@@QAEXHHHH@Z 10018c40 f   KNpc.obj
 0001:000181f0       ?RandMove@KNpc@@QAEXHHH@Z  100191f0 f   KNpc.obj
 0001:000183f0       ?ExecuteRevive@KNpc@@QAEXXZ 100193f0 f   KNpc.obj
 0001:00018410       ?SetTitleEffect@KNpc@@QAEXH@Z 10019410 f   KNpc.obj
 0001:000185d0       ?SetTimer@KNpc@@QAEXKH@Z   100195d0 f   KNpc.obj
 0001:000185f0       ?CloseTimer@KNpc@@QAEXXZ   100195f0 f   KNpc.obj
 0001:00018600       ?SaveTimerTask@KNpc@@QAEXXZ 10019600 f   KNpc.obj
 0001:00018620       ?LoadTimerTask@KNpc@@QAEXXZ 10019620 f   KNpc.obj
 0001:00018640       ?ExecuteTimerScript@KNpc@@QAEHPAD0H@Z 10019640 f   KNpc.obj
 0001:00018680       ?ExecuteTimerScript@KNpc@@QAEHKPADH@Z 10019680 f   KNpc.obj
 0001:00018890       ?ExecuteScript@KNpc@@QAEHPAD0H@Z 10019890 f   KNpc.obj
 0001:000188d0       ?ExecuteScript@KNpc@@QAEHKPADH@Z 100198d0 f   KNpc.obj
 0001:00018a40       ?ExecuteScript@KNpc@@QAEHKPAD0@Z 10019a40 f   KNpc.obj
 0001:00018bd0       ?ExecuteScript@KNpc@@QAEHPAD00@Z 10019bd0 f   KNpc.obj
 0001:00018c20       ?ExecuteScript2@KNpc@@QAEHKPAD00@Z 10019c20 f   KNpc.obj
 0001:00018dc0       ?ExecuteScript2@KNpc@@QAEHKPADHH@Z 10019dc0 f   KNpc.obj
 0001:00018f30       ?ExecuteScript2@KNpc@@QAEHPAD0HH@Z 10019f30 f   KNpc.obj
 0001:00018f80       ?ExecuteScript2@KNpc@@QAEHPAD000@Z 10019f80 f   KNpc.obj
 0001:00018fd0       ?MaintainAura@KNpc@@QAEXXZ 10019fd0 f   KNpc.obj
 0001:00019170       ??0KNpcAI@@QAE@XZ          1001a170 f   KNpcAI.obj
 0001:00019180       ?Activate@KNpcAI@@QAEXH@Z  1001a180 f   KNpcAI.obj
 0001:000192a0       ?ProcessPlayer@KNpcAI@@AAEXXZ 1001a2a0 f   KNpcAI.obj
 0001:000192c0       ?TriggerMapTrap@KNpcAI@@AAEXXZ 1001a2c0 f   KNpcAI.obj
 0001:000192e0       ?TriggerObjectTrap@KNpcAI@@AAEXXZ 1001a2e0 f   KNpcAI.obj
 0001:000192f0       ?GetNearestNpc@KNpcAI@@AAEHH@Z 1001a2f0 f   KNpcAI.obj
 0001:00019840       ?GetNpcNumber@KNpcAI@@AAEHH@Z 1001a840 f   KNpcAI.obj
 0001:00019a50       ?KeepAttackRange@KNpcAI@@AAEXHH@Z 1001aa50 f   KNpcAI.obj
 0001:00019be0       ?FollowAttack@KNpcAI@@AAEXH@Z 1001abe0 f   KNpcAI.obj
 0001:00019cd0       ?InEyeshot@KNpcAI@@AAEHH@Z 1001acd0 f   KNpcAI.obj
 0001:00019d10       ?CommonAction@KNpcAI@@AAEXXZ 1001ad10 f   KNpcAI.obj
 0001:00019df0       ?KeepActiveRange@KNpcAI@@AAEHXZ 1001adf0 f   KNpcAI.obj
 0001:00019f00       ?Flee@KNpcAI@@AAEXH@Z      1001af00 f   KNpcAI.obj
 0001:00019fa0       ?ProcessAIType01@KNpcAI@@AAEXXZ 1001afa0 f   KNpcAI.obj
 0001:0001a130       ?ProcessAIType02@KNpcAI@@AAEXXZ 1001b130 f   KNpcAI.obj
 0001:0001a370       ?ProcessAIType03@KNpcAI@@AAEXXZ 1001b370 f   KNpcAI.obj
 0001:0001a550       ?ProcessAIType04@KNpcAI@@AAEXXZ 1001b550 f   KNpcAI.obj
 0001:0001a6d0       ?ProcessAIType05@KNpcAI@@AAEXXZ 1001b6d0 f   KNpcAI.obj
 0001:0001a8c0       ?ProcessAIType06@KNpcAI@@AAEXXZ 1001b8c0 f   KNpcAI.obj
 0001:0001aa60       ?ProcessAIType07@KNpcAI@@AAEXXZ 1001ba60 f   KNpcAI.obj
 0001:0001ab60       ?ProcessAIType08@KNpcAI@@AAEXXZ 1001bb60 f   KNpcAI.obj
 0001:0001ace0       ??0KNpcAttribModify@@QAE@XZ 1001bce0 f   KNpcAttribModify.obj
 0001:0001b1a0       ??1KNpcAttribModify@@QAE@XZ 1001c1a0 f   KNpcAttribModify.obj
 0001:0001b1b0       ?ModifyAttrib@KNpcAttribModify@@QAEXPAVKNpc@@PAX@Z 1001c1b0 f   KNpcAttribModify.obj
 0001:0001b1e0       ?AddColdDamageV@KNpcAttribModify@@AAEXPAVKNpc@@PAX@Z 1001c1e0 f   KNpcAttribModify.obj
 0001:0001b270       ?AddFireDamageV@KNpcAttribModify@@AAEXPAVKNpc@@PAX@Z 1001c270 f   KNpcAttribModify.obj
 0001:0001b2a0       ?AddLightingDamageV@KNpcAttribModify@@AAEXPAVKNpc@@PAX@Z 1001c2a0 f   KNpcAttribModify.obj
 0001:0001b2d0       ?AddPhysicsDamageP@KNpcAttribModify@@AAEXPAVKNpc@@PAX@Z 1001c2d0 f   KNpcAttribModify.obj
 0001:0001b390       ?AddPoisonDamageV@KNpcAttribModify@@AAEXPAVKNpc@@PAX@Z 1001c390 f   KNpcAttribModify.obj
 0001:0001b3e0       ?AddPhysicsDamageV@KNpcAttribModify@@AAEXPAVKNpc@@PAX@Z 1001c3e0 f   KNpcAttribModify.obj
 0001:0001b400       ?AllresP@KNpcAttribModify@@AAEXPAVKNpc@@PAX@Z 1001c400 f   KNpcAttribModify.obj
 0001:0001b450       ?AllSkillV@KNpcAttribModify@@AAEXPAVKNpc@@PAX@Z 1001c450 f   KNpcAttribModify.obj
 0001:0001b4d0       ?AttackRatingP@KNpcAttribModify@@AAEXPAVKNpc@@PAX@Z 1001c4d0 f   KNpcAttribModify.obj
 0001:0001b500       ?AttackRatingV@KNpcAttribModify@@AAEXPAVKNpc@@PAX@Z 1001c500 f   KNpcAttribModify.obj
 0001:0001b520       ?AttackSpeedV@KNpcAttribModify@@AAEXPAVKNpc@@PAX@Z 1001c520 f   KNpcAttribModify.obj
 0001:0001b540       ?BadStatusTimeReduceV@KNpcAttribModify@@AAEXPAVKNpc@@PAX@Z 1001c540 f   KNpcAttribModify.obj
 0001:0001b550       ?BurnTimeReduceP@KNpcAttribModify@@AAEXPAVKNpc@@PAX@Z 1001c550 f   KNpcAttribModify.obj
 0001:0001b560       ?CastSpeedV@KNpcAttribModify@@AAEXPAVKNpc@@PAX@Z 1001c560 f   KNpcAttribModify.obj
 0001:0001b580       ?ChangeCampV@KNpcAttribModify@@AAEXPAVKNpc@@PAX@Z 1001c580 f   KNpcAttribModify.obj
 0001:0001b5c0       ?ColdArmorV@KNpcAttribModify@@AAEXPAVKNpc@@PAX@Z 1001c5c0 f   KNpcAttribModify.obj
 0001:0001b5d0       ?ColdresP@KNpcAttribModify@@AAEXPAVKNpc@@PAX@Z 1001c5d0 f   KNpcAttribModify.obj
 0001:0001b5f0       ?DeadlyStrikeP@KNpcAttribModify@@AAEXPAVKNpc@@PAX@Z 1001c5f0 f   KNpcAttribModify.obj
 0001:0001b610       ?DexterityV@KNpcAttribModify@@AAEXPAVKNpc@@PAX@Z 1001c610 f   KNpcAttribModify.obj
 0001:0001b650       ?EarthSkillV@KNpcAttribModify@@AAEXPAVKNpc@@PAX@Z 1001c650 f   KNpcAttribModify.obj
 0001:0001b660       ?EnergyV@KNpcAttribModify@@AAEXPAVKNpc@@PAX@Z 1001c660 f   KNpcAttribModify.obj
 0001:0001b6a0       ?FastHitRecoverV@KNpcAttribModify@@AAEXPAVKNpc@@PAX@Z 1001c6a0 f   KNpcAttribModify.obj
 0001:0001b6c0       ?FastWalkRunP@KNpcAttribModify@@AAEXPAVKNpc@@PAX@Z 1001c6c0 f   KNpcAttribModify.obj
 0001:0001b730       ?FireArmorV@KNpcAttribModify@@AAEXPAVKNpc@@PAX@Z 1001c730 f   KNpcAttribModify.obj
 0001:0001b740       ?FireSkillV@KNpcAttribModify@@AAEXPAVKNpc@@PAX@Z 1001c740 f   KNpcAttribModify.obj
 0001:0001b750       ?FreezeTimeReduceP@KNpcAttribModify@@AAEXPAVKNpc@@PAX@Z 1001c750 f   KNpcAttribModify.obj
 0001:0001b770       ?KnockBackP@KNpcAttribModify@@AAEXPAVKNpc@@PAX@Z 1001c770 f   KNpcAttribModify.obj
 0001:0001b790       ?LifeMaxP@KNpcAttribModify@@AAEXPAVKNpc@@PAX@Z 1001c790 f   KNpcAttribModify.obj
 0001:0001b7e0       ?LifeMaxV@KNpcAttribModify@@AAEXPAVKNpc@@PAX@Z 1001c7e0 f   KNpcAttribModify.obj
 0001:0001b800       ?LifeReplenishV@KNpcAttribModify@@AAEXPAVKNpc@@PAX@Z 1001c800 f   KNpcAttribModify.obj
 0001:0001b820       ?LifeV@KNpcAttribModify@@AAEXPAVKNpc@@PAX@Z 1001c820 f   KNpcAttribModify.obj
 0001:0001b840       ?LightingArmorV@KNpcAttribModify@@AAEXPAVKNpc@@PAX@Z 1001c840 f   KNpcAttribModify.obj
 0001:0001b850       ?LightingresP@KNpcAttribModify@@AAEXPAVKNpc@@PAX@Z 1001c850 f   KNpcAttribModify.obj
 0001:0001b870       ?LuckyV@KNpcAttribModify@@AAEXPAVKNpc@@PAX@Z 1001c870 f   KNpcAttribModify.obj
 0001:0001b8b0       ?ManaMaxP@KNpcAttribModify@@AAEXPAVKNpc@@PAX@Z 1001c8b0 f   KNpcAttribModify.obj
 0001:0001b8f0       ?ManaMaxV@KNpcAttribModify@@AAEXPAVKNpc@@PAX@Z 1001c8f0 f   KNpcAttribModify.obj
 0001:0001b910       ?ManaReplenishV@KNpcAttribModify@@AAEXPAVKNpc@@PAX@Z 1001c910 f   KNpcAttribModify.obj
 0001:0001b930       ?ManaV@KNpcAttribModify@@AAEXPAVKNpc@@PAX@Z 1001c930 f   KNpcAttribModify.obj
 0001:0001b950       ?ManaShieldP@KNpcAttribModify@@AAEXPAVKNpc@@PAX@Z 1001c950 f   KNpcAttribModify.obj
 0001:0001b970       ?MeleeDamageReturnP@KNpcAttribModify@@AAEXPAVKNpc@@PAX@Z 1001c970 f   KNpcAttribModify.obj
 0001:0001b990       ?MeleeDamageReturnV@KNpcAttribModify@@AAEXPAVKNpc@@PAX@Z 1001c990 f   KNpcAttribModify.obj
 0001:0001b9b0       ?MetalSkillV@KNpcAttribModify@@AAEXPAVKNpc@@PAX@Z 1001c9b0 f   KNpcAttribModify.obj
 0001:0001b9c0       ?PhysicsArmorV@KNpcAttribModify@@AAEXPAVKNpc@@PAX@Z 1001c9c0 f   KNpcAttribModify.obj
 0001:0001b9d0       ?PhysicsresP@KNpcAttribModify@@AAEXPAVKNpc@@PAX@Z 1001c9d0 f   KNpcAttribModify.obj
 0001:0001b9f0       ?Damage2ManaP@KNpcAttribModify@@AAEXPAVKNpc@@PAX@Z 1001c9f0 f   KNpcAttribModify.obj
 0001:0001ba10       ?PoisonArmorV@KNpcAttribModify@@AAEXPAVKNpc@@PAX@Z 1001ca10 f   KNpcAttribModify.obj
 0001:0001ba20       ?PoisonDamageReduceV@KNpcAttribModify@@AAEXPAVKNpc@@PAX@Z 1001ca20 f   KNpcAttribModify.obj
 0001:0001ba50       ?PoisonresP@KNpcAttribModify@@AAEXPAVKNpc@@PAX@Z 1001ca50 f   KNpcAttribModify.obj
 0001:0001ba70       ?PoisonTimeReduceP@KNpcAttribModify@@AAEXPAVKNpc@@PAX@Z 1001ca70 f   KNpcAttribModify.obj
 0001:0001ba90       ?RangeDamageReturnV@KNpcAttribModify@@AAEXPAVKNpc@@PAX@Z 1001ca90 f   KNpcAttribModify.obj
 0001:0001bab0       ?RangeDamageReturnP@KNpcAttribModify@@AAEXPAVKNpc@@PAX@Z 1001cab0 f   KNpcAttribModify.obj
 0001:0001bad0       ?SlowMissleB@KNpcAttribModify@@AAEXPAVKNpc@@PAX@Z 1001cad0 f   KNpcAttribModify.obj
 0001:0001bb00       ?StaminaMaxP@KNpcAttribModify@@AAEXPAVKNpc@@PAX@Z 1001cb00 f   KNpcAttribModify.obj
 0001:0001bb40       ?StaminaMaxV@KNpcAttribModify@@AAEXPAVKNpc@@PAX@Z 1001cb40 f   KNpcAttribModify.obj
 0001:0001bb60       ?StaminaReplenishV@KNpcAttribModify@@AAEXPAVKNpc@@PAX@Z 1001cb60 f   KNpcAttribModify.obj
 0001:0001bb80       ?StaminaV@KNpcAttribModify@@AAEXPAVKNpc@@PAX@Z 1001cb80 f   KNpcAttribModify.obj
 0001:0001bba0       ?StealLifeP@KNpcAttribModify@@AAEXPAVKNpc@@PAX@Z 1001cba0 f   KNpcAttribModify.obj
 0001:0001bbc0       ?StealManaP@KNpcAttribModify@@AAEXPAVKNpc@@PAX@Z 1001cbc0 f   KNpcAttribModify.obj
 0001:0001bbe0       ?StealStaminaP@KNpcAttribModify@@AAEXPAVKNpc@@PAX@Z 1001cbe0 f   KNpcAttribModify.obj
 0001:0001bc00       ?StrengthV@KNpcAttribModify@@AAEXPAVKNpc@@PAX@Z 1001cc00 f   KNpcAttribModify.obj
 0001:0001bc40       ?StunTimeReduceP@KNpcAttribModify@@AAEXPAVKNpc@@PAX@Z 1001cc40 f   KNpcAttribModify.obj
 0001:0001bc60       ?VisionRadiusP@KNpcAttribModify@@AAEXPAVKNpc@@PAX@Z 1001cc60 f   KNpcAttribModify.obj
 0001:0001bc80       ?VitalityV@KNpcAttribModify@@AAEXPAVKNpc@@PAX@Z 1001cc80 f   KNpcAttribModify.obj
 0001:0001bcc0       ?WaterSkillV@KNpcAttribModify@@AAEXPAVKNpc@@PAX@Z 1001ccc0 f   KNpcAttribModify.obj
 0001:0001bcd0       ?WoodSkillV@KNpcAttribModify@@AAEXPAVKNpc@@PAX@Z 1001ccd0 f   KNpcAttribModify.obj
 0001:0001bce0       ?FireresP@KNpcAttribModify@@AAEXPAVKNpc@@PAX@Z 1001cce0 f   KNpcAttribModify.obj
 0001:0001bd00       ?ArmorDefenseV@KNpcAttribModify@@AAEXPAVKNpc@@PAX@Z 1001cd00 f   KNpcAttribModify.obj
 0001:0001bd20       ?ColdEnhanceP@KNpcAttribModify@@AAEXPAVKNpc@@PAX@Z 1001cd20 f   KNpcAttribModify.obj
 0001:0001bd40       ?FireEnhanceP@KNpcAttribModify@@AAEXPAVKNpc@@PAX@Z 1001cd40 f   KNpcAttribModify.obj
 0001:0001bd60       ?LightingEnhanceP@KNpcAttribModify@@AAEXPAVKNpc@@PAX@Z 1001cd60 f   KNpcAttribModify.obj
 0001:0001bd80       ?PoisonEnhanceP@KNpcAttribModify@@AAEXPAVKNpc@@PAX@Z 1001cd80 f   KNpcAttribModify.obj
 0001:0001bda0       ?LifePotionV@KNpcAttribModify@@AAEXPAVKNpc@@PAX@Z 1001cda0 f   KNpcAttribModify.obj
 0001:0001bdf0       ?ManaPotionV@KNpcAttribModify@@AAEXPAVKNpc@@PAX@Z 1001cdf0 f   KNpcAttribModify.obj
 0001:0001be40       ?PhysicsResMaxP@KNpcAttribModify@@AAEXPAVKNpc@@PAX@Z 1001ce40 f   KNpcAttribModify.obj
 0001:0001be60       ?ColdResMaxP@KNpcAttribModify@@AAEXPAVKNpc@@PAX@Z 1001ce60 f   KNpcAttribModify.obj
 0001:0001be80       ?FireResMaxP@KNpcAttribModify@@AAEXPAVKNpc@@PAX@Z 1001ce80 f   KNpcAttribModify.obj
 0001:0001bea0       ?LightingResMaxP@KNpcAttribModify@@AAEXPAVKNpc@@PAX@Z 1001cea0 f   KNpcAttribModify.obj
 0001:0001bec0       ?PoisonResMaxP@KNpcAttribModify@@AAEXPAVKNpc@@PAX@Z 1001cec0 f   KNpcAttribModify.obj
 0001:0001bee0       ?AllResMaxP@KNpcAttribModify@@AAEXPAVKNpc@@PAX@Z 1001cee0 f   KNpcAttribModify.obj
 0001:0001bf30       ?FatallyStrikeP@KNpcAttribModify@@AAEXPAVKNpc@@PAX@Z 1001cf30 f   KNpcAttribModify.obj
 0001:0001bf40       ?MixPoisonDamage@KNpcAttribModify@@QAEXPAUKMagicAttrib@@0@Z 1001cf40 f   KNpcAttribModify.obj
 0001:0001bff0       ?AddPhysicsMagicV@KNpcAttribModify@@AAEXPAVKNpc@@PAX@Z 1001cff0 f   KNpcAttribModify.obj
 0001:0001c020       ?AddColdMagicV@KNpcAttribModify@@AAEXPAVKNpc@@PAX@Z 1001d020 f   KNpcAttribModify.obj
 0001:0001c0b0       ?AddFireMagicV@KNpcAttribModify@@AAEXPAVKNpc@@PAX@Z 1001d0b0 f   KNpcAttribModify.obj
 0001:0001c0e0       ?AddLightingMagicV@KNpcAttribModify@@AAEXPAVKNpc@@PAX@Z 1001d0e0 f   KNpcAttribModify.obj
 0001:0001c110       ?AddPoisonMagicV@KNpcAttribModify@@AAEXPAVKNpc@@PAX@Z 1001d110 f   KNpcAttribModify.obj
 0001:0001c160       ?DynamicMagicShieldV@KNpcAttribModify@@AAEXPAVKNpc@@PAX@Z 1001d160 f   KNpcAttribModify.obj
 0001:0001c180       ?ReturnResP@KNpcAttribModify@@AAEXPAVKNpc@@PAX@Z 1001d180 f   KNpcAttribModify.obj
 0001:0001c1a0       ?ExpEnhanceP@KNpcAttribModify@@AAEXPAVKNpc@@PAX@Z 1001d1a0 f   KNpcAttribModify.obj
 0001:0001c1c0       ?PoisonDamageReturnP@KNpcAttribModify@@AAEXPAVKNpc@@PAX@Z 1001d1c0 f   KNpcAttribModify.obj
 0001:0001c1e0       ?ReturnSkillP@KNpcAttribModify@@AAEXPAVKNpc@@PAX@Z 1001d1e0 f   KNpcAttribModify.obj
 0001:0001c200       ?AutoReplySkill@KNpcAttribModify@@AAEXPAVKNpc@@PAX@Z 1001d200 f   KNpcAttribModify.obj
 0001:0001c250       ?LifeReplenishP@KNpcAttribModify@@AAEXPAVKNpc@@PAX@Z 1001d250 f   KNpcAttribModify.obj
 0001:0001c270       ?IgnoreSkillP@KNpcAttribModify@@AAEXPAVKNpc@@PAX@Z 1001d270 f   KNpcAttribModify.obj
 0001:0001c290       ?AutoAttackSkill@KNpcAttribModify@@AAEXPAVKNpc@@PAX@Z 1001d290 f   KNpcAttribModify.obj
 0001:0001c2c0       ?Poison2DecManaP@KNpcAttribModify@@AAEXPAVKNpc@@PAX@Z 1001d2c0 f   KNpcAttribModify.obj
 0001:0001c310       ?SkillAppendSkill@KNpcAttribModify@@AAEXPAVKNpc@@PAX@Z 1001d310 f   KNpcAttribModify.obj
 0001:0001c420       ?HideNpc@KNpcAttribModify@@AAEXPAVKNpc@@PAX@Z 1001d420 f   KNpcAttribModify.obj
 0001:0001c440       ?AutoDeathSkill@KNpcAttribModify@@AAEXPAVKNpc@@PAX@Z 1001d440 f   KNpcAttribModify.obj
 0001:0001c470       ?RandMove@KNpcAttribModify@@AAEXPAVKNpc@@PAX@Z 1001d470 f   KNpcAttribModify.obj
 0001:0001c4a0       ?IgnoreNegativeStateP@KNpcAttribModify@@AAEXPAVKNpc@@PAX@Z 1001d4a0 f   KNpcAttribModify.obj
 0001:0001c4e0       ?AutoRescueSkill@KNpcAttribModify@@AAEXPAVKNpc@@PAX@Z 1001d4e0 f   KNpcAttribModify.obj
 0001:0001c510       ?StaticMagicShieldP@KNpcAttribModify@@AAEXPAVKNpc@@PAX@Z 1001d510 f   KNpcAttribModify.obj
 0001:0001c560       ?Init@KNpcDeathCalcExp@@QAEXH@Z 1001d560 f   KNpcDeathCalcExp.obj
 0001:0001c590       ?Active@KNpcDeathCalcExp@@QAEXXZ 1001d590 f   KNpcDeathCalcExp.obj
 0001:0001c5e0       ?AddDamage@KNpcDeathCalcExp@@QAEXHH@Z 1001d5e0 f   KNpcDeathCalcExp.obj
 0001:0001c710       ?CalcExp@KNpcDeathCalcExp@@QAEHH@Z 1001d710 f   KNpcDeathCalcExp.obj
 0001:0001c9d0       ?GetDamage@KNpcDeathCalcExp@@QBEHXZ 1001d9d0 f   KNpcDeathCalcExp.obj
 0001:0001c9e0       ?Clear@KNpcDeathCalcExp@@QAEXXZ 1001d9e0 f   KNpcDeathCalcExp.obj
 0001:0001ca30       ??0KNpcFindPath@@QAE@XZ    1001da30 f   KNpcFindPath.obj
 0001:0001ca50       ?Init@KNpcFindPath@@QAEXH@Z 1001da50 f   KNpcFindPath.obj
 0001:0001ca80       ?GetDir@KNpcFindPath@@QAEHHHHHHHPAH0@Z 1001da80 f   KNpcFindPath.obj
 0001:0001d050       ?Dir64To8@KNpcFindPath@@QAEHH@Z 1001e050 f   KNpcFindPath.obj
 0001:0001d060       ?Dir8To64@KNpcFindPath@@QAEHH@Z 1001e060 f   KNpcFindPath.obj
 0001:0001d070       ?CheckDistance@KNpcFindPath@@QAEHHHHHH@Z 1001e070 f   KNpcFindPath.obj
 0001:0001d0b0       ?CheckBarrier@KNpcFindPath@@QAEHHH@Z 1001e0b0 f   KNpcFindPath.obj
 0001:0001d140       ?Init@KNpcGold@@QAEXH@Z    1001e140 f   KNpcGold.obj
 0001:0001d150       ?Release@KNpcGold@@QAEXXZ  1001e150 f   KNpcGold.obj
 0001:0001d1a0       ?SetGoldType@KNpcGold@@QAEXH@Z 1001e1a0 f   KNpcGold.obj
 0001:0001d1b0       ?SetGoldTypeAndBackData@KNpcGold@@QAEXXZ 1001e1b0 f   KNpcGold.obj
 0001:0001d260       ?RecoverBackData@KNpcGold@@QAEXXZ 1001e260 f   KNpcGold.obj
 0001:0001daa0       ?UpdateNpcData@KNpcGold@@AAEXH@Z 1001eaa0 f   KNpcGold.obj
 0001:0001e620       ?RandChangeGold@KNpcGold@@QAEXHH@Z 1001f620 f   KNpcGold.obj
 0001:0001e660       ?GetGoldType@KNpcGold@@QAEHXZ 1001f660 f   KNpcGold.obj
 0001:0001e670       ?SetGoldCurrentType@KNpcGold@@QAEXH@Z 1001f670 f   KNpcGold.obj
 0001:0001e6f0       ??0KNpcGoldTemplate@@QAE@XZ 1001f6f0 f   KNpcGold.obj
 0001:0001e710       ?Init@KNpcGoldTemplate@@QAEHXZ 1001f710 f   KNpcGold.obj
 0001:0001ec10       ??1KNpcSet@@QAE@XZ         1001fc10 f i KNpcSet.obj
 0001:0001ec70       ??0KNpcSet@@QAE@XZ         1001fc70 f   KNpcSet.obj
 0001:0001eca0       ?Init@KNpcSet@@QAEXXZ      1001fca0 f   KNpcSet.obj
 0001:0001ee80       ?LoadPlayerBaseValue@KNpcSet@@QAEXPAD@Z 1001fe80 f   KNpcSet.obj
 0001:0001ef60       ?IsNpcExist@KNpcSet@@QAEHHK@Z 1001ff60 f   KNpcSet.obj
 0001:0001ef90       ?GenOneRelation@KNpcSet@@AAE?AW4NPC_RELATION@@W4NPCKIND@@0W4NPCCAMP@@1W4NPCFIGHT@@2@Z 1001ff90 f   KNpcSet.obj
 0001:0001f0a0       ?GenRelationTable@KNpcSet@@AAEHXZ 100200a0 f   KNpcSet.obj
 0001:0001f140       ?SearchID@KNpcSet@@QAEHK@Z 10020140 f   KNpcSet.obj
 0001:0001f180       ?SearchName@KNpcSet@@QAEHPAD@Z 10020180 f   KNpcSet.obj
 0001:0001f1e0       ?SearchNameID@KNpcSet@@QAEHK@Z 100201e0 f   KNpcSet.obj
 0001:0001f240       ?SearchNpcById@KNpcSet@@QAEPAVKNpc@@K@Z 10020240 f   KNpcSet.obj
 0001:0001f2b0       ?FindFree@KNpcSet@@AAEHXZ  100202b0 f   KNpcSet.obj
 0001:0001f2d0       ?Add@KNpcSet@@QAEHHHPAX@Z  100202d0 f   KNpcSet.obj
 0001:0001f490       ?Add@KNpcSet@@QAEHHHHHH@Z  10020490 f   KNpcSet.obj
 0001:0001f520       ?Add@KNpcSet@@QAEHHHHHHHHH@Z 10020520 f   KNpcSet.obj
 0001:0001f6e0       ?Remove@KNpcSet@@QAEXH@Z   100206e0 f   KNpcSet.obj
 0001:0001f8b0       ?RemoveAll@KNpcSet@@QAEXXZ 100208b0 f   KNpcSet.obj
 0001:0001f950       ?SetID@KNpcSet@@AAEHH@Z    10020950 f   KNpcSet.obj
 0001:0001f990       ?GetDistance@KNpcSet@@SAHHH@Z 10020990 f   KNpcSet.obj
 0001:0001fb10       ?GetDistanceSquare@KNpcSet@@SAHHH@Z 10020b10 f   KNpcSet.obj
 0001:0001fc70       ?GetNextIdx@KNpcSet@@QAEHH@Z 10020c70 f   KNpcSet.obj
 0001:0001fca0       ?SyncNpc@KNpcSet@@QAEHKH@Z 10020ca0 f   KNpcSet.obj
 0001:0001fd20       ?ExecuteScript@KNpcSet@@QAEHHPAD0H@Z 10020d20 f   KNpcSet.obj
 0001:0001fd50       ?ExecuteScript@KNpcSet@@QAEHHKPADH@Z 10020d50 f   KNpcSet.obj
 0001:0001fe50       ?ClearActivateFlagOfAllNpc@KNpcSet@@QAEXXZ 10020e50 f   KNpcSet.obj
 0001:0001fe80       ?GetRelation@KNpcSet@@QAE?AW4NPC_RELATION@@HH@Z 10020e80 f   KNpcSet.obj
 0001:00020170       ?g_GenItemDropRate@@YAPAUKItemDropRate@@PAD@Z 10021170 f   KNpcTemplate.obj
 0001:000203a0       ??M@YAHVKItemDropRateNode@@0@Z 100213a0 f   KNpcTemplate.obj
 0001:000203e0       ??8@YAHVKItemDropRateNode@@0@Z 100213e0 f   KNpcTemplate.obj
 0001:00020430       ?InitNpcBaseData@KNpcTemplate@@QAEXH@Z 10021430 f   KNpcTemplate.obj
 0001:00020bd0       ??1KItemDropRateNode@@QAE@XZ 10021bd0 f i KNpcTemplate.obj
 0001:00020be0       ?InitNpcLevelData@KNpcTemplate@@QAEXPAVKTabFile@@HPAVKLuaScript@@HH@Z 10021be0 f   KNpcTemplate.obj
 0001:00021b30       ?GetNpcLevelDataFromScript@KNpcTemplate@@SAHPAVKLuaScript@@PADHH1@Z 10022b30 f   KNpcTemplate.obj
 0001:00021bc0       ?GetNpcLevelDataFromScript@KNpcTemplate@@SAHPAVKLuaScript@@PADHHNNN@Z 10022bc0 f   KNpcTemplate.obj
 0001:00021c60       ?UpdateDropRate@KNpcTemplate@@SAPAUKItemDropRate@@PBD@Z 10022c60 f   KNpcTemplate.obj
 0001:00021c70       ?SkillString2Id@KNpcTemplate@@SAHPAD@Z 10022c70 f   KNpcTemplate.obj
 0001:00021d50       ?DeleteTree@?$BinSTree@VKItemDropRateNode@@@@AAEXPAV?$TreeNode@VKItemDropRateNode@@@@@Z 10022d50 f i KNpcTemplate.obj
 0001:00021d90       ??1?$TreeNode@VKItemDropRateNode@@@@QAE@XZ 10022d90 f i KNpcTemplate.obj
 0001:00021e00       ??0KPlayer@@QAE@XZ         10022e00 f   KPlayer.obj
 0001:00021f70       ??1KPlayerAI@@QAE@XZ       10022f70 f i KPlayer.obj
 0001:00021f80       ??1KEquipmentArray@@QAE@XZ 10022f80 f i KPlayer.obj
 0001:00021f90       ??1KPlayerChat@@QAE@XZ     10022f90 f i KPlayer.obj
 0001:00021fb0       ??1CChatFriendTeam@@QAE@XZ 10022fb0 f i KPlayer.obj
 0001:00021fc0       ??1KPlayer@@QAE@XZ         10022fc0 f   KPlayer.obj
 0001:00022070       ?Release@KPlayer@@QAEXXZ   10023070 f   KPlayer.obj
 0001:00022280       ?SetPlayerIndex@KPlayer@@QAEXH@Z 10023280 f   KPlayer.obj
 0001:000222a0       ?GetPlayerIndex@KPlayer@@QAEHXZ 100232a0 f   KPlayer.obj
 0001:000222b0       ?Active@KPlayer@@QAEXXZ    100232b0 f   KPlayer.obj
 0001:000223f0       ?ProcessMsg@KPlayer@@QAEXPAVKWorldMsgNode@@@Z 100233f0 f   KPlayer.obj
 0001:00022400       ?IsWaitingRemove@KPlayer@@QAEHXZ 10023400 f   KPlayer.obj
 0001:00022420       ?WaitForRemove@KPlayer@@QAEXXZ 10023420 f   KPlayer.obj
 0001:00022430       ?IsLoginTimeOut@KPlayer@@QAEHXZ 10023430 f   KPlayer.obj
 0001:00022470       ?LoginTimeOut@KPlayer@@QAEXXZ 10023470 f   KPlayer.obj
 0001:000224a0       ?Save@KPlayer@@QAEHXZ      100234a0 f   KPlayer.obj
 0001:00022500       ?CanSave@KPlayer@@QAEHXZ   10023500 f   KPlayer.obj
 0001:00022590       ?SendSyncData@KPlayer@@QAEHAAHAAI@Z 10023590 f   KPlayer.obj
 0001:00022810       ?SendSyncData_Skill@KPlayer@@QAEHXZ 10023810 f   KPlayer.obj
 0001:000228e0       ?SendCurNormalSyncData@KPlayer@@QAEXXZ 100238e0 f   KPlayer.obj
 0001:00022980       ?QuitGame@KPlayer@@QAEXH@Z 10023980 f   KPlayer.obj
 0001:00022990       ?BuyItem@KPlayer@@QAEXPAE@Z 10023990 f   KPlayer.obj
 0001:000229d0       ?SellItem@KPlayer@@QAEXPAE@Z 100239d0 f   KPlayer.obj
 0001:00022a10       ?GetLoginRevivalPos@KPlayer@@QAEXPAH00@Z 10023a10 f   KPlayer.obj
 0001:00022a30       ?GetDeathRevivalPos@KPlayer@@QAEXPAH00@Z 10023a30 f   KPlayer.obj
 0001:00022a50       ?SetRevivalPos@KPlayer@@QAEXHH@Z 10023a50 f   KPlayer.obj
 0001:00022ae0       ?S2CSendTeamInfo@KPlayer@@QAEXPAE@Z 10023ae0 f   KPlayer.obj
 0001:00022ce0       ?SendSelfTeamInfo@KPlayer@@QAEXXZ 10023ce0 f   KPlayer.obj
 0001:00022f80       ?CreateTeam@KPlayer@@QAEHPAE@Z 10023f80 f   KPlayer.obj
 0001:00022fa0       ?SetTeamState@KPlayer@@QAEHPAE@Z 10023fa0 f   KPlayer.obj
 0001:00023060       ?S2CSendAddTeamInfo@KPlayer@@QAEHPAE@Z 10024060 f   KPlayer.obj
 0001:000232b0       ?AddTeamMember@KPlayer@@QAEHPAE@Z 100242b0 f   KPlayer.obj
 0001:000238a0       ?LeaveTeam@KPlayer@@QAEXPAE@Z 100248a0 f   KPlayer.obj
 0001:00023a30       ?TeamKickOne@KPlayer@@QAEXPAE@Z 10024a30 f   KPlayer.obj
 0001:00023c80       ?TeamChangeCaptain@KPlayer@@QAEXPAE@Z 10024c80 f   KPlayer.obj
 0001:000240e0       ?TeamDismiss@KPlayer@@QAEXPAE@Z 100250e0 f   KPlayer.obj
 0001:00024320       ?SetPK@KPlayer@@QAEXPAE@Z  10025320 f   KPlayer.obj
 0001:00024370       ?SendFactionData@KPlayer@@QAEXPAE@Z 10025370 f   KPlayer.obj
 0001:00024380       ?SendFactionData@KPlayer@@AAEXXZ 10025380 f   KPlayer.obj
 0001:00024400       ?GetAboutPos@KPlayer@@QAEXPAUKMapPos@@@Z 10025400 f   KPlayer.obj
 0001:000244f0       ?FindAroundPlayer@KPlayer@@QAEHK@Z 100254f0 f   KPlayer.obj
 0001:000245c0       ?CheckPlayerAround@KPlayer@@QAEHH@Z 100255c0 f   KPlayer.obj
 0001:000246a0       ?FindAroundNpc@KPlayer@@QAEHK@Z 100256a0 f   KPlayer.obj
 0001:00024770       ?ResetBaseAttribute@KPlayer@@QAEXD@Z 10025770 f   KPlayer.obj
 0001:00024a50       ?CalcCurLucky@KPlayer@@AAEXXZ 10025a50 f   KPlayer.obj
 0001:00024a60       ?AddBaseStrength@KPlayer@@AAEXH@Z 10025a60 f   KPlayer.obj
 0001:00024b10       ?AddBaseDexterity@KPlayer@@AAEXH@Z 10025b10 f   KPlayer.obj
 0001:00024bd0       ?AddBaseVitality@KPlayer@@AAEXH@Z 10025bd0 f   KPlayer.obj
 0001:00024d10       ?AddBaseEngergy@KPlayer@@AAEXH@Z 10025d10 f   KPlayer.obj
 0001:00024e00       ?ChangeCurStrength@KPlayer@@QAEXH@Z 10025e00 f   KPlayer.obj
 0001:00024e20       ?ChangeCurDexterity@KPlayer@@QAEXH@Z 10025e20 f   KPlayer.obj
 0001:00024e90       ?ChangeCurVitality@KPlayer@@QAEXH@Z 10025e90 f   KPlayer.obj
 0001:00024f40       ?ChangeCurEngergy@KPlayer@@QAEXH@Z 10025f40 f   KPlayer.obj
 0001:00024fb0       ?AddBaseLucky@KPlayer@@QAEXH@Z 10025fb0 f   KPlayer.obj
 0001:00024fd0       ?SetNpcPhysicsDamage@KPlayer@@AAEXXZ 10025fd0 f   KPlayer.obj
 0001:00025090       ?SetNpcAttackRating@KPlayer@@AAEXXZ 10026090 f   KPlayer.obj
 0001:000250c0       ?SetNpcDefence@KPlayer@@AAEXXZ 100260c0 f   KPlayer.obj
 0001:000250f0       ?AddExp@KPlayer@@QAEXMHH@Z 100260f0 f   KPlayer.obj
 0001:000255f0       ?AddSelfExp@KPlayer@@QAEXHH@Z 100265f0 f   KPlayer.obj
 0001:000257d0       ?DirectAddExp@KPlayer@@QAEXH@Z 100267d0 f   KPlayer.obj
 0001:00025880       ?LevelUp@KPlayer@@QAEXXZ   10026880 f   KPlayer.obj
 0001:00025e60       ?UpdataCurData@KPlayer@@QAEXXZ 10026e60 f   KPlayer.obj
 0001:00026780       ?ReCalcEquip@KPlayer@@QAEXXZ 10027780 f   KPlayer.obj
 0001:00026810       ?ReCalcState@KPlayer@@QAEXXZ 10027810 f   KPlayer.obj
 0001:00026830       ?AddLeadExp@KPlayer@@QAEXH@Z 10027830 f   KPlayer.obj
 0001:000268f0       ?LevelAddBaseLifeMax@KPlayer@@AAEXXZ 100278f0 f   KPlayer.obj
 0001:00026960       ?LevelAddBaseStaminaMax@KPlayer@@AAEXXZ 10027960 f   KPlayer.obj
 0001:000269d0       ?LevelAddBaseManaMax@KPlayer@@AAEXXZ 100279d0 f   KPlayer.obj
 0001:00026a40       ?ChangePlayerCamp@KPlayer@@QAEXH@Z 10027a40 f   KPlayer.obj
 0001:00026a70       ?AddFaction@KPlayer@@QAEHPAD@Z 10027a70 f   KPlayer.obj
 0001:00026b10       ?AddFaction@KPlayer@@QAEHH@Z 10027b10 f   KPlayer.obj
 0001:00026bb0       ?LeaveCurFaction@KPlayer@@QAEHXZ 10027bb0 f   KPlayer.obj
 0001:00026c20       ?CurFactionOpenSkill@KPlayer@@QAEHH@Z 10027c20 f   KPlayer.obj
 0001:00026cb0       ?TaskClearTempVal@KPlayer@@QAEXXZ 10027cb0 f   KPlayer.obj
 0001:00026cc0       ?TaskGetSaveVal@KPlayer@@QAEHH@Z 10027cc0 f   KPlayer.obj
 0001:00026ce0       ?TaskSetSaveVal@KPlayer@@QAEXHH@Z 10027ce0 f   KPlayer.obj
 0001:00026dc0       ?TaskGetClearVal@KPlayer@@QAEHH@Z 10027dc0 f   KPlayer.obj
 0001:00026de0       ?TaskSetClearVal@KPlayer@@QAEXHH@Z 10027de0 f   KPlayer.obj
 0001:00026e50       ?CheckRideHorse@KPlayer@@QAEXH@Z 10027e50 f   KPlayer.obj
 0001:00026f50       ?SetLevel@KPlayer@@QAEXE@Z 10027f50 f   KPlayer.obj
 0001:00027680       ?RefeshPlayer@KPlayer@@QAEX_N@Z 10028680 f   KPlayer.obj
 0001:00027710       ?AddAllSkillPoint@KPlayer@@QAEXH@Z 10028710 f   KPlayer.obj
 0001:00027760       ?AddSkillPoint@KPlayer@@QAEXHH@Z 10028760 f   KPlayer.obj
 0001:000278a0       ?UpdateSkillPointAdd@KPlayer@@QAEXXZ 100288a0 f   KPlayer.obj
 0001:000278e0       ?ServerSendChat@KPlayer@@QAEXPAE@Z 100288e0 f   KPlayer.obj
 0001:00027900       ?AddBaseAttribute@KPlayer@@QAEXPAE@Z 10028900 f   KPlayer.obj
 0001:00027960       ?AddSkillPoint@KPlayer@@QAEXPAE@Z 10028960 f   KPlayer.obj
 0001:00027d60       ?ServerPickUpItem@KPlayer@@QAEHPAE@Z 10028d60 f   KPlayer.obj
 0001:00028390       ?EatItem@KPlayer@@QAEXPAE@Z 10029390 f   KPlayer.obj
 0001:000283c0       ?ServerMoveItem@KPlayer@@QAEXPAE@Z 100293c0 f   KPlayer.obj
 0001:00028590       ?ServerThrowAwayItem@KPlayer@@QAEXPAE@Z 10029590 f   KPlayer.obj
 0001:000287f0       ?ChatSetTakeChannel@KPlayer@@QAEXPAE@Z 100297f0 f   KPlayer.obj
 0001:00028810       ?ChatTransmitApplyAddFriend@KPlayer@@QAEXPAE@Z 10029810 f   KPlayer.obj
 0001:00028910       ?ChatAddFriend@KPlayer@@QAEHPAE@Z 10029910 f   KPlayer.obj
 0001:00028a00       ?ChatRefuseFriend@KPlayer@@QAEXPAE@Z 10029a00 f   KPlayer.obj
 0001:00028b00       ?ChatResendAllFriend@KPlayer@@QAEXPAE@Z 10029b00 f   KPlayer.obj
 0001:00028b40       ?ChatSendOneFriendData@KPlayer@@QAEXPAE@Z 10029b40 f   KPlayer.obj
 0001:00028b60       ?ChatDeleteFriend@KPlayer@@QAEXPAE@Z 10029b60 f   KPlayer.obj
 0001:00028b80       ?ChatRedeleteFriend@KPlayer@@QAEXPAE@Z 10029b80 f   KPlayer.obj
 0001:00028ba0       ?TradeApplyOpen@KPlayer@@QAEXPAE@Z 10029ba0 f   KPlayer.obj
 0001:00028c50       ?TradeApplyClose@KPlayer@@QAEXPAE@Z 10029c50 f   KPlayer.obj
 0001:00028c80       ?TradeApplyStart@KPlayer@@QAEXPAE@Z 10029c80 f   KPlayer.obj
 0001:00028d80       ?TradeMoveMoney@KPlayer@@QAEXPAE@Z 10029d80 f   KPlayer.obj
 0001:00028de0       ?TradeDecision@KPlayer@@QAEXPAE@Z 10029de0 f   KPlayer.obj
 0001:00029460       ?c2sTradeReplyStart@KPlayer@@QAEXPAE@Z 1002a460 f   KPlayer.obj
 0001:00029710       ?SyncTradeState@KPlayer@@QAEXXZ 1002a710 f   KPlayer.obj
 0001:00029810       ?SendEquipItemInfo@KPlayer@@QAEXH@Z 1002a810 f   KPlayer.obj
 0001:00029980       ?UseTownPortal@KPlayer@@QAEXXZ 1002a980 f   KPlayer.obj
 0001:00029ad0       ?BackToTownPortal@KPlayer@@QAEXH@Z 1002aad0 f   KPlayer.obj
 0001:00029cb0       ?ClearPortal@KPlayer@@QAEXXZ 1002acb0 f   KPlayer.obj
 0001:00029cf0       ?Revive@KPlayer@@QAEXH@Z   1002acf0 f   KPlayer.obj
 0001:00029e90       ?RestoreLiveData@KPlayer@@QAEXXZ 1002ae90 f   KPlayer.obj
 0001:00029eb0       ?Pay@KPlayer@@QAEHH@Z      1002aeb0 f   KPlayer.obj
 0001:00029ed0       ?PrePay@KPlayer@@QAEHH@Z   1002aed0 f   KPlayer.obj
 0001:00029f00       ?Earn@KPlayer@@QAEHH@Z     1002af00 f   KPlayer.obj
 0001:00029f20       ?LaunchPlayer@KPlayer@@QAEXXZ 1002af20 f   KPlayer.obj
 0001:0002a010       ?StopMove@KPlayer@@QAEXXZ  1002b010 f   KPlayer.obj
 0001:0002a070       ?ExecuteScript@KPlayer@@QAEHPAD0H@Z 1002b070 f   KPlayer.obj
 0001:0002a0b0       ?ExecuteScript@KPlayer@@QAEHKPADH@Z 1002b0b0 f   KPlayer.obj
 0001:0002a270       ?ExecuteScript@KPlayer@@QAEHKPAD0@Z 1002b270 f   KPlayer.obj
 0001:0002a420       ?ExecuteScript@KPlayer@@QAEHPAD00@Z 1002b420 f   KPlayer.obj
 0001:0002a470       ?ExecuteScript2@KPlayer@@QAEHPAD0HHH@Z 1002b470 f   KPlayer.obj
 0001:0002a4c0       ?ExecuteScript2@KPlayer@@QAEHKPADHHH@Z 1002b4c0 f   KPlayer.obj
 0001:0002a6a0       ?ExecuteScript2@KPlayer@@QAEHPAD0H0H@Z 1002b6a0 f   KPlayer.obj
 0001:0002a6f0       ?ExecuteScript2@KPlayer@@QAEHKPADH0H@Z 1002b6f0 f   KPlayer.obj
 0001:0002a8d0       ?DoScriptAction@KPlayer@@QAEXPAUPLAYER_SCRIPTACTION_SYNC@@@Z 1002b8d0 f   KPlayer.obj
 0001:0002a920       ?ProcessPlayerSelectFromUI@KPlayer@@QAEXPAE@Z 1002b920 f   KPlayer.obj
 0001:0002aa60       ?ChatFriendOnLine@KPlayer@@QAEXKH@Z 1002ba60 f   KPlayer.obj
 0001:0002ab30       ?GetFactionName@KPlayer@@QAEXPADH@Z 1002bb30 f   KPlayer.obj
 0001:0002ab50       ?S2CExecuteScript@KPlayer@@AAEXPAD0@Z 1002bb50 f   KPlayer.obj
 0001:0002ac40       ?AddTempTaskValue@KPlayer@@QAEHPAX@Z 1002bc40 f   KPlayer.obj
 0001:0002ac60       ?DialogNpc@KPlayer@@QAEXPAE@Z 1002bc60 f   KPlayer.obj
 0001:0002ad00       ?CheckTrading@KPlayer@@QAEHXZ 1002bd00 f   KPlayer.obj
 0001:0002ad10       ?SetFirstDamage@KPlayer@@QAEXXZ 1002bd10 f   KPlayer.obj
 0001:0002b120       ?SetBaseAttackRating@KPlayer@@QAEXXZ 1002c120 f   KPlayer.obj
 0001:0002b150       ?SetBaseDefence@KPlayer@@QAEXXZ 1002c150 f   KPlayer.obj
 0001:0002b180       ?SetBaseResistData@KPlayer@@QAEXXZ 1002c180 f   KPlayer.obj
 0001:0002b360       ?SetBaseSpeedAndRadius@KPlayer@@QAEXXZ 1002c360 f   KPlayer.obj
 0001:0002b410       ?SetNpcDamageAttrib@KPlayer@@QAEXXZ 1002c410 f   KPlayer.obj
 0001:0002b420       ?TobeExchangeServer@KPlayer@@QAEXKHH@Z 1002c420 f   KPlayer.obj
 0001:0002b460       ?IsExchangingServer@KPlayer@@QAEHXZ 1002c460 f   KPlayer.obj
 0001:0002b470       ?SetLastNetOperationTime@KPlayer@@QAEXH@Z 1002c470 f   KPlayer.obj
 0001:0002b4f0       ?CreateTong@KPlayer@@QAEHHPAD@Z 1002c4f0 f   KPlayer.obj
 0001:0002b510       ?RepairItem@KPlayer@@QAEXK@Z 1002c510 f   KPlayer.obj
 0001:0002b5c0       ?SetExtPoint@KPlayer@@QAEXHH@Z 1002c5c0 f   KPlayer.obj
 0001:0002b5e0       ?GetExtPoint@KPlayer@@QAEHXZ 1002c5e0 f   KPlayer.obj
 0001:0002b5f0       ?PayExtPoint@KPlayer@@QAEHH@Z 1002c5f0 f   KPlayer.obj
 0001:0002b620       ?GetExtPointChanged@KPlayer@@QAEHXZ 1002c620 f   KPlayer.obj
 0001:0002b630       ?SetExtPoint2@KPlayer@@QAEXH@Z 1002c630 f   KPlayer.obj
 0001:0002b640       ?SyncBronzeCoin@KPlayer@@QAEXXZ 1002c640 f   KPlayer.obj
 0001:0002b6a0       ?SetBronzeCoin@KPlayer@@QAEXH@Z 1002c6a0 f   KPlayer.obj
 0001:0002b6d0       ?GetBronzeCoin@KPlayer@@QAEHXZ 1002c6d0 f   KPlayer.obj
 0001:0002b720       ?PayBronzeCoin@KPlayer@@QAEHH@Z 1002c720 f   KPlayer.obj
 0001:0002b760       ?SyncLockBronzeCoin@KPlayer@@QAEXXZ 1002c760 f   KPlayer.obj
 0001:0002b7c0       ?SetLockBronzeCoin@KPlayer@@QAEXH@Z 1002c7c0 f   KPlayer.obj
 0001:0002b7f0       ?GetLockBronzeCoin@KPlayer@@QAEHXZ 1002c7f0 f   KPlayer.obj
 0001:0002b840       ?PayLockBronzeCoin@KPlayer@@QAEHH@Z 1002c840 f   KPlayer.obj
 0001:0002b880       ?ProcessEnhance@KPlayer@@QAEXXZ 1002c880 f   KPlayer.obj
 0001:0002ba30       ?ProcessRemoveEnhance@KPlayer@@QAEXXZ 1002ca30 f   KPlayer.obj
 0001:0002ba80       ?ExeScriptButton@KPlayer@@QAEXPAE@Z 1002ca80 f   KPlayer.obj
 0001:0002c110       ?BreakItem@KPlayer@@QAEXKH@Z 1002d110 f   KPlayer.obj
 0001:0002c240       ?HideMask@KPlayer@@QAEXH@Z 1002d240 f   KPlayer.obj
 0001:0002c2b0       ?SendShopItemInfo@KPlayer@@QAEXHH@Z 1002d2b0 f   KPlayer.obj
 0001:0002c570       ?BuyPlayerShop@KPlayer@@QAEXPAE@Z 1002d570 f   KPlayer.obj
 0001:0002c740       ?RestoreTask@KPlayer@@QAEXXZ 1002d740 f   KPlayer.obj
 0001:0002c7a0       ?ExecuteScriptRet@KPlayer@@QAEHPAD0H@Z 1002d7a0 f   KPlayer.obj
 0001:0002c7e0       ?ExecuteScriptRet@KPlayer@@QAEHKPADH@Z 1002d7e0 f   KPlayer.obj
 0001:0002c9c0       ?ExecuteScriptRet@KPlayer@@QAEHPAD00@Z 1002d9c0 f   KPlayer.obj
 0001:0002ca10       ?ExecuteScriptRet@KPlayer@@QAEHKPAD0@Z 1002da10 f   KPlayer.obj
 0001:0002cbf0       ?SetTitle@KPlayer@@QAEXG_N@Z 1002dbf0 f   KPlayer.obj
 0001:0002cef0       ?GetTaxShopItem@KPlayer@@AAEHH@Z 1002def0 f   KPlayer.obj
 0001:0002cf20       ?AddAntiPaket@KPlayer@@QAEHKK@Z 1002df20 f   KPlayer.obj
 0001:0002cf80       ?SaveLog@KPlayer@@QAEXHPBD00@Z 1002df80 f   KPlayer.obj
 0001:0002cf90       ?SetAutoFlag@KPlayer@@QAEXH@Z 1002df90 f   KPlayer.obj
 0001:0002d000       ?LockPlayerInfo@KPlayer@@QAEXEHH@Z 1002e000 f   KPlayer.obj
 0001:0002d5c0       ?SetStoreBoxNum@KPlayer@@QAEXE@Z 1002e5c0 f   KPlayer.obj
 0001:0002d620       ?SetExpandBoxNum@KPlayer@@QAEXE@Z 1002e620 f   KPlayer.obj
 0001:0002d680       ?SetNumImgAvatar@KPlayer@@QAEXH@Z 1002e680 f   KPlayer.obj
 0001:0002d6a0       ?GiveBoxCmd@KPlayer@@QAEXKHH@Z 1002e6a0 f   KPlayer.obj
 0001:0002d930       ?Release@KPlayerChat@@QAEXXZ 1002e930 f   KPlayerChat.obj
 0001:0002d9a0       ?CheckExist@KPlayerChat@@QAEHK@Z 1002e9a0 f   KPlayerChat.obj
 0001:0002d9f0       ?CheckExist@KPlayerChat@@QAEHPAD@Z 1002e9f0 f   KPlayerChat.obj
 0001:0002da90       ?GetFriendNode@KPlayerChat@@QAEPAVCChatFriend@@K@Z 1002ea90 f   KPlayerChat.obj
 0001:0002dae0       ?GetTeamNo@KPlayerChat@@QAEHK@Z 1002eae0 f   KPlayerChat.obj
 0001:0002db30       ?GetName@KPlayerChat@@QAEHKPAD@Z 1002eb30 f   KPlayerChat.obj
 0001:0002dba0       ?SetTakeChannel@KPlayerChat@@QAEXK@Z 1002eba0 f   KPlayerChat.obj
 0001:0002dbd0       ?ServerSendChat@KPlayerChat@@QAEXHPAE@Z 1002ebd0 f   KPlayerChat.obj
 0001:0002e6c0       ?DataBaseAddOne@KPlayerChat@@QAEXHKPAD@Z 1002f6c0 f   KPlayerChat.obj
 0001:0002e6e0       ?AddFriendData@KPlayerChat@@QAEXHH@Z 1002f6e0 f   KPlayerChat.obj
 0001:0002e840       ??_GCChatFriend@@UAEPAXI@Z 1002f840 f i KPlayerChat.obj
 0001:0002e840       ??_ECChatFriend@@UAEPAXI@Z 1002f840 f i KPlayerChat.obj
 0001:0002e860       ??1CChatFriend@@UAE@XZ     1002f860 f i KPlayerChat.obj
 0001:0002e870       ?ResendOneFriendData@KPlayerChat@@QAEXKH@Z 1002f870 f   KPlayerChat.obj
 0001:0002e920       ?SyncFriendData@KPlayerChat@@QAEHHAAI@Z 1002f920 f   KPlayerChat.obj
 0001:0002eaa0       ?StartSendFriendData@KPlayerChat@@QAEXXZ 1002faa0 f   KPlayerChat.obj
 0001:0002ead0       ?DeleteFriend@KPlayerChat@@QAEXKK@Z 1002fad0 f   KPlayerChat.obj
 0001:0002eb90       ?DeleteFriendData@KPlayerChat@@QAEXKH@Z 1002fb90 f   KPlayerChat.obj
 0001:0002ec60       ?RedeleteFriend@KPlayerChat@@QAEXKH@Z 1002fc60 f   KPlayerChat.obj
 0001:0002ecd0       ?OffLine@KPlayerChat@@QAEXK@Z 1002fcd0 f   KPlayerChat.obj
 0001:0002ed30       ?GetMsgOffLine@KPlayerChat@@QAEXKH@Z 1002fd30 f   KPlayerChat.obj
 0001:0002edd0       ?TimerAdd@KPlayerChat@@QAEXXZ 1002fdd0 f   KPlayerChat.obj
 0001:0002ede0       ?CheckTalkChannel@KPlayerChat@@QAEHH@Z 1002fde0 f   KPlayerChat.obj
 0001:0002ee10       ?SendSystemInfo@KPlayerChat@@SAXHHPAD0H@Z 1002fe10 f   KPlayerChat.obj
 0001:0002ef40       ?SendGlobalSystemInfo@KPlayerChat@@SAXPAD0H@Z 1002ff40 f   KPlayerChat.obj
 0001:0002efe0       ?SendInfoToGM@KPlayerChat@@SAXPAD00H@Z 1002ffe0 f   KPlayerChat.obj
 0001:0002f0e0       ?SendInfoToIP@KPlayerChat@@SAXKKPAD00H@Z 100300e0 f   KPlayerChat.obj
 0001:0002f1d0       ?SendInfoToFaction@KPlayerChat@@SAXHPAD0H@Z 100301d0 f   KPlayerChat.obj
 0001:0002f1e0       ?MakeBrother@KPlayerChat@@SAXABV?$list@V?$basic_string@DU?$char_traits@D@std@@V?$allocator@D@2@@std@@V?$allocator@V?$basic_string@DU?$char_traits@D@std@@V?$allocator@D@2@@std@@@2@@std@@@Z 100301e0 f   KPlayerChat.obj
 0001:0002f3a0       ?MakeEnemy@KPlayerChat@@SAXPAD0@Z 100303a0 f   KPlayerChat.obj
 0001:0002f4b0       ??0CChatFriendTeam@@QAE@XZ 100304b0 f   KPlayerChat.obj
 0001:0002f500       ?Release@CChatFriendTeam@@QAEXXZ 10030500 f   KPlayerChat.obj
 0001:0002f570       ?DataBaseAddOne@CChatFriendTeam@@QAEXHKPAD@Z 10030570 f   KPlayerChat.obj
 0001:0002f650       ??1?$basic_string@DU?$char_traits@D@std@@V?$allocator@D@2@@std@@QAE@XZ 10030650 f i KPlayerChat.obj
 0001:0002f690       ?assign@?$basic_string@DU?$char_traits@D@std@@V?$allocator@D@2@@std@@QAEAAV12@ABV12@II@Z 10030690 f i KPlayerChat.obj
 0001:0002f890       ?_Tidy@?$basic_string@DU?$char_traits@D@std@@V?$allocator@D@2@@std@@AAEX_N@Z 10030890 f i KPlayerChat.obj
 0001:0002f8e0       ?_Eos@?$basic_string@DU?$char_traits@D@std@@V?$allocator@D@2@@std@@AAEXI@Z 100308e0 f i KPlayerChat.obj
 0001:0002f900       ?_Grow@?$basic_string@DU?$char_traits@D@std@@V?$allocator@D@2@@std@@AAE_NI_N@Z 10030900 f i KPlayerChat.obj
 0001:0002fa20       ?max_size@?$basic_string@DU?$char_traits@D@std@@V?$allocator@D@2@@std@@QBEIXZ 10030a20 f i KPlayerChat.obj
 0001:0002fa30       ?_Copy@?$basic_string@DU?$char_traits@D@std@@V?$allocator@D@2@@std@@AAEXI@Z 10030a30 f i KPlayerChat.obj
 0001:0002fb40       ?_Split@?$basic_string@DU?$char_traits@D@std@@V?$allocator@D@2@@std@@AAEXXZ 10030b40 f i KPlayerChat.obj
 0001:0002fc60       ??0KList@@QAE@XZ           10030c60 f i KPlayerDBFuns.obj
 0001:0002fcb0       ?AddDBPlayer@KPlayer@@QAEHPADHPAK@Z 10030cb0 f   KPlayerDBFuns.obj
 0001:0002fcc0       ?LoadDBPlayerInfo@KPlayer@@QAEHPAEAAHAAI@Z 10030cc0 f   KPlayerDBFuns.obj
 0001:0002ff80       ?UpdateDBPlayerInfo@KPlayer@@QAEHPAE@Z 10030f80 f   KPlayerDBFuns.obj
 0001:0002ffd0       ?LoadPlayerBaseInfo@KPlayer@@AAEHPAEAAPAEAAI@Z 10030fd0 f   KPlayerDBFuns.obj
 0001:00030500       ?LoadPlayerItemList@KPlayer@@AAEHPAEAAPAEAAI@Z 10031500 f   KPlayerDBFuns.obj
 0001:000308e0       ?LoadPlayerFightSkillList@KPlayer@@AAEHPAEAAPAEAAI@Z 100318e0 f   KPlayerDBFuns.obj
 0001:00030990       ?LoadPlayerLifeSkilllList@KPlayer@@AAEHPAEAAPAEAAI@Z 10031990 f   KPlayerDBFuns.obj
 0001:00030a30       ?LoadPlayerFriendList@KPlayer@@AAEHPAEAAPAEAAI@Z 10031a30 f   KPlayerDBFuns.obj
 0001:00030b20       ?LoadPlayerTaskList@KPlayer@@AAEHPAEAAPAEAAI@Z 10031b20 f   KPlayerDBFuns.obj
 0001:00030cc0       ?SavePlayerBaseInfo@KPlayer@@AAEHPAE@Z 10031cc0 f   KPlayerDBFuns.obj
 0001:00031030       ?SavePlayerItemList@KPlayer@@AAEHPAE@Z 10032030 f   KPlayerDBFuns.obj
 0001:000311a0       ?SavePlayerFightSkillList@KPlayer@@AAEHPAE@Z 100321a0 f   KPlayerDBFuns.obj
 0001:00031220       ?SavePlayerLifeSkilllList@KPlayer@@AAEHPAE@Z 10032220 f   KPlayerDBFuns.obj
 0001:00031240       ?SavePlayerFriendList@KPlayer@@AAEHPAE@Z 10032240 f   KPlayerDBFuns.obj
 0001:000312e0       ?SavePlayerTaskList@KPlayer@@AAEHPAE@Z 100322e0 f   KPlayerDBFuns.obj
 0001:00031450       ??0KPlayerFaction@@QAE@XZ  10032450 f   KPlayerFaction.obj
 0001:00031460       ?Release@KPlayerFaction@@QAEXXZ 10032460 f   KPlayerFaction.obj
 0001:00031480       ?SetSeries@KPlayerFaction@@QAEXH@Z 10032480 f   KPlayerFaction.obj
 0001:00031490       ?AddFaction@KPlayerFaction@@QAEHHPAD@Z 10032490 f   KPlayerFaction.obj
 0001:000314d0       ?AddFaction@KPlayerFaction@@QAEHHH@Z 100324d0 f   KPlayerFaction.obj
 0001:00031530       ?LeaveFaction@KPlayerFaction@@QAEXXZ 10032530 f   KPlayerFaction.obj
 0001:00031540       ?OpenCurSkillLevel@KPlayerFaction@@QAEHHPAVKSkillList@@@Z 10032540 f   KPlayerFaction.obj
 0001:00031550       ?GetGurFactionCamp@KPlayerFaction@@QAEHXZ 10032550 f   KPlayerFaction.obj
 0001:00031590       ?GetCurFactionNo@KPlayerFaction@@QAEHXZ 10032590 f   KPlayerFaction.obj
 0001:000315a0       ?GetCurFactionName@KPlayerFaction@@QAEXPAD@Z 100325a0 f   KPlayerFaction.obj
 0001:00031630       ??0KPlayerMenuState@@QAE@XZ 10032630 f   KPlayerMenuState.obj
 0001:00031640       ?Release@KPlayerMenuState@@QAEXXZ 10032640 f   KPlayerMenuState.obj
 0001:00031680       ?BackupState@KPlayerMenuState@@QAEXXZ 10032680 f   KPlayerMenuState.obj
 0001:000316a0       ?RestoreState@KPlayerMenuState@@QAEXXZ 100326a0 f   KPlayerMenuState.obj
 0001:000316c0       ?SetState@KPlayerMenuState@@QAEXHHPADHK@Z 100326c0 f   KPlayerMenuState.obj
 0001:000319e0       ?RestoreBackupState@KPlayerMenuState@@QAEXH@Z 100329e0 f   KPlayerMenuState.obj
 0001:00031a90       ?Init@KPlayerMenuStateGraph@@QAEHXZ 10032a90 f   KPlayerMenuState.obj
 0001:00031b50       ?GetStateSpr@KPlayerMenuStateGraph@@QAEXHPAD@Z 10032b50 f   KPlayerMenuState.obj
 0001:00031bf0       ??0KPlayerPK@@QAE@XZ       10032bf0 f   KPlayerPK.obj
 0001:00031c00       ?Init@KPlayerPK@@QAEXH@Z   10032c00 f   KPlayerPK.obj
 0001:00031c30       ?Active@KPlayerPK@@QAEXXZ  10032c30 f   KPlayerPK.obj
 0001:00031c40       ?SetNormalPKState@KPlayerPK@@QAEXE@Z 10032c40 f   KPlayerPK.obj
 0001:00031d10       ?GetNormalPKState@KPlayerPK@@QAEEXZ 10032d10 f   KPlayerPK.obj
 0001:00031d20       ?EnmityPKClose@KPlayerPK@@QAEXXZ 10032d20 f   KPlayerPK.obj
 0001:00031e60       ?EnmityPKOpen@KPlayerPK@@QAEHH@Z 10032e60 f   KPlayerPK.obj
 0001:00032370       ?GetEnmityPKState@KPlayerPK@@QAEHXZ 10033370 f   KPlayerPK.obj
 0001:00032380       ?GetEnmityPKAim@KPlayerPK@@QAEHXZ 10033380 f   KPlayerPK.obj
 0001:00032390       ?ExercisePKClose@KPlayerPK@@QAEXXZ 10033390 f   KPlayerPK.obj
 0001:000324a0       ?ExercisePKOpen@KPlayerPK@@QAEHH@Z 100334a0 f   KPlayerPK.obj
 0001:000326f0       ?GetExercisePKAim@KPlayerPK@@QAEHXZ 100336f0 f   KPlayerPK.obj
 0001:00032700       ?SetPKValue@KPlayerPK@@QAEXD@Z 10033700 f   KPlayerPK.obj
 0001:00032780       ?GetPKValue@KPlayerPK@@QBEDXZ 10033780 f   KPlayerPK.obj
 0001:00032790       ?AddPKValue@KPlayerPK@@QAEXD@Z 10033790 f   KPlayerPK.obj
 0001:00032810       ?CloseAll@KPlayerPK@@QAEXXZ 10033810 f   KPlayerPK.obj
 0001:00032830       ?EnmityPKCountDown@KPlayerPK@@QAEXXZ 10033830 f   KPlayerPK.obj
 0001:00032a10       ??0KPlayerSet@@QAE@XZ      10033a10 f   KPlayerSet.obj
 0001:00032aa0       ??1KPlayerSet@@QAE@XZ      10033aa0 f   KPlayerSet.obj
 0001:00032b20       ?Init@KPlayerSet@@QAEHXZ   10033b20 f   KPlayerSet.obj
 0001:00032fd0       ?Activate@KPlayerSet@@QAEXXZ 10033fd0 f   KPlayerSet.obj
 0001:00032fe0       ?FindFree@KPlayerSet@@AAEHXZ 10033fe0 f   KPlayerSet.obj
 0001:00032ff0       ?FindSame@KPlayerSet@@QAEHK@Z 10033ff0 f   KPlayerSet.obj
 0001:00033040       ?GetFirstPlayer@KPlayerSet@@QAEHXZ 10034040 f   KPlayerSet.obj
 0001:00033060       ?GetNextPlayer@KPlayerSet@@QAEHXZ 10034060 f   KPlayerSet.obj
 0001:00033080       ?Add@KPlayerSet@@QAEHPADPAX@Z 10034080 f   KPlayerSet.obj
 0001:00033160       ?Broadcasting@KPlayerSet@@QAEHPADH@Z 10034160 f   KPlayerSet.obj
 0001:000331d0       ?PrepareRemove@KPlayerSet@@QAEXH@Z 100341d0 f   KPlayerSet.obj
 0001:000333e0       ?PrepareLoginFailed@KPlayerSet@@QAEXH@Z 100343e0 f   KPlayerSet.obj
 0001:00033490       ?PrepareExchange@KPlayerSet@@QAEXH@Z 10034490 f   KPlayerSet.obj
 0001:00033520       ?RemoveQuiting@KPlayerSet@@QAEXH@Z 10034520 f   KPlayerSet.obj
 0001:000337e0       ?RemoveLoginTimeOut@KPlayerSet@@QAEXH@Z 100347e0 f   KPlayerSet.obj
 0001:00033930       ?RemoveExchanging@KPlayerSet@@QAEXH@Z 10034930 f   KPlayerSet.obj
 0001:00033be0       ?ProcessClientMessage@KPlayerSet@@QAEXHPBDH@Z 10034be0 f   KPlayerSet.obj
 0001:00033c40       ?GetPlayerName@KPlayerSet@@QAEHHPAD@Z 10034c40 f   KPlayerSet.obj
 0001:00033cb0       ?GetPlayerAccount@KPlayerSet@@QAEHHPAD@Z 10034cb0 f   KPlayerSet.obj
 0001:00033d20       ?AttachPlayer@KPlayerSet@@QAEHKPAU_GUID@@@Z 10034d20 f   KPlayerSet.obj
 0001:00033e00       ?GetPlayerIndexByGuid@KPlayerSet@@QAEHPAU_GUID@@@Z 10034e00 f   KPlayerSet.obj
 0001:00033e90       ?AutoSave@KPlayerSet@@QAEXXZ 10034e90 f   KPlayerSet.obj
 0001:00033f50       ?GetFirstPlayerEx@KPlayerSet@@QAEHXZ 10034f50 f   KPlayerSet.obj
 0001:00033f60       ?GetNextPlayerEx@KPlayerSet@@QAEHH@Z 10034f60 f   KPlayerSet.obj
 0001:00033f80       ??0KLevelAdd@@QAE@XZ       10034f80 f   KPlayerSet.obj
 0001:00034040       ?Init@KLevelAdd@@QAEHXZ    10035040 f   KPlayerSet.obj
 0001:00034250       ?GetLevelExp@KLevelAdd@@QAEHE@Z 10035250 f   KPlayerSet.obj
 0001:00034270       ?GetLifePerLevel@KLevelAdd@@QAEHH@Z 10035270 f   KPlayerSet.obj
 0001:00034290       ?GetStaminaPerLevel@KLevelAdd@@QAEHHH@Z 10035290 f   KPlayerSet.obj
 0001:000342c0       ?GetManaPerLevel@KLevelAdd@@QAEHH@Z 100352c0 f   KPlayerSet.obj
 0001:000342e0       ?GetLifePerVitality@KLevelAdd@@QAEHH@Z 100352e0 f   KPlayerSet.obj
 0001:00034300       ?GetStaminaPerVitality@KLevelAdd@@QAEHH@Z 10035300 f   KPlayerSet.obj
 0001:00034320       ?GetManaPerEnergy@KLevelAdd@@QAEHH@Z 10035320 f   KPlayerSet.obj
 0001:00034340       ?GetLeadExpShare@KLevelAdd@@QAEHH@Z 10035340 f   KPlayerSet.obj
 0001:00034360       ?GetFireResist@KLevelAdd@@QAEHHH@Z 10035360 f   KPlayerSet.obj
 0001:000343b0       ?GetColdResist@KLevelAdd@@QAEHHH@Z 100353b0 f   KPlayerSet.obj
 0001:00034400       ?GetPoisonResist@KLevelAdd@@QAEHHH@Z 10035400 f   KPlayerSet.obj
 0001:00034450       ?GetLightResist@KLevelAdd@@QAEHHH@Z 10035450 f   KPlayerSet.obj
 0001:000344a0       ?GetPhysicsResist@KLevelAdd@@QAEHHH@Z 100354a0 f   KPlayerSet.obj
 0001:000344f0       ??0KTeamLeadExp@@QAE@XZ    100354f0 f   KPlayerSet.obj
 0001:00034510       ?Init@KTeamLeadExp@@QAEHXZ 10035510 f   KPlayerSet.obj
 0001:000345e0       ?GetLevel@KTeamLeadExp@@QAEHKH@Z 100355e0 f   KPlayerSet.obj
 0001:00034630       ?GetMemNumFromExp@KTeamLeadExp@@QAEHK@Z 10035630 f   KPlayerSet.obj
 0001:00034650       ?GetMemNumFromLevel@KTeamLeadExp@@QAEHH@Z 10035650 f   KPlayerSet.obj
 0001:00034670       ?GetLevelExp@KTeamLeadExp@@QAEHH@Z 10035670 f   KPlayerSet.obj
 0001:00034690       ??0KNewPlayerAttribute@@QAE@XZ 10035690 f   KPlayerSet.obj
 0001:000346f0       ?Init@KNewPlayerAttribute@@QAEHXZ 100356f0 f   KPlayerSet.obj
 0001:000348c0       ?Remove@?$KLinkArrayTemplate@UTMissionPlayerInfo@@$0ELA@@@QAEKPAUTMissionPlayerInfo@@@Z 100358c0 f i KPlayerSet.obj
 0001:00034940       ??0KShop@@QAE@XZ           10035940 f   KPlayerShop.obj
 0001:00034950       ?Release@KShop@@QAEXXZ     10035950 f   KPlayerShop.obj
 0001:00034b20       ??0KPlayerTask@@QAE@XZ     10035b20 f   KPlayerTask.obj
 0001:00034b30       ?Release@KPlayerTask@@QAEXXZ 10035b30 f   KPlayerTask.obj
 0001:00034b50       ?ClearTempVar@KPlayerTask@@QAEXXZ 10035b50 f   KPlayerTask.obj
 0001:00034b70       ?GetSaveVal@KPlayerTask@@QAEHH@Z 10035b70 f   KPlayerTask.obj
 0001:00034b90       ?SetSaveVal@KPlayerTask@@QAEXHH@Z 10035b90 f   KPlayerTask.obj
 0001:00034bb0       ?GetClearVal@KPlayerTask@@QAEHH@Z 10035bb0 f   KPlayerTask.obj
 0001:00034bd0       ?SetClearVal@KPlayerTask@@QAEXHH@Z 10035bd0 f   KPlayerTask.obj
 0001:00034c50       ?Release@KPlayerTeam@@QAEXXZ 10035c50 f   KPlayerTeam.obj
 0001:00034c80       ?CreateTeam@KPlayerTeam@@QAEHHPAUPLAYER_APPLY_CREATE_TEAM@@@Z 10035c80 f   KPlayerTeam.obj
 0001:00034e80       ?InviteAdd@KPlayerTeam@@QAEXHPAUTEAM_INVITE_ADD_COMMAND@@@Z 10035e80 f   KPlayerTeam.obj
 0001:00035050       ?GetInviteReply@KPlayerTeam@@QAEXHHH@Z 10036050 f   KPlayerTeam.obj
 0001:00035670       ?SetCanTeamFlag@KPlayerTeam@@QAEXHH@Z 10036670 f   KPlayerTeam.obj
 0001:000356d0       ??0KTeam@@QAE@XZ           100366d0 f   KPlayerTeam.obj
 0001:000356e0       ?Release@KTeam@@QAEXXZ     100366e0 f   KPlayerTeam.obj
 0001:00035710       ?SetIndex@KTeam@@QAEXH@Z   10036710 f   KPlayerTeam.obj
 0001:00035720       ?FindFree@KTeam@@QAEHXZ    10036720 f   KPlayerTeam.obj
 0001:00035740       ?FindMemberID@KTeam@@QAEHK@Z 10036740 f   KPlayerTeam.obj
 0001:000357a0       ?CheckFull@KTeam@@QAEHXZ   100367a0 f   KPlayerTeam.obj
 0001:000357c0       ?SetTeamOpen@KTeam@@QAEHXZ 100367c0 f   KPlayerTeam.obj
 0001:000358d0       ?SetTeamClose@KTeam@@QAEHXZ 100368d0 f   KPlayerTeam.obj
 0001:000359c0       ?IsOpen@KTeam@@QAEHXZ      100369c0 f   KPlayerTeam.obj
 0001:000359d0       ?CalcCaptainPower@KTeam@@QAEHXZ 100369d0 f   KPlayerTeam.obj
 0001:00035a00       ?CheckAddCondition@KTeam@@AAEHH@Z 10036a00 f   KPlayerTeam.obj
 0001:00035a80       ?CreateTeam@KTeam@@QAEHH@Z 10036a80 f   KPlayerTeam.obj
 0001:00035aa0       ?AddMember@KTeam@@QAEHH@Z  10036aa0 f   KPlayerTeam.obj
 0001:00035b00       ?DeleteMember@KTeam@@QAEHH@Z 10036b00 f   KPlayerTeam.obj
 0001:00035ec0       ?CheckIn@KTeam@@QAEHH@Z    10036ec0 f   KPlayerTeam.obj
 0001:00035f00       ?Init@KTeamSet@@QAEXXZ     10036f00 f   KPlayerTeam.obj
 0001:00035f20       ?FindFree@KTeamSet@@AAEHXZ 10036f20 f   KPlayerTeam.obj
 0001:00035f40       ?CreateTeam@KTeamSet@@QAEHH@Z 10036f40 f   KPlayerTeam.obj
 0001:00035fb0       ?Init@KPlayerTong@@QAEXH@Z 10036fb0 f   KPlayerTong.obj
 0001:00035fc0       ?Clear@KPlayerTong@@QAEXXZ 10036fc0 f   KPlayerTong.obj
 0001:00035fe0       ?CheckCreateCondition@KPlayerTong@@QAEHHPAD@Z 10036fe0 f   KPlayerTong.obj
 0001:000361d0       ?Create@KPlayerTong@@QAEHHPBD@Z 100371d0 f   KPlayerTong.obj
 0001:00036470       ?GetOpenFlag@KPlayerTong@@QAEHXZ 10037470 f   KPlayerTong.obj
 0001:00036490       ?TransferAddApply@KPlayerTong@@QAEHK@Z 10037490 f   KPlayerTong.obj
 0001:00036630       ?CheckAcceptAddApplyCondition@KPlayerTong@@AAEHXZ 10037630 f   KPlayerTong.obj
 0001:00036650       ?SendRefuseMessage@KPlayerTong@@QAEXHK@Z 10037650 f   KPlayerTong.obj
 0001:00036820       ?GetTongName@KPlayerTong@@QAEXPAD@Z 10037820 f   KPlayerTong.obj
 0001:00036860       ?GetTongTitle@KPlayerTong@@QAEXPAD@Z 10037860 f   KPlayerTong.obj
 0001:000368a0       ?CheckAddCondition@KPlayerTong@@QAEHH@Z 100378a0 f   KPlayerTong.obj
 0001:00036950       ?AddTong@KPlayerTong@@QAEHHPAD00@Z 10037950 f   KPlayerTong.obj
 0001:00036b70       ?GetTongNameID@KPlayerTong@@QAEKXZ 10037b70 f   KPlayerTong.obj
 0001:00036b80       ?CanGetManagerInfo@KPlayerTong@@QAEHK@Z 10037b80 f   KPlayerTong.obj
 0001:00036bd0       ?CanGetMemberInfo@KPlayerTong@@QAEHK@Z 10037bd0 f   KPlayerTong.obj
 0001:00036c20       ?SendSelfInfo@KPlayerTong@@QAEXXZ 10037c20 f   KPlayerTong.obj
 0001:00036cf0       ?CheckInstatePower@KPlayerTong@@QAEHPAUTONG_APPLY_INSTATE_COMMAND@@@Z 10037cf0 f   KPlayerTong.obj
 0001:00036e40       ?CheckKickPower@KPlayerTong@@QAEHPAUTONG_APPLY_KICK_COMMAND@@@Z 10037e40 f   KPlayerTong.obj
 0001:00036ea0       ?BeInstated@KPlayerTong@@QAEXPAUSTONG_SERVER_TO_CORE_BE_INSTATED@@@Z 10037ea0 f   KPlayerTong.obj
 0001:00036ef0       ?BeKicked@KPlayerTong@@QAEXPAUSTONG_SERVER_TO_CORE_BE_KICKED@@@Z 10037ef0 f   KPlayerTong.obj
 0001:00037010       ?CheckLeavePower@KPlayerTong@@QAEHPAUTONG_APPLY_LEAVE_COMMAND@@@Z 10038010 f   KPlayerTong.obj
 0001:00037090       ?Leave@KPlayerTong@@QAEXPAUSTONG_SERVER_TO_CORE_LEAVE@@@Z 10038090 f   KPlayerTong.obj
 0001:000372a0       ?CheckChangeMasterPower@KPlayerTong@@QAEHPAUTONG_APPLY_CHANGE_MASTER_COMMAND@@@Z 100382a0 f   KPlayerTong.obj
 0001:00037330       ?CheckGetMasterPower@KPlayerTong@@QAEHPAUSTONG_SERVER_TO_CORE_CHECK_GET_MASTER_POWER@@@Z 10038330 f   KPlayerTong.obj
 0001:00037410       ?ChangeAs@KPlayerTong@@QAEXPAUSTONG_SERVER_TO_CORE_CHANGE_AS@@@Z 10038410 f   KPlayerTong.obj
 0001:00037550       ?ChangeMaster@KPlayerTong@@QAEXPAD@Z 10038550 f   KPlayerTong.obj
 0001:000375b0       ?Login@KPlayerTong@@QAEXPAUSTONG_SERVER_TO_CORE_LOGIN@@@Z 100385b0 f   KPlayerTong.obj
 0001:000377b0       ?CheckChangeCampPower@KPlayerTong@@QAEHPAUTONG_CHANGE_CAMP_COMMAND@@@Z 100387b0 f   KPlayerTong.obj
 0001:00037850       ?ChangeCamp@KPlayerTong@@QAEXPAUSTONG_SERVER_TO_CORE_CHANGE_CAMP@@@Z 10038850 f   KPlayerTong.obj
 0001:000378f0       ?CheckChangeMemberTitlePower@KPlayerTong@@QAEHPAUTONG_CHANGE_MEMBER_TITLE_COMMAND@@@Z 100388f0 f   KPlayerTong.obj
 0001:00037950       ?CheckChangeOneTitlePower@KPlayerTong@@QAEHPAUTONG_CHANGE_ONE_TITLE_COMMAND@@@Z 10038950 f   KPlayerTong.obj
 0001:000379f0       ?ChangeTitle@KPlayerTong@@QAEXPBD@Z 100389f0 f   KPlayerTong.obj
 0001:00037a40       ?CheckSaveMoneyPower@KPlayerTong@@QAEHPAUTONG_APPLY_SAVE_MONEY_COMMAND@@@Z 10038a40 f   KPlayerTong.obj
 0001:00037af0       ?SaveMoney@KPlayerTong@@QAEXPAUSTONG_SERVER_TO_CORE_SAVE_MONEY@@@Z 10038af0 f   KPlayerTong.obj
 0001:00037b20       ?CheckGetMoneyPower@KPlayerTong@@QAEHPAUTONG_APPLY_GET_MONEY_COMMAND@@@Z 10038b20 f   KPlayerTong.obj
 0001:00037bd0       ?GetMoney@KPlayerTong@@QAEXPAUSTONG_SERVER_TO_CORE_GET_MONEY@@_N@Z 10038bd0 f   KPlayerTong.obj
 0001:00037c60       ??0KTrade@@QAE@XZ          10038c60 f   KPlayerTrade.obj
 0001:00037c80       ?Release@KTrade@@QAEXXZ    10038c80 f   KPlayerTrade.obj
[...]
 0001:00000c70       _$E21                      10001c70 f   KMissle.obj
 0001:00000c90       _$E28                      10001c90 f   KMissle.obj
 0001:00000ca0       _$E25                      10001ca0 f   KMissle.obj
 0001:00000cc0       _$E27                      10001cc0 f   KMissle.obj
 0001:00000cd0       _$E26                      10001cd0 f   KMissle.obj
 0001:00003050       _$E35                      10004050 f   KMissle.obj
 0001:00003070       _$E34                      10004070 f   KMissle.obj
 0001:00000b00       _$E25                      10001b00 f   KThiefSkill.obj
 0001:00000b20       _$E24                      10001b20 f   KThiefSkill.obj
 0001:00000070       _$E22                      10001070 f   KPlayerPartner.obj
 0001:00000090       _$E21                      10001090 f   KPlayerPartner.obj
 0001:00000030       _$E22                      10001030 f   KPartnerSkill.obj
 0001:00000050       _$E21                      10001050 f   KPartnerSkill.obj
 0001:00074e60       _$E19                      10075e60 f   common:Exception.obj
 0001:00074e80       _$E18                      10075e80 f   common:Exception.obj
 0001:00074880       _$E23                      10075880 f   common:Buffer.obj
 0001:000748a0       _$E22                      100758a0 f   common:Buffer.obj
 0001:000780ac       _$E2                       100790ac f   libcpmt:nomemory.obj
 0001:00077ca7       __Mbrtowc_lk               10078ca7 f   libcpmt:xmbtowc.obj
 0001:00077710       _$E18                      10078710 f   libcpmt:locale0.obj
 0001:0007771a       _$E15                      1007871a f   libcpmt:locale0.obj
 0001:0007771b       _$E17                      1007871b f   libcpmt:locale0.obj
 0001:00077727       _$E16                      10078727 f   libcpmt:locale0.obj
 0001:00077c02       _$E29                      10078c02 f   libcpmt:locale0.obj
 0001:00077c2c       _$E25                      10078c2c f   libcpmt:locale0.obj
 0001:00077c38       _$E28                      10078c38 f   libcpmt:locale0.obj
 0001:000770f3       ?_CleanUp@std@@YAXXZ       100780f3 f   libcpmt:xlock.obj
 0001:00077033       _$E24                      10078033 f   libcpmt:string.obj
 0001:0007705d       _$E20                      1007805d f   libcpmt:string.obj
 0001:00077069       _$E23                      10078069 f   libcpmt:string.obj
 0001:00075e58       _$E18                      10076e58 f   libcpmt:wiostrea.obj
 0001:00075e62       _$E15                      10076e62 f   libcpmt:wiostrea.obj
 0001:00075e6c       _$E17                      10076e6c f   libcpmt:wiostrea.obj
 0001:00075e78       _$E16                      10076e78 f   libcpmt:wiostrea.obj
 0001:00075e82       _$E24                      10076e82 f   libcpmt:wiostrea.obj
 0001:00075e8c       _$E21                      10076e8c f   libcpmt:wiostrea.obj
 0001:00075e96       _$E23                      10076e96 f   libcpmt:wiostrea.obj
 0001:00075ea2       _$E22                      10076ea2 f   libcpmt:wiostrea.obj
 0001:00075eac       _$E29                      10076eac f   libcpmt:wiostrea.obj
 0001:00075eb6       _$E26                      10076eb6 f   libcpmt:wiostrea.obj
 0001:00075ec3       _$E28                      10076ec3 f   libcpmt:wiostrea.obj
 0001:00075ecf       _$E27                      10076ecf f   libcpmt:wiostrea.obj
 0001:00075ed9       _$E34                      10076ed9 f   libcpmt:wiostrea.obj
 0001:00075ee3       _$E31                      10076ee3 f   libcpmt:wiostrea.obj
 0001:00075ef0       _$E33                      10076ef0 f   libcpmt:wiostrea.obj
 0001:00075efc       _$E32                      10076efc f   libcpmt:wiostrea.obj
 0001:00075f06       _$E39                      10076f06 f   libcpmt:wiostrea.obj
 0001:00075f10       _$E36                      10076f10 f   libcpmt:wiostrea.obj
 0001:00075f1d       _$E38                      10076f1d f   libcpmt:wiostrea.obj
 0001:00075f29       _$E37                      10076f29 f   libcpmt:wiostrea.obj
 0001:00075f33       _$E44                      10076f33 f   libcpmt:wiostrea.obj
 0001:00075f3d       _$E41                      10076f3d f   libcpmt:wiostrea.obj
 0001:00075f4c       _$E43                      10076f4c f   libcpmt:wiostrea.obj
 0001:00075f58       _$E42                      10076f58 f   libcpmt:wiostrea.obj
 0001:00075f77       _$E49                      10076f77 f   libcpmt:wiostrea.obj
 0001:00075f81       _$E46                      10076f81 f   libcpmt:wiostrea.obj
 0001:00075f90       _$E48                      10076f90 f   libcpmt:wiostrea.obj
 0001:00075f9c       _$E47                      10076f9c f   libcpmt:wiostrea.obj
 0001:00075fbb       _$E54                      10076fbb f   libcpmt:wiostrea.obj
 0001:00075fc5       _$E51                      10076fc5 f   libcpmt:wiostrea.obj
 0001:00075fd4       _$E53                      10076fd4 f   libcpmt:wiostrea.obj
 0001:00075fe0       _$E52                      10076fe0 f   libcpmt:wiostrea.obj
 0001:00075fea       _$E59                      10076fea f   libcpmt:wiostrea.obj
 0001:00075ff4       _$E56                      10076ff4 f   libcpmt:wiostrea.obj
 0001:00076003       _$E58                      10077003 f   libcpmt:wiostrea.obj
 0001:0007600f       _$E57                      1007700f f   libcpmt:wiostrea.obj
 0001:00076cdd       _$E70                      10077cdd f   libcpmt:wiostrea.obj
 0001:00076d07       _$E66                      10077d07 f   libcpmt:wiostrea.obj
 0001:00076d13       _$E69                      10077d13 f   libcpmt:wiostrea.obj
 0001:00074e9b       _$E18                      10075e9b f   libcpmt:iostream.obj
 0001:00074ea5       _$E15                      10075ea5 f   libcpmt:iostream.obj
 0001:00074eb2       _$E17                      10075eb2 f   libcpmt:iostream.obj
 0001:00074ebe       _$E16                      10075ebe f   libcpmt:iostream.obj
 0001:00074ec8       _$E23                      10075ec8 f   libcpmt:iostream.obj
 0001:00074ed2       _$E20                      10075ed2 f   libcpmt:iostream.obj
 0001:00074edf       _$E22                      10075edf f   libcpmt:iostream.obj
 0001:00074eeb       _$E21                      10075eeb f   libcpmt:iostream.obj
 0001:00074ef5       _$E28                      10075ef5 f   libcpmt:iostream.obj
 0001:00074eff       _$E25                      10075eff f   libcpmt:iostream.obj
 0001:00074f0e       _$E27                      10075f0e f   libcpmt:iostream.obj
 0001:00074f1a       _$E26                      10075f1a f   libcpmt:iostream.obj
 0001:00074f39       _$E33                      10075f39 f   libcpmt:iostream.obj
 0001:00074f43       _$E30                      10075f43 f   libcpmt:iostream.obj
 0001:00074f52       _$E32                      10075f52 f   libcpmt:iostream.obj
 0001:00074f5e       _$E31                      10075f5e f   libcpmt:iostream.obj
 0001:00074f7d       _$E38                      10075f7d f   libcpmt:iostream.obj
 0001:00074f87       _$E35                      10075f87 f   libcpmt:iostream.obj
 0001:00074f94       _$E37                      10075f94 f   libcpmt:iostream.obj
 0001:00074fa0       _$E36                      10075fa0 f   libcpmt:iostream.obj
 0001:00074faa       _$E43                      10075faa f   libcpmt:iostream.obj
 0001:00074fb4       _$E40                      10075fb4 f   libcpmt:iostream.obj
 0001:00074fc3       _$E42                      10075fc3 f   libcpmt:iostream.obj
 0001:00074fcf       _$E41                      10075fcf f   libcpmt:iostream.obj
 0001:00074fd9       _$E48                      10075fd9 f   libcpmt:iostream.obj
 0001:00074fe3       _$E45                      10075fe3 f   libcpmt:iostream.obj
 0001:00074ff2       _$E47                      10075ff2 f   libcpmt:iostream.obj
 0001:00074ffe       _$E46                      10075ffe f   libcpmt:iostream.obj
 0001:00075e15       _$E60                      10076e15 f   libcpmt:iostream.obj
 0001:00075e3f       _$E56                      10076e3f f   libcpmt:iostream.obj
 0001:00075e4b       _$E59                      10076e4b f   libcpmt:iostream.obj
 0001:00085cb0       _findenv                   10086cb0 f   LIBCMT:setenv.obj
 0001:00085d08       _copy_environ              10086d08 f   LIBCMT:setenv.obj
 0001:00085afe       _strncnt                   10086afe f   LIBCMT:a_cmp.obj
 0001:00084793       _ctrlevent_capture@4       10085793 f   LIBCMT:winsig.obj
 0001:00084977       _siglookup                 10085977 f   LIBCMT:winsig.obj
 0001:000842c1       _xtoa                      100852c1 f   LIBCMT:xtoa.obj
 0001:00084393       _x64toa@20                 10085393 f   LIBCMT:xtoa.obj
 0001:000837f4       __expandtime               100847f4 f   LIBCMT:strftime.obj
 0001:00083be3       __store_str                10084be3 f   LIBCMT:strftime.obj
 0001:00083c0a       __store_num                10084c0a f   LIBCMT:strftime.obj
 0001:00083c79       __store_number             10084c79 f   LIBCMT:strftime.obj
 0001:00083cc2       __store_winword            10084cc2 f   LIBCMT:strftime.obj
 0001:000829ed       _getSystemCP               100839ed f   LIBCMT:mbctype.obj
 0001:00082a37       _CPtoLCID                  10083a37 f   LIBCMT:mbctype.obj
 0001:00082a6a       _setSBCS                   10083a6a f   LIBCMT:mbctype.obj
 0001:00082a93       _setSBUpLow                10083a93 f   LIBCMT:mbctype.obj
 0001:00082608       _xcptlookup                10083608 f   LIBCMT:winxfltr.obj
 0001:00081bc2       __abstract_cw              10082bc2 f   LIBCMT:ieee87.obj
 0001:00081c54       __hw_cw                    10082c54 f   LIBCMT:ieee87.obj
 0001:00081cdd       __abstract_sw              10082cdd f   LIBCMT:ieee87.obj
 0001:000812a7       _TranslateName             100822a7 f   LIBCMT:getqloc.obj
 0001:000812ff       _GetLcidFromLangCountry    100822ff f   LIBCMT:getqloc.obj
 0001:00081386       _LangCountryEnumProc@4     10082386 f   LIBCMT:getqloc.obj
 0001:0008158a       _GetLcidFromLanguage       1008258a f   LIBCMT:getqloc.obj
 0001:000815e0       _LanguageEnumProc@4        100825e0 f   LIBCMT:getqloc.obj
 0001:0008169d       _GetLcidFromCountry        1008269d f   LIBCMT:getqloc.obj
 0001:000816d4       _CountryEnumProc@4         100826d4 f   LIBCMT:getqloc.obj
 0001:0008175a       _GetLcidFromDefault        1008275a f   LIBCMT:getqloc.obj
 0001:00081774       _ProcessCodePage           10082774 f   LIBCMT:getqloc.obj
 0001:000817da       _TestDefaultCountry        100827da f   LIBCMT:getqloc.obj
 0001:000817f9       _TestDefaultLanguage       100827f9 f   LIBCMT:getqloc.obj
 0001:0008185b       _IsThisWindowsNT           1008285b f   LIBCMT:getqloc.obj
 0001:00081891       _crtGetLocaleInfoA@16      10082891 f   LIBCMT:getqloc.obj
 0001:00081977       _LcidFromHexString         10082977 f   LIBCMT:getqloc.obj
 0001:000819b0       _GetPrimaryLen             100829b0 f   LIBCMT:getqloc.obj
 0001:00080c7b       __get_lc_lconv             10081c7b f   LIBCMT:initmon.obj
 0001:00080d9d       _fix_grouping              10081d9d f   LIBCMT:initmon.obj
 0001:00080dd4       __free_lc_lconv            10081dd4 f   LIBCMT:initmon.obj
 0001:00080b79       _fix_grouping              10081b79 f   LIBCMT:initnum.obj
 0001:000804c6       __get_lc_time              100814c6 f   LIBCMT:inittime.obj
 0001:00080814       __free_lc_time             10081814 f   LIBCMT:inittime.obj
 0001:0007e096       _parse_cmdline             1007f096 f   LIBCMT:stdargv.obj
 0001:0007d712       __tzset_lk                 1007e712 f   LIBCMT:tzset.obj
 0001:0007d9ba       __isindst_lk               1007e9ba f   LIBCMT:tzset.obj
 0001:0007db66       _cvtdate                   1007eb66 f   LIBCMT:tzset.obj
 0001:0007d414       _strncnt                   1007e414 f   LIBCMT:a_map.obj
 0001:0007c470       ?FindHandler@@YAXPAUEHExceptionRecord@@PAUEHRegistrationNode@@PAU_CONTEXT@@PAXPBU_s_FuncInfo@@EH1@Z 1007d470 f   LIBCMT:frame.obj
 0001:0007c623       ?FindHandlerForForeignException@@YAXPAUEHExceptionRecord@@PAUEHRegistrationNode@@PAU_CONTEXT@@PAXPBU_s_FuncInfo@@HH1@Z 1007d623 f   LIBCMT:frame.obj
 0001:0007c6cd       ?TypeMatch@@YAHPBU_s_HandlerType@@PBU_s_CatchableType@@PBU_s_ThrowInfo@@@Z 1007d6cd f   LIBCMT:frame.obj
 0001:0007c7c8       ?FrameUnwindFilter@@YAHPAU_EXCEPTION_POINTERS@@@Z 1007d7c8 f   LIBCMT:frame.obj
 0001:0007c7de       ?CatchIt@@YAXPAUEHExceptionRecord@@PAUEHRegistrationNode@@PAU_CONTEXT@@PAXPBU_s_FuncInfo@@PBU_s_HandlerType@@PBU_s_CatchableType@@PBU_s_TryBlockMapEntry@@H1E@Z 1007d7de f   LIBCMT:frame.obj
 0001:0007c859       ?CallCatchBlock@@YAPAXPAUEHExceptionRecord@@PAUEHRegistrationNode@@PAU_CONTEXT@@PBU_s_FuncInfo@@PAXHK@Z 1007d859 f   LIBCMT:frame.obj
 0001:0007c974       ?ExFilterRethrow@@YAHPAU_EXCEPTION_POINTERS@@@Z 1007d974 f   LIBCMT:frame.obj
 0001:0007c99e       ?BuildCatchObject@@YAXPAUEHExceptionRecord@@PAUEHRegistrationNode@@PBU_s_HandlerType@@PBU_s_CatchableType@@@Z 1007d99e f   LIBCMT:frame.obj
 0001:0007cbc9       ?AdjustPointer@@YAPAXPAXABUPMD@@@Z 1007dbc9 f   LIBCMT:frame.obj
 0001:0007c10e       __cftoe2                   1007d10e f   LIBCMT:cvt.obj
 0001:0007c225       __cftof2                   1007d225 f   LIBCMT:cvt.obj
 0001:0007c3b0       __shift                    1007d3b0 f   LIBCMT:cvt.obj
 0001:0007be6d       _write_char                1007ce6d f   LIBCMT:output.obj
 0001:0007bea2       _write_multi_char          1007cea2 f   LIBCMT:output.obj
 0001:0007bed3       _write_string              1007ced3 f   LIBCMT:output.obj
 0001:0007bf0b       _get_int_arg               1007cf0b f   LIBCMT:output.obj
 0001:0007bf18       _get_int64_arg             1007cf18 f   LIBCMT:output.obj
 0001:0007bf28       _get_short_arg             1007cf28 f   LIBCMT:output.obj
 0001:0007b33a       _doexit                    1007c33a f   LIBCMT:crt0dat.obj
 0001:0007b3f1       __initterm                 1007c3f1 f   LIBCMT:crt0dat.obj
 0001:0007ae15       __setlocale_set_cat        1007be15 f   LIBCMT:setlocal.obj
 0001:0007af30       __setlocale_get_all        1007bf30 f   LIBCMT:setlocal.obj
 0001:0007a390       _flsall                    1007b390 f   LIBCMT:fflush.obj
 0001:00079c10       LeadUp1                    1007ac10 f   LIBCMT:memcpy.obj
 0001:00079c3c       LeadUp2                    1007ac3c f   LIBCMT:memcpy.obj
 0001:00079c60       LeadUp3                    1007ac60 f   LIBCMT:memcpy.obj
 0001:00079cdf       UnwindUp0                  1007acdf f   LIBCMT:memcpy.obj
 0001:00079ccc       UnwindUp1                  1007accc f   LIBCMT:memcpy.obj
 0001:00079cc4       UnwindUp2                  1007acc4 f   LIBCMT:memcpy.obj
 0001:00079cbc       UnwindUp3                  1007acbc f   LIBCMT:memcpy.obj
 0001:00079cb4       UnwindUp4                  1007acb4 f   LIBCMT:memcpy.obj
 0001:00079cac       UnwindUp5                  1007acac f   LIBCMT:memcpy.obj
 0001:00079ca4       UnwindUp6                  1007aca4 f   LIBCMT:memcpy.obj
 0001:00079c9c       UnwindUp7                  1007ac9c f   LIBCMT:memcpy.obj
 0001:00079cf8       TrailUp0                   1007acf8 f   LIBCMT:memcpy.obj
 0001:00079d00       TrailUp1                   1007ad00 f   LIBCMT:memcpy.obj
 0001:00079d0c       TrailUp2                   1007ad0c f   LIBCMT:memcpy.obj
 0001:00079d20       TrailUp3                   1007ad20 f   LIBCMT:memcpy.obj
 0001:00079d98       LeadDown1                  1007ad98 f   LIBCMT:memcpy.obj
 0001:00079db8       LeadDown2                  1007adb8 f   LIBCMT:memcpy.obj
 0001:00079de0       LeadDown3                  1007ade0 f   LIBCMT:memcpy.obj
 0001:00079e34       UnwindDown7                1007ae34 f   LIBCMT:memcpy.obj
 0001:00079e3c       UnwindDown6                1007ae3c f   LIBCMT:memcpy.obj
 0001:00079e44       UnwindDown5                1007ae44 f   LIBCMT:memcpy.obj
 0001:00079e4c       UnwindDown4                1007ae4c f   LIBCMT:memcpy.obj
 0001:00079e54       UnwindDown3                1007ae54 f   LIBCMT:memcpy.obj
 0001:00079e5c       UnwindDown2                1007ae5c f   LIBCMT:memcpy.obj
 0001:00079e64       UnwindDown1                1007ae64 f   LIBCMT:memcpy.obj
 0001:00079e77       UnwindDown0                1007ae77 f   LIBCMT:memcpy.obj
 0001:00079e90       TrailDown0                 1007ae90 f   LIBCMT:memcpy.obj
 0001:00079e98       TrailDown1                 1007ae98 f   LIBCMT:memcpy.obj
 0001:00079ea8       TrailDown2                 1007aea8 f   LIBCMT:memcpy.obj
 0001:00079ebc       TrailDown3                 1007aebc f   LIBCMT:memcpy.obj
 0001:000790b1       __make_time_t              1007a0b1 f   LIBCMT:mktime.obj
 0001:00078dd0       LeadUp1                    10079dd0 f   LIBCMT:memmove.obj
 0001:00078dfc       LeadUp2                    10079dfc f   LIBCMT:memmove.obj
 0001:00078e20       LeadUp3                    10079e20 f   LIBCMT:memmove.obj
 0001:00078e9f       UnwindUp0                  10079e9f f   LIBCMT:memmove.obj
 0001:00078e8c       UnwindUp1                  10079e8c f   LIBCMT:memmove.obj
 0001:00078e84       UnwindUp2                  10079e84 f   LIBCMT:memmove.obj
 0001:00078e7c       UnwindUp3                  10079e7c f   LIBCMT:memmove.obj
 0001:00078e74       UnwindUp4                  10079e74 f   LIBCMT:memmove.obj
 0001:00078e6c       UnwindUp5                  10079e6c f   LIBCMT:memmove.obj
 0001:00078e64       UnwindUp6                  10079e64 f   LIBCMT:memmove.obj
 0001:00078e5c       UnwindUp7                  10079e5c f   LIBCMT:memmove.obj
 0001:00078eb8       TrailUp0                   10079eb8 f   LIBCMT:memmove.obj
 0001:00078ec0       TrailUp1                   10079ec0 f   LIBCMT:memmove.obj
 0001:00078ecc       TrailUp2                   10079ecc f   LIBCMT:memmove.obj
 0001:00078ee0       TrailUp3                   10079ee0 f   LIBCMT:memmove.obj
 0001:00078f58       LeadDown1                  10079f58 f   LIBCMT:memmove.obj
 0001:00078f78       LeadDown2                  10079f78 f   LIBCMT:memmove.obj
 0001:00078fa0       LeadDown3                  10079fa0 f   LIBCMT:memmove.obj
 0001:00078ff4       UnwindDown7                10079ff4 f   LIBCMT:memmove.obj
 0001:00078ffc       UnwindDown6                10079ffc f   LIBCMT:memmove.obj
 0001:00079004       UnwindDown5                1007a004 f   LIBCMT:memmove.obj
 0001:0007900c       UnwindDown4                1007a00c f   LIBCMT:memmove.obj
 0001:00079014       UnwindDown3                1007a014 f   LIBCMT:memmove.obj
 0001:0007901c       UnwindDown2                1007a01c f   LIBCMT:memmove.obj
 0001:00079024       UnwindDown1                1007a024 f   LIBCMT:memmove.obj
 0001:00079037       UnwindDown0                1007a037 f   LIBCMT:memmove.obj
 0001:00079050       TrailDown0                 1007a050 f   LIBCMT:memmove.obj
 0001:00079058       TrailDown1                 1007a058 f   LIBCMT:memmove.obj
 0001:00079068       TrailDown2                 1007a068 f   LIBCMT:memmove.obj
 0001:0007907c       TrailDown3                 1007a07c f   LIBCMT:memmove.obj
 0001:000787ae       ?ArrayUnwindFilter@@YAHPAU_EXCEPTION_POINTERS@@@Z 100797ae f   LIBCMT:ehvecdtr.obj
 0001:00078578       _gu_return                 10079578 f   LIBCMT:exsup.obj
 0001:00078580       __unwind_handler           10079580 f   LIBCMT:exsup.obj
 0001:00078393       ?CatchGuardHandler@@YA?AW4_EXCEPTION_DISPOSITION@@PAUEHExceptionRecord@@PAUCatchGuardRN@@PAX2@Z 10079393 f   LIBCMT:trnsctrl.obj
 0001:0007846e       ?TranslatorGuardHandler@@YA?AW4_EXCEPTION_DISPOSITION@@PAUEHExceptionRecord@@PAUTranslatorGuardRN@@PAX2@Z 1007946e f   LIBCMT:trnsctrl.obj
 0001:000864bc       _$E4                       100874bc f   comsupp:comutil.obj
 0001:000864c6       _$E1                       100874c6 f   comsupp:comutil.obj
 0001:000864d8       _$E3                       100874d8 f   comsupp:comutil.obj
 0001:000864e4       _$E2                       100874e4 f   comsupp:comutil.obj
 0001:00085eeb       ?_com_invoke_helper@@YAJPAUIDispatch@@JGGPAXPBGPADPAPAUIErrorInfo@@@Z 10086eeb f   comsupp:comsupp.obj
