 Bishop

 Timestamp is 6963d785 (Sun Jan 11 12:01:57 2026)

 Preferred load address is 00400000

 Start         Length     Name                   Class
 0001:00000000 0003e8b4H .text                   CODE
 0001:0003e8c0 0000366eH .text$x                 CODE
 0002:00000000 00000268H .idata$5                DATA
 0002:00000268 00001974H .rdata                  DATA
 0002:00001be0 0000122cH .rdata$r                DATA
 0002:00002e10 00005b40H .xdata$x                DATA
 0002:00008950 000000a0H .idata$2                DATA
 0002:000089f0 00000014H .idata$3                DATA
 0002:00008a04 00000268H .idata$4                DATA
 0002:00008c6c 00000a2eH .idata$6                DATA
 0002:0000969a 00000000H .edata                  DATA
 0003:00000000 00000004H .CRT$XCA                DATA
 0003:00000004 0000012cH .CRT$XCU                DATA
 0003:00000130 00000004H .CRT$XCZ                DATA
 0003:00000134 00000004H .CRT$XIA                DATA
 0003:00000138 0000000cH .CRT$XIC                DATA
 0003:00000144 00000004H .CRT$XIY                DATA
 0003:00000148 00000004H .CRT$XIZ                DATA
 0003:0000014c 00000004H .CRT$XPA                DATA
 0003:00000150 00000004H .CRT$XPX                DATA
 0003:00000154 00000004H .CRT$XPZ                DATA
 0003:00000158 00000004H .CRT$XTA                DATA
 0003:0000015c 00000004H .CRT$XTB                DATA
 0003:00000160 00000004H .CRT$XTZ                DATA
 0003:00000170 000048b0H .data                   DATA
 0003:00004a20 00002310H .bss                    DATA
 0004:00000000 000002c8H .rsrc$01                DATA
 0004:000002d0 00006d90H .rsrc$02                DATA

  Address         Publics by Value              Rva+Base     Lib:Object

 0001:00000050       ??0CBishopApp@@QAE@XZ      00401050 f   Application.obj
 0001:00000070       ??_ECBishopApp@@UAEPAXI@Z  00401070 f i Application.obj
 0001:00000070       ??_GCBishopApp@@UAEPAXI@Z  00401070 f i Application.obj
 0001:00000090       ??0CBishopApp@@QAE@PAUHINSTANCE__@@@Z 00401090 f   Application.obj
 0001:000000c0       ??1CBishopApp@@UAE@XZ      004010c0 f   Application.obj
 0001:000000d0       ?Run@CBishopApp@@QAEHXZ    004010d0 f   Application.obj
 0001:00000170       ?LoginSystem@CBishopApp@@IAE_NXZ 00401170 f   Application.obj
 0001:000001a0       ?LoginDlgProc@CBishopApp@@KGHPAUHWND__@@IIJ@Z 004011a0 f   Application.obj
 0001:000003b0       ?EnterToAffirm@CBishopApp@@KAXPAUHWND__@@@Z 004013b0 f   Application.obj
 0001:00000420       ?LeaveToAffirm@CBishopApp@@KAXPAUHWND__@@@Z 00401420 f   Application.obj
 0001:00000480       ?CheckUserInfo@CBishopApp@@KA_NPAUHWND__@@@Z 00401480 f   Application.obj
 0001:00000580       ?ServerLoginRoutine@CBishopApp@@KGKPAUHWND__@@@Z 00401580 f   Application.obj
 0001:00000620       ?RegisterMainWndClass@CBishopApp@@IAEHXZ 00401620 f   Application.obj
 0001:000006d0       ?MainDialog@CBishopApp@@IAEIXZ 004016d0 f   Application.obj
 0001:00000780       ?MainWndProc@CBishopApp@@KGHPAUHWND__@@IIJ@Z 00401780 f   Application.obj
 0001:00000cb0       ?AddGameServerInfo@CBishopApp@@CAXPAUHWND__@@IPBD@Z 00401cb0 f   Application.obj
 0001:00000d10       ?DelGameServerInfo@CBishopApp@@CAXPAUHWND__@@I@Z 00401d10 f   Application.obj
 0001:00000d90       ?InitMainDlg@CBishopApp@@KAXPAUHWND__@@@Z 00401d90 f   Application.obj
 0001:00000e50       ?CloseMainDlg@CBishopApp@@KAXPAUHWND__@@@Z 00401e50 f   Application.obj
 0001:00000e70       ?UpdateVariable@CBishopApp@@KAXPAUHWND__@@@Z 00401e70 f   Application.obj
 0001:00000f50       ?EnableGameSvrCtrl@CBishopApp@@KAXPAUHWND__@@H@Z 00401f50 f   Application.obj
 0001:00000fd0       ?EnableCtrl@CBishopApp@@KAXPAUHWND__@@IH@Z 00401fd0 f   Application.obj
 0001:00001000       ?SendAnnounceText@CBishopApp@@KAXPAUHWND__@@PBDIIH@Z 00402000 f   Application.obj
 0001:000010d0       ?_Grow@?$basic_string@DU?$char_traits@D@std@@V?$allocator@D@2@@std@@AAE_NI_N@Z 004020d0 f i Application.obj
 0001:000011f0       ?_Copy@?$basic_string@DU?$char_traits@D@std@@V?$allocator@D@2@@std@@AAEXI@Z 004021f0 f i Application.obj
 0001:00001330       ?id@?$ctype@G@std@@$E      00402330 f i Application.obj
 0001:00001340       _WinMain@16                00402340 f   Bishop.obj
 0001:000013a0       ??0CEvent@Win32@OnlineGameLib@@QAE@PAU_SECURITY_ATTRIBUTES@@_N1@Z 004023a0 f   Event.obj
 0001:000014b0       ??1CWin32Exception@Win32@OnlineGameLib@@UAE@XZ 004024b0 f i Event.obj
 0001:00001530       ??_ECException@Win32@OnlineGameLib@@UAEPAXI@Z 00402530 f i Event.obj
 0001:00001530       ??_GCException@Win32@OnlineGameLib@@UAEPAXI@Z 00402530 f i Event.obj
 0001:00001550       ??1CException@Win32@OnlineGameLib@@UAE@XZ 00402550 f i Event.obj
 0001:000015d0       ??0CWin32Exception@Win32@OnlineGameLib@@QAE@ABV012@@Z 004025d0 f i Event.obj
 0001:00001710       ??0CException@Win32@OnlineGameLib@@QAE@ABV012@@Z 00402710 f i Event.obj
 0001:00001850       ??_GCWin32Exception@Win32@OnlineGameLib@@UAEPAXI@Z 00402850 f i Event.obj
 0001:00001850       ??_ECWin32Exception@Win32@OnlineGameLib@@UAEPAXI@Z 00402850 f i Event.obj
 0001:00001870       ??_ECEvent@Win32@OnlineGameLib@@UAEPAXI@Z 00402870 f i Event.obj
 0001:00001870       ??_GCEvent@Win32@OnlineGameLib@@UAEPAXI@Z 00402870 f i Event.obj
 0001:00001890       ??0CEvent@Win32@OnlineGameLib@@QAE@PAU_SECURITY_ATTRIBUTES@@_N1PBD@Z 00402890 f   Event.obj
 0001:000018c0       ??1CEvent@Win32@OnlineGameLib@@UAE@XZ 004028c0 f   Event.obj
 0001:000018e0       ?Wait@CEvent@Win32@OnlineGameLib@@QBEXXZ 004028e0 f   Event.obj
 0001:000019e0       ?Wait@CEvent@Win32@OnlineGameLib@@QBE_NK@Z 004029e0 f   Event.obj
 0001:00001ad0       ?Reset@CEvent@Win32@OnlineGameLib@@QAEXXZ 00402ad0 f   Event.obj
 0001:00001ba0       ?Set@CEvent@Win32@OnlineGameLib@@QAEXXZ 00402ba0 f   Event.obj
 0001:00001c70       ?Pulse@CEvent@Win32@OnlineGameLib@@QAEXXZ 00402c70 f   Event.obj
 0001:00001d40       ??1?$basic_string@DU?$char_traits@D@std@@V?$allocator@D@2@@std@@QAE@XZ 00402d40 f i Event.obj
 0001:00001d80       ?assign@?$basic_string@DU?$char_traits@D@std@@V?$allocator@D@2@@std@@QAEAAV12@ABV12@II@Z 00402d80 f i Event.obj
 0001:00001f80       ?_Tidy@?$basic_string@DU?$char_traits@D@std@@V?$allocator@D@2@@std@@AAEX_N@Z 00402f80 f i Event.obj
 0001:00001fd0       ?assign@?$basic_string@DU?$char_traits@D@std@@V?$allocator@D@2@@std@@QAEAAV12@PBDI@Z 00402fd0 f i Event.obj
 0001:00002070       ?erase@?$basic_string@DU?$char_traits@D@std@@V?$allocator@D@2@@std@@QAEAAV12@II@Z 00403070 f i Event.obj
 0001:00002190       ?_Eos@?$basic_string@DU?$char_traits@D@std@@V?$allocator@D@2@@std@@AAEXI@Z 00403190 f i Event.obj
 0001:000021b0       ?max_size@?$basic_string@DU?$char_traits@D@std@@V?$allocator@D@2@@std@@QBEIXZ 004031b0 f i Event.obj
 0001:000021c0       ?_Split@?$basic_string@DU?$char_traits@D@std@@V?$allocator@D@2@@std@@AAEXXZ 004031c0 f i Event.obj
 0001:00002350       ??1?$set@V?$basic_string@DU?$char_traits@D@std@@V?$allocator@D@2@@std@@U?$less@V?$basic_string@DU?$char_traits@D@std@@V?$allocator@D@2@@std@@@2@V?$allocator@V?$basic_string@DU?$char_traits@D@std@@V?$allocator@D@2@@std@@@2@@std@@QAE@XZ 00403350 f i GamePlayer.obj
 0001:000024d0       ??1?$map@V?$basic_string@DU?$char_traits@D@std@@V?$allocator@D@2@@std@@PAVIPlayer@@U?$less@V?$basic_string@DU?$char_traits@D@std@@V?$allocator@D@2@@std@@@2@V?$allocator@PAVIPlayer@@@2@@std@@QAE@XZ 004034d0 f i GamePlayer.obj
 0001:00002660       ?SetupGlobalAllocator@CGamePlayer@@SA_NII@Z 00403660 f   GamePlayer.obj
 0001:00002680       ??0CTask@CGamePlayer@@IAE@XZ 00403680 f   GamePlayer.obj
 0001:000026a0       ??1CTask@CGamePlayer@@QAE@XZ 004036a0 f   GamePlayer.obj
 0001:00002760       ??0CTask@CGamePlayer@@QAE@PAV1@I@Z 00403760 f   GamePlayer.obj
 0001:00002790       ?AddCmd@CTask@CGamePlayer@@QAEIP82@AEIXZ@Z 00403790 f   GamePlayer.obj
 0001:000027f0       ?Execute@CTask@CGamePlayer@@QAEIXZ 004037f0 f   GamePlayer.obj
 0001:00002870       ??0CDataQueue@CGamePlayer@@QAE@II@Z 00403870 f   GamePlayer.obj
 0001:00002960       ??1?$map@JPAVCBuffer@Win32@OnlineGameLib@@U?$less@J@std@@V?$allocator@PAVCBuffer@Win32@OnlineGameLib@@@5@@std@@QAE@XZ 00403960 f i GamePlayer.obj
 0001:000029d0       ??1CDataQueue@CGamePlayer@@QAE@XZ 004039d0 f   GamePlayer.obj
 0001:00002a90       ??1CCriticalSection@Win32@OnlineGameLib@@QAE@XZ 00403a90 f i GamePlayer.obj
 0001:00002aa0       ?Empty@CDataQueue@CGamePlayer@@QAEXXZ 00403aa0 f   GamePlayer.obj
 0001:00002b50       ??1Owner@CCriticalSection@Win32@OnlineGameLib@@QAE@XZ 00403b50 f i GamePlayer.obj
 0001:00002b60       ?AddData@CDataQueue@CGamePlayer@@QAE_NJPBEI@Z 00403b60 f   GamePlayer.obj
 0001:00002cb0       ?Attach@CDataQueue@CGamePlayer@@QAEPAVCBuffer@Win32@OnlineGameLib@@J@Z 00403cb0 f   GamePlayer.obj
 0001:00002d70       ?Detach@CDataQueue@CGamePlayer@@QAEXJ@Z 00403d70 f   GamePlayer.obj
 0001:00002d80       ?Clear@CDataQueue@CGamePlayer@@QAEXJ@Z 00403d80 f   GamePlayer.obj
 0001:00002e40       ??0CGamePlayer@@QAE@I@Z    00403e40 f   GamePlayer.obj
 0001:00003020       ??1IPlayer@@UAE@XZ         00404020 f i GamePlayer.obj
 0001:00003030       ??_GIPlayer@@UAEPAXI@Z     00404030 f i GamePlayer.obj
 0001:00003030       ??_EIPlayer@@UAEPAXI@Z     00404030 f i GamePlayer.obj
 0001:00003050       ?IsActive@CGamePlayer@@UAE_NXZ 00404050 f i GamePlayer.obj
 0001:00003060       ??_ECGamePlayer@@UAEPAXI@Z 00404060 f i GamePlayer.obj
 0001:00003060       ??_GCGamePlayer@@UAEPAXI@Z 00404060 f i GamePlayer.obj
 0001:00003080       ??_FCDataQueue@CGamePlayer@@QAEXXZ 00404080 f i GamePlayer.obj
 0001:00003090       ??1CGamePlayer@@UAE@XZ     00404090 f   GamePlayer.obj
 0001:000032a0       ?Active@CGamePlayer@@UAE_NXZ 004042a0 f   GamePlayer.obj
 0001:000032f0       ?Inactive@CGamePlayer@@UAE_NXZ 004042f0 f   GamePlayer.obj
 0001:00003f70       ?SafeClose@CGamePlayer@@IAEIXZ 00404f70 f   GamePlayer.obj
 0001:00003f80       ?_UnlockAccount@CGamePlayer@@IAE_NXZ 00404f80 f   GamePlayer.obj
 0001:00004080       ?ATTACH_NETWORK@CGamePlayer@@SAXPAUIClient@@PAUIServer@@0@Z 00405080 f   GamePlayer.obj
 0001:000040a0       ?DETACH_NETWORK@CGamePlayer@@SAXXZ 004050a0 f   GamePlayer.obj
 0001:00004120       ?DispatchTask@CGamePlayer@@UAE_NI@Z 00405120 f   GamePlayer.obj
 0001:00004150       ?IsWorking@CGamePlayer@@UAE_NXZ 00405150 f   GamePlayer.obj
 0001:00004170       ?Run@CGamePlayer@@UAE_NXZ  00405170 f   GamePlayer.obj
 0001:00004470       ?AppendData@CGamePlayer@@UAE_NIPBXI@Z 00405470 f   GamePlayer.obj
 0001:000044d0       ?SmallPackProcess@CGamePlayer@@IAE_NIPBXI@Z 004054d0 f   GamePlayer.obj
 0001:00004520       ?LargePackProcess@CGamePlayer@@IAE_NIPBXI@Z 00405520 f   GamePlayer.obj
 0001:000045c0       ?DispatchTaskForAccount@CGamePlayer@@IAE_NPBXI@Z 004055c0 f   GamePlayer.obj
 0001:00004600       ?DispatchTaskForDBRole@CGamePlayer@@IAE_NPBXI@Z 00405600 f   GamePlayer.obj
 0001:00004640       ?DispatchTaskForPlayer@CGamePlayer@@IAE_NPBXI@Z 00405640 f   GamePlayer.obj
 0001:00004680       ?_ClearTaskQueue@CGamePlayer@@IAEXXZ 00405680 f   GamePlayer.obj
 0001:000046b0       ?InitTaskProcessor@CGamePlayer@@AAEXXZ 004056b0 f   GamePlayer.obj
 0001:00004780       ?TaskCompleted@CGamePlayer@@IAE_NXZ 00405780 f   GamePlayer.obj
 0001:000048a0       ?WaitForAccPwd@CGamePlayer@@IAEIXZ 004058a0 f   GamePlayer.obj
 0001:00005100       ?QueryAccPwd@CGamePlayer@@IAEIXZ 00406100 f   GamePlayer.obj
 0001:00005340       ?VerifyAccount@CGamePlayer@@IAEIXZ 00406340 f   GamePlayer.obj
 0001:000058a0       ?_VerifyAccount_ToPlayer@CGamePlayer@@IAE_NIK@Z 004068a0 f   GamePlayer.obj
 0001:00005a40       ?QueryRoleList@CGamePlayer@@IAEIXZ 00406a40 f   GamePlayer.obj
 0001:00005b60       ?ProcessRoleList@CGamePlayer@@IAEIXZ 00406b60 f   GamePlayer.obj
 0001:00005ca0       ?SelAddDelRole@CGamePlayer@@IAEIXZ 00406ca0 f   GamePlayer.obj
 0001:00005f10       ?DelRole_WaitForVerify@CGamePlayer@@IAEIXZ 00406f10 f   GamePlayer.obj
 0001:000060c0       ?WaitForCreateResult@CGamePlayer@@IAEIXZ 004070c0 f   GamePlayer.obj
 0001:000061c0       ?WaitForDeleteResult@CGamePlayer@@IAEIXZ 004071c0 f   GamePlayer.obj
 0001:000062c0       ?_QueryRoleInfo_ToDBRole@CGamePlayer@@IAE_NPBD_N@Z 004072c0 f   GamePlayer.obj
 0001:000063b0       ?_CreateNewPlayer_ToDBRole@CGamePlayer@@IAE_NPBDHHG@Z 004073b0 f   GamePlayer.obj
 0001:000065c0       ?_DeleteRole_ToDBRole@CGamePlayer@@IAEIPBXI@Z 004075c0 f   GamePlayer.obj
 0001:000067e0       ?QueryAccExt@CGamePlayer@@IAEIXZ 004077e0 f   GamePlayer.obj
 0001:000068e0       ?VerifyAccExt@CGamePlayer@@IAEIXZ 004078e0 f   GamePlayer.obj
 0001:000069b0       ?ProcessRoleInfo@CGamePlayer@@IAEIXZ 004079b0 f   GamePlayer.obj
 0001:00006b20       ?_SyncRoleInfo_ToGameServer@CGamePlayer@@IAE_NPBXI@Z 00407b20 f   GamePlayer.obj
 0001:00007050       ?WaitForGameSvrPermit@CGamePlayer@@IAEIXZ 00408050 f   GamePlayer.obj
 0001:00007340       ?Attach@CGamePlayer@@UAE_NPBD@Z 00408340 f   GamePlayer.obj
 0001:00007410       ?Add@CGamePlayer@@SA_NPBDPAVIPlayer@@@Z 00408410 f   GamePlayer.obj
 0001:000075b0       ??1?$pair@$$CBV?$basic_string@DU?$char_traits@D@std@@V?$allocator@D@2@@std@@PAVIPlayer@@@std@@QAE@XZ 004085b0 f i GamePlayer.obj
 0001:000075f0       ?Del@CGamePlayer@@SA_NPBD@Z 004085f0 f   GamePlayer.obj
 0001:00007730       ?Get@CGamePlayer@@SAPAVIPlayer@@PBD@Z 00408730 f   GamePlayer.obj
 0001:000078a0       ??0?$set@V?$basic_string@DU?$char_traits@D@std@@V?$allocator@D@2@@std@@U?$less@V?$basic_string@DU?$char_traits@D@std@@V?$allocator@D@2@@std@@@2@V?$allocator@V?$basic_string@DU?$char_traits@D@std@@V?$allocator@D@2@@std@@@2@@std@@QAE@ABU?$less@V?$basic_string@DU?$char_traits@D@std@@V?$allocator@D@2@@std@@@1@ABV?$allocator@V?$basic_string@DU?$char_traits@D@std@@V?$allocator@D@2@@std@@@1@@Z 004088a0 f i GamePlayer.obj
 0001:00007970       ??1?$vector@PAVICommand@@V?$allocator@PAVICommand@@@std@@@std@@QAE@XZ 00408970 f i GamePlayer.obj
 0001:000079a0       ??0?$map@V?$basic_string@DU?$char_traits@D@std@@V?$allocator@D@2@@std@@PAVIPlayer@@U?$less@V?$basic_string@DU?$char_traits@D@std@@V?$allocator@D@2@@std@@@2@V?$allocator@PAVIPlayer@@@2@@std@@QAE@ABU?$less@V?$basic_string@DU?$char_traits@D@std@@V?$allocator@D@2@@std@@@1@ABV?$allocator@PAVIPlayer@@@1@@Z 004089a0 f i GamePlayer.obj
 0001:00007a70       ?insert@?$_Tree@V?$basic_string@DU?$char_traits@D@std@@V?$allocator@D@2@@std@@V12@U_Kfn@?$set@V?$basic_string@DU?$char_traits@D@std@@V?$allocator@D@2@@std@@U?$less@V?$basic_string@DU?$char_traits@D@std@@V?$allocator@D@2@@std@@@2@V?$allocator@V?$basic_string@DU?$char_traits@D@std@@V?$allocator@D@2@@std@@@2@@2@U?$less@V?$basic_string@DU?$char_traits@D@std@@V?$allocator@D@2@@std@@@2@V?$allocator@V?$basic_string@DU?$char_traits@D@std@@V?$allocator@D@2@@std@@@2@@std@@QAE?AU?$pair@Viterator@?$_Tree@V?$basic_string@DU?$char_traits@D@std@@V?$allocator@D@2@@std@@V12@U_Kfn@?$set@V?$basic_string@DU?$char_traits@D@std@@V?$allocator@D@2@@std@@U?$less@V?$basic_string@DU?$char_traits@D@std@@V?$allocator@D@2@@std@@@2@V?$allocator@V?$basic_string@DU?$char_traits@D@std@@V?$allocator@D@2@@std@@@2@@2@U?$less@V?$basic_string@DU?$char_traits@D@std@@V?$allocator@D@2@@std@@@2@V?$allocator@V?$basic_string@DU?$char_traits@D@std@@V?$allocator@D@2@@std@@@2@@std@@_N@2@ABV?$basic_string@DU?$char_traits@D@std@@V?$allocator@D@2@@2@@Z 00408a70 f i GamePlayer.obj
 0001:00007be0       ?compare@?$basic_string@DU?$char_traits@D@std@@V?$allocator@D@2@@std@@QBEHIIPBDI@Z 00408be0 f i GamePlayer.obj
 0001:00007c50       ?erase@?$_Tree@V?$basic_string@DU?$char_traits@D@std@@V?$allocator@D@2@@std@@V12@U_Kfn@?$set@V?$basic_string@DU?$char_traits@D@std@@V?$allocator@D@2@@std@@U?$less@V?$basic_string@DU?$char_traits@D@std@@V?$allocator@D@2@@std@@@2@V?$allocator@V?$basic_string@DU?$char_traits@D@std@@V?$allocator@D@2@@std@@@2@@2@U?$less@V?$basic_string@DU?$char_traits@D@std@@V?$allocator@D@2@@std@@@2@V?$allocator@V?$basic_string@DU?$char_traits@D@std@@V?$allocator@D@2@@std@@@2@@std@@QAE?AViterator@12@V312@@Z 00408c50 f i GamePlayer.obj
 0001:00008180       ?erase@?$_Tree@V?$basic_string@DU?$char_traits@D@std@@V?$allocator@D@2@@std@@V12@U_Kfn@?$set@V?$basic_string@DU?$char_traits@D@std@@V?$allocator@D@2@@std@@U?$less@V?$basic_string@DU?$char_traits@D@std@@V?$allocator@D@2@@std@@@2@V?$allocator@V?$basic_string@DU?$char_traits@D@std@@V?$allocator@D@2@@std@@@2@@2@U?$less@V?$basic_string@DU?$char_traits@D@std@@V?$allocator@D@2@@std@@@2@V?$allocator@V?$basic_string@DU?$char_traits@D@std@@V?$allocator@D@2@@std@@@2@@std@@QAE?AViterator@12@V312@0@Z 00409180 f i GamePlayer.obj
 0001:000082c0       ?find@?$_Tree@V?$basic_string@DU?$char_traits@D@std@@V?$allocator@D@2@@std@@V12@U_Kfn@?$set@V?$basic_string@DU?$char_traits@D@std@@V?$allocator@D@2@@std@@U?$less@V?$basic_string@DU?$char_traits@D@std@@V?$allocator@D@2@@std@@@2@V?$allocator@V?$basic_string@DU?$char_traits@D@std@@V?$allocator@D@2@@std@@@2@@2@U?$less@V?$basic_string@DU?$char_traits@D@std@@V?$allocator@D@2@@std@@@2@V?$allocator@V?$basic_string@DU?$char_traits@D@std@@V?$allocator@D@2@@std@@@2@@std@@QAE?AViterator@12@ABV?$basic_string@DU?$char_traits@D@std@@V?$allocator@D@2@@2@@Z 004092c0 f i GamePlayer.obj
 0001:00008350       ?insert@?$_Tree@V?$basic_string@DU?$char_traits@D@std@@V?$allocator@D@2@@std@@U?$pair@$$CBV?$basic_string@DU?$char_traits@D@std@@V?$allocator@D@2@@std@@PAVIPlayer@@@2@U_Kfn@?$map@V?$basic_string@DU?$char_traits@D@std@@V?$allocator@D@2@@std@@PAVIPlayer@@U?$less@V?$basic_string@DU?$char_traits@D@std@@V?$allocator@D@2@@std@@@2@V?$allocator@PAVIPlayer@@@2@@2@U?$less@V?$basic_string@DU?$char_traits@D@std@@V?$allocator@D@2@@std@@@2@V?$allocator@PAVIPlayer@@@2@@std@@QAE?AU?$pair@Viterator@?$_Tree@V?$basic_string@DU?$char_traits@D@std@@V?$allocator@D@2@@std@@U?$pair@$$CBV?$basic_string@DU?$char_traits@D@std@@V?$allocator@D@2@@std@@PAVIPlayer@@@2@U_Kfn@?$map@V?$basic_string@DU?$char_traits@D@std@@V?$allocator@D@2@@std@@PAVIPlayer@@U?$less@V?$basic_string@DU?$char_traits@D@std@@V?$allocator@D@2@@std@@@2@V?$allocator@PAVIPlayer@@@2@@2@U?$less@V?$basic_string@DU?$char_traits@D@std@@V?$allocator@D@2@@std@@@2@V?$allocator@PAVIPlayer@@@2@@std@@_N@2@ABU?$pair@$$CBV?$basic_string@DU?$char_traits@D@std@@V?$allocator@D@2@@std@@PAVIPlayer@@@2@@Z 00409350 f i GamePlayer.obj
 0001:000084c0       ?erase@?$_Tree@V?$basic_string@DU?$char_traits@D@std@@V?$allocator@D@2@@std@@U?$pair@$$CBV?$basic_string@DU?$char_traits@D@std@@V?$allocator@D@2@@std@@PAVIPlayer@@@2@U_Kfn@?$map@V?$basic_string@DU?$char_traits@D@std@@V?$allocator@D@2@@std@@PAVIPlayer@@U?$less@V?$basic_string@DU?$char_traits@D@std@@V?$allocator@D@2@@std@@@2@V?$allocator@PAVIPlayer@@@2@@2@U?$less@V?$basic_string@DU?$char_traits@D@std@@V?$allocator@D@2@@std@@@2@V?$allocator@PAVIPlayer@@@2@@std@@QAE?AViterator@12@V312@@Z 004094c0 f i GamePlayer.obj
 0001:000089f0       ?erase@?$_Tree@V?$basic_string@DU?$char_traits@D@std@@V?$allocator@D@2@@std@@U?$pair@$$CBV?$basic_string@DU?$char_traits@D@std@@V?$allocator@D@2@@std@@PAVIPlayer@@@2@U_Kfn@?$map@V?$basic_string@DU?$char_traits@D@std@@V?$allocator@D@2@@std@@PAVIPlayer@@U?$less@V?$basic_string@DU?$char_traits@D@std@@V?$allocator@D@2@@std@@@2@V?$allocator@PAVIPlayer@@@2@@2@U?$less@V?$basic_string@DU?$char_traits@D@std@@V?$allocator@D@2@@std@@@2@V?$allocator@PAVIPlayer@@@2@@std@@QAE?AViterator@12@V312@0@Z 004099f0 f i GamePlayer.obj
 0001:00008b30       ?find@?$_Tree@V?$basic_string@DU?$char_traits@D@std@@V?$allocator@D@2@@std@@U?$pair@$$CBV?$basic_string@DU?$char_traits@D@std@@V?$allocator@D@2@@std@@PAVIPlayer@@@2@U_Kfn@?$map@V?$basic_string@DU?$char_traits@D@std@@V?$allocator@D@2@@std@@PAVIPlayer@@U?$less@V?$basic_string@DU?$char_traits@D@std@@V?$allocator@D@2@@std@@@2@V?$allocator@PAVIPlayer@@@2@@2@U?$less@V?$basic_string@DU?$char_traits@D@std@@V?$allocator@D@2@@std@@@2@V?$allocator@PAVIPlayer@@@2@@std@@QAE?AViterator@12@ABV?$basic_string@DU?$char_traits@D@std@@V?$allocator@D@2@@2@@Z 00409b30 f i GamePlayer.obj
 0001:00008bc0       ?insert@?$_Tree@JU?$pair@$$CBJPAVCBuffer@Win32@OnlineGameLib@@@std@@U_Kfn@?$map@JPAVCBuffer@Win32@OnlineGameLib@@U?$less@J@std@@V?$allocator@PAVCBuffer@Win32@OnlineGameLib@@@5@@2@U?$less@J@2@V?$allocator@PAVCBuffer@Win32@OnlineGameLib@@@2@@std@@QAE?AU?$pair@Viterator@?$_Tree@JU?$pair@$$CBJPAVCBuffer@Win32@OnlineGameLib@@@std@@U_Kfn@?$map@JPAVCBuffer@Win32@OnlineGameLib@@U?$less@J@std@@V?$allocator@PAVCBuffer@Win32@OnlineGameLib@@@5@@2@U?$less@J@2@V?$allocator@PAVCBuffer@Win32@OnlineGameLib@@@2@@std@@_N@2@ABU?$pair@$$CBJPAVCBuffer@Win32@OnlineGameLib@@@2@@Z 00409bc0 f i GamePlayer.obj
 0001:00008cf0       ?erase@?$_Tree@JU?$pair@$$CBJPAVCBuffer@Win32@OnlineGameLib@@@std@@U_Kfn@?$map@JPAVCBuffer@Win32@OnlineGameLib@@U?$less@J@std@@V?$allocator@PAVCBuffer@Win32@OnlineGameLib@@@5@@2@U?$less@J@2@V?$allocator@PAVCBuffer@Win32@OnlineGameLib@@@2@@std@@QAE?AViterator@12@V312@@Z 00409cf0 f i GamePlayer.obj
 0001:00009210       ?erase@?$_Tree@JU?$pair@$$CBJPAVCBuffer@Win32@OnlineGameLib@@@std@@U_Kfn@?$map@JPAVCBuffer@Win32@OnlineGameLib@@U?$less@J@std@@V?$allocator@PAVCBuffer@Win32@OnlineGameLib@@@5@@2@U?$less@J@2@V?$allocator@PAVCBuffer@Win32@OnlineGameLib@@@2@@std@@QAE?AViterator@12@V312@0@Z 0040a210 f i GamePlayer.obj
 0001:00009340       ??0?$pair@Viterator@?$_Tree@V?$basic_string@DU?$char_traits@D@std@@V?$allocator@D@2@@std@@V12@U_Kfn@?$set@V?$basic_string@DU?$char_traits@D@std@@V?$allocator@D@2@@std@@U?$less@V?$basic_string@DU?$char_traits@D@std@@V?$allocator@D@2@@std@@@2@V?$allocator@V?$basic_string@DU?$char_traits@D@std@@V?$allocator@D@2@@std@@@2@@2@U?$less@V?$basic_string@DU?$char_traits@D@std@@V?$allocator@D@2@@std@@@2@V?$allocator@V?$basic_string@DU?$char_traits@D@std@@V?$allocator@D@2@@std@@@2@@std@@_N@std@@QAE@ABViterator@?$_Tree@V?$basic_string@DU?$char_traits@D@std@@V?$allocator@D@2@@std@@V12@U_Kfn@?$set@V?$basic_string@DU?$char_traits@D@std@@V?$allocator@D@2@@std@@U?$less@V?$basic_string@DU?$char_traits@D@std@@V?$allocator@D@2@@std@@@2@V?$allocator@V?$basic_string@DU?$char_traits@D@std@@V?$allocator@D@2@@std@@@2@@2@U?$less@V?$basic_string@DU?$char_traits@D@std@@V?$allocator@D@2@@std@@@2@V?$allocator@V?$basic_string@DU?$char_traits@D@std@@V?$allocator@D@2@@std@@@2@@1@AB_N@Z 0040a340 f i GamePlayer.obj
 0001:00009360       ??0?$pair@Viterator@?$_Tree@V?$basic_string@DU?$char_traits@D@std@@V?$allocator@D@2@@std@@U?$pair@$$CBV?$basic_string@DU?$char_traits@D@std@@V?$allocator@D@2@@std@@PAVIPlayer@@@2@U_Kfn@?$map@V?$basic_string@DU?$char_traits@D@std@@V?$allocator@D@2@@std@@PAVIPlayer@@U?$less@V?$basic_string@DU?$char_traits@D@std@@V?$allocator@D@2@@std@@@2@V?$allocator@PAVIPlayer@@@2@@2@U?$less@V?$basic_string@DU?$char_traits@D@std@@V?$allocator@D@2@@std@@@2@V?$allocator@PAVIPlayer@@@2@@std@@_N@std@@QAE@ABViterator@?$_Tree@V?$basic_string@DU?$char_traits@D@std@@V?$allocator@D@2@@std@@U?$pair@$$CBV?$basic_string@DU?$char_traits@D@std@@V?$allocator@D@2@@std@@PAVIPlayer@@@2@U_Kfn@?$map@V?$basic_string@DU?$char_traits@D@std@@V?$allocator@D@2@@std@@PAVIPlayer@@U?$less@V?$basic_string@DU?$char_traits@D@std@@V?$allocator@D@2@@std@@@2@V?$allocator@PAVIPlayer@@@2@@2@U?$less@V?$basic_string@DU?$char_traits@D@std@@V?$allocator@D@2@@std@@@2@V?$allocator@PAVIPlayer@@@2@@1@AB_N@Z 0040a360 f i GamePlayer.obj
 0001:00009380       ?lower_bound@?$_Tree@V?$basic_string@DU?$char_traits@D@std@@V?$allocator@D@2@@std@@V12@U_Kfn@?$set@V?$basic_string@DU?$char_traits@D@std@@V?$allocator@D@2@@std@@U?$less@V?$basic_string@DU?$char_traits@D@std@@V?$allocator@D@2@@std@@@2@V?$allocator@V?$basic_string@DU?$char_traits@D@std@@V?$allocator@D@2@@std@@@2@@2@U?$less@V?$basic_string@DU?$char_traits@D@std@@V?$allocator@D@2@@std@@@2@V?$allocator@V?$basic_string@DU?$char_traits@D@std@@V?$allocator@D@2@@std@@@2@@std@@QAE?AViterator@12@ABV?$basic_string@DU?$char_traits@D@std@@V?$allocator@D@2@@2@@Z 0040a380 f i GamePlayer.obj
 0001:000093a0       ?equal_range@?$_Tree@V?$basic_string@DU?$char_traits@D@std@@V?$allocator@D@2@@std@@V12@U_Kfn@?$set@V?$basic_string@DU?$char_traits@D@std@@V?$allocator@D@2@@std@@U?$less@V?$basic_string@DU?$char_traits@D@std@@V?$allocator@D@2@@std@@@2@V?$allocator@V?$basic_string@DU?$char_traits@D@std@@V?$allocator@D@2@@std@@@2@@2@U?$less@V?$basic_string@DU?$char_traits@D@std@@V?$allocator@D@2@@std@@@2@V?$allocator@V?$basic_string@DU?$char_traits@D@std@@V?$allocator@D@2@@std@@@2@@std@@QAE?AU?$pair@Viterator@?$_Tree@V?$basic_string@DU?$char_traits@D@std@@V?$allocator@D@2@@std@@V12@U_Kfn@?$set@V?$basic_string@DU?$char_traits@D@std@@V?$allocator@D@2@@std@@U?$less@V?$basic_string@DU?$char_traits@D@std@@V?$allocator@D@2@@std@@@2@V?$allocator@V?$basic_string@DU?$char_traits@D@std@@V?$allocator@D@2@@std@@@2@@2@U?$less@V?$basic_string@DU?$char_traits@D@std@@V?$allocator@D@2@@std@@@2@V?$allocator@V?$basic_string@DU?$char_traits@D@std@@V?$allocator@D@2@@std@@@2@@std@@V123@@2@ABV?$basic_string@DU?$char_traits@D@std@@V?$allocator@D@2@@2@@Z 0040a3a0 f i GamePlayer.obj
 0001:000093d0       ?_Erase@?$_Tree@V?$basic_string@DU?$char_traits@D@std@@V?$allocator@D@2@@std@@V12@U_Kfn@?$set@V?$basic_string@DU?$char_traits@D@std@@V?$allocator@D@2@@std@@U?$less@V?$basic_string@DU?$char_traits@D@std@@V?$allocator@D@2@@std@@@2@V?$allocator@V?$basic_string@DU?$char_traits@D@std@@V?$allocator@D@2@@std@@@2@@2@U?$less@V?$basic_string@DU?$char_traits@D@std@@V?$allocator@D@2@@std@@@2@V?$allocator@V?$basic_string@DU?$char_traits@D@std@@V?$allocator@D@2@@std@@@2@@std@@IAEXPAU_Node@12@@Z 0040a3d0 f i GamePlayer.obj
 0001:00009480       ?_Insert@?$_Tree@V?$basic_string@DU?$char_traits@D@std@@V?$allocator@D@2@@std@@V12@U_Kfn@?$set@V?$basic_string@DU?$char_traits@D@std@@V?$allocator@D@2@@std@@U?$less@V?$basic_string@DU?$char_traits@D@std@@V?$allocator@D@2@@std@@@2@V?$allocator@V?$basic_string@DU?$char_traits@D@std@@V?$allocator@D@2@@std@@@2@@2@U?$less@V?$basic_string@DU?$char_traits@D@std@@V?$allocator@D@2@@std@@@2@V?$allocator@V?$basic_string@DU?$char_traits@D@std@@V?$allocator@D@2@@std@@@2@@std@@IAE?AViterator@12@PAU_Node@12@0ABV?$basic_string@DU?$char_traits@D@std@@V?$allocator@D@2@@2@@Z 0040a480 f i GamePlayer.obj
 0001:00009790       ?insert@?$vector@PAVICommand@@V?$allocator@PAVICommand@@@std@@@std@@QAEXPAPAVICommand@@IABQAV3@@Z 0040a790 f i GamePlayer.obj
 0001:000099a0       ?lower_bound@?$_Tree@V?$basic_string@DU?$char_traits@D@std@@V?$allocator@D@2@@std@@U?$pair@$$CBV?$basic_string@DU?$char_traits@D@std@@V?$allocator@D@2@@std@@PAVIPlayer@@@2@U_Kfn@?$map@V?$basic_string@DU?$char_traits@D@std@@V?$allocator@D@2@@std@@PAVIPlayer@@U?$less@V?$basic_string@DU?$char_traits@D@std@@V?$allocator@D@2@@std@@@2@V?$allocator@PAVIPlayer@@@2@@2@U?$less@V?$basic_string@DU?$char_traits@D@std@@V?$allocator@D@2@@std@@@2@V?$allocator@PAVIPlayer@@@2@@std@@QAE?AViterator@12@ABV?$basic_string@DU?$char_traits@D@std@@V?$allocator@D@2@@2@@Z 0040a9a0 f i GamePlayer.obj
 0001:000099c0       ?_Erase@?$_Tree@V?$basic_string@DU?$char_traits@D@std@@V?$allocator@D@2@@std@@U?$pair@$$CBV?$basic_string@DU?$char_traits@D@std@@V?$allocator@D@2@@std@@PAVIPlayer@@@2@U_Kfn@?$map@V?$basic_string@DU?$char_traits@D@std@@V?$allocator@D@2@@std@@PAVIPlayer@@U?$less@V?$basic_string@DU?$char_traits@D@std@@V?$allocator@D@2@@std@@@2@V?$allocator@PAVIPlayer@@@2@@2@U?$less@V?$basic_string@DU?$char_traits@D@std@@V?$allocator@D@2@@std@@@2@V?$allocator@PAVIPlayer@@@2@@std@@IAEXPAU_Node@12@@Z 0040a9c0 f i GamePlayer.obj
 0001:00009a70       ?_Insert@?$_Tree@V?$basic_string@DU?$char_traits@D@std@@V?$allocator@D@2@@std@@U?$pair@$$CBV?$basic_string@DU?$char_traits@D@std@@V?$allocator@D@2@@std@@PAVIPlayer@@@2@U_Kfn@?$map@V?$basic_string@DU?$char_traits@D@std@@V?$allocator@D@2@@std@@PAVIPlayer@@U?$less@V?$basic_string@DU?$char_traits@D@std@@V?$allocator@D@2@@std@@@2@V?$allocator@PAVIPlayer@@@2@@2@U?$less@V?$basic_string@DU?$char_traits@D@std@@V?$allocator@D@2@@std@@@2@V?$allocator@PAVIPlayer@@@2@@std@@IAE?AViterator@12@PAU_Node@12@0ABU?$pair@$$CBV?$basic_string@DU?$char_traits@D@std@@V?$allocator@D@2@@std@@PAVIPlayer@@@2@@Z 0040aa70 f i GamePlayer.obj
 0001:00009d80       ?lower_bound@?$_Tree@JU?$pair@$$CBJPAVCBuffer@Win32@OnlineGameLib@@@std@@U_Kfn@?$map@JPAVCBuffer@Win32@OnlineGameLib@@U?$less@J@std@@V?$allocator@PAVCBuffer@Win32@OnlineGameLib@@@5@@2@U?$less@J@2@V?$allocator@PAVCBuffer@Win32@OnlineGameLib@@@2@@std@@QAE?AViterator@12@ABJ@Z 0040ad80 f i GamePlayer.obj
 0001:00009da0       ?_Erase@?$_Tree@JU?$pair@$$CBJPAVCBuffer@Win32@OnlineGameLib@@@std@@U_Kfn@?$map@JPAVCBuffer@Win32@OnlineGameLib@@U?$less@J@std@@V?$allocator@PAVCBuffer@Win32@OnlineGameLib@@@5@@2@U?$less@J@2@V?$allocator@PAVCBuffer@Win32@OnlineGameLib@@@2@@std@@IAEXPAU_Node@12@@Z 0040ada0 f i GamePlayer.obj
 0001:00009e30       ?_Insert@?$_Tree@JU?$pair@$$CBJPAVCBuffer@Win32@OnlineGameLib@@@std@@U_Kfn@?$map@JPAVCBuffer@Win32@OnlineGameLib@@U?$less@J@std@@V?$allocator@PAVCBuffer@Win32@OnlineGameLib@@@5@@2@U?$less@J@2@V?$allocator@PAVCBuffer@Win32@OnlineGameLib@@@2@@std@@IAE?AViterator@12@PAU_Node@12@0ABU?$pair@$$CBJPAVCBuffer@Win32@OnlineGameLib@@@2@@Z 0040ae30 f i GamePlayer.obj
 0001:0000a130       ?_Inc@const_iterator@?$_Tree@JU?$pair@$$CBJPAVCBuffer@Win32@OnlineGameLib@@@std@@U_Kfn@?$map@JPAVCBuffer@Win32@OnlineGameLib@@U?$less@J@std@@V?$allocator@PAVCBuffer@Win32@OnlineGameLib@@@5@@2@U?$less@J@2@V?$allocator@PAVCBuffer@Win32@OnlineGameLib@@@2@@std@@QAEXXZ 0040b130 f i GamePlayer.obj
 0001:0000a1e0       ?_Lbound@?$_Tree@V?$basic_string@DU?$char_traits@D@std@@V?$allocator@D@2@@std@@V12@U_Kfn@?$set@V?$basic_string@DU?$char_traits@D@std@@V?$allocator@D@2@@std@@U?$less@V?$basic_string@DU?$char_traits@D@std@@V?$allocator@D@2@@std@@@2@V?$allocator@V?$basic_string@DU?$char_traits@D@std@@V?$allocator@D@2@@std@@@2@@2@U?$less@V?$basic_string@DU?$char_traits@D@std@@V?$allocator@D@2@@std@@@2@V?$allocator@V?$basic_string@DU?$char_traits@D@std@@V?$allocator@D@2@@std@@@2@@std@@IBEPAU_Node@12@ABV?$basic_string@DU?$char_traits@D@std@@V?$allocator@D@2@@2@@Z 0040b1e0 f i GamePlayer.obj
 0001:0000a2a0       ?_Dec@const_iterator@?$_Tree@V?$basic_string@DU?$char_traits@D@std@@V?$allocator@D@2@@std@@V12@U_Kfn@?$set@V?$basic_string@DU?$char_traits@D@std@@V?$allocator@D@2@@std@@U?$less@V?$basic_string@DU?$char_traits@D@std@@V?$allocator@D@2@@std@@@2@V?$allocator@V?$basic_string@DU?$char_traits@D@std@@V?$allocator@D@2@@std@@@2@@2@U?$less@V?$basic_string@DU?$char_traits@D@std@@V?$allocator@D@2@@std@@@2@V?$allocator@V?$basic_string@DU?$char_traits@D@std@@V?$allocator@D@2@@std@@@2@@std@@QAEXXZ 0040b2a0 f i GamePlayer.obj
 0001:0000a360       ?_Lbound@?$_Tree@V?$basic_string@DU?$char_traits@D@std@@V?$allocator@D@2@@std@@U?$pair@$$CBV?$basic_string@DU?$char_traits@D@std@@V?$allocator@D@2@@std@@PAVIPlayer@@@2@U_Kfn@?$map@V?$basic_string@DU?$char_traits@D@std@@V?$allocator@D@2@@std@@PAVIPlayer@@U?$less@V?$basic_string@DU?$char_traits@D@std@@V?$allocator@D@2@@std@@@2@V?$allocator@PAVIPlayer@@@2@@2@U?$less@V?$basic_string@DU?$char_traits@D@std@@V?$allocator@D@2@@std@@@2@V?$allocator@PAVIPlayer@@@2@@std@@IBEPAU_Node@12@ABV?$basic_string@DU?$char_traits@D@std@@V?$allocator@D@2@@2@@Z 0040b360 f i GamePlayer.obj
 0001:0000a420       ?_Dec@const_iterator@?$_Tree@V?$basic_string@DU?$char_traits@D@std@@V?$allocator@D@2@@std@@U?$pair@$$CBV?$basic_string@DU?$char_traits@D@std@@V?$allocator@D@2@@std@@PAVIPlayer@@@2@U_Kfn@?$map@V?$basic_string@DU?$char_traits@D@std@@V?$allocator@D@2@@std@@PAVIPlayer@@U?$less@V?$basic_string@DU?$char_traits@D@std@@V?$allocator@D@2@@std@@@2@V?$allocator@PAVIPlayer@@@2@@2@U?$less@V?$basic_string@DU?$char_traits@D@std@@V?$allocator@D@2@@std@@@2@V?$allocator@PAVIPlayer@@@2@@std@@QAEXXZ 0040b420 f i GamePlayer.obj
 0001:0000a4e0       ?_Lbound@?$_Tree@JU?$pair@$$CBJPAVCBuffer@Win32@OnlineGameLib@@@std@@U_Kfn@?$map@JPAVCBuffer@Win32@OnlineGameLib@@U?$less@J@std@@V?$allocator@PAVCBuffer@Win32@OnlineGameLib@@@5@@2@U?$less@J@2@V?$allocator@PAVCBuffer@Win32@OnlineGameLib@@@2@@std@@IBEPAU_Node@12@ABJ@Z 0040b4e0 f i GamePlayer.obj
 0001:0000a530       ?_Dec@const_iterator@?$_Tree@JU?$pair@$$CBJPAVCBuffer@Win32@OnlineGameLib@@@std@@U_Kfn@?$map@JPAVCBuffer@Win32@OnlineGameLib@@U?$less@J@std@@V?$allocator@PAVCBuffer@Win32@OnlineGameLib@@@5@@2@U?$less@J@2@V?$allocator@PAVCBuffer@Win32@OnlineGameLib@@@2@@std@@QAEXXZ 0040b530 f i GamePlayer.obj
 0001:0000a5f0       ?_Ubound@?$_Tree@V?$basic_string@DU?$char_traits@D@std@@V?$allocator@D@2@@std@@V12@U_Kfn@?$set@V?$basic_string@DU?$char_traits@D@std@@V?$allocator@D@2@@std@@U?$less@V?$basic_string@DU?$char_traits@D@std@@V?$allocator@D@2@@std@@@2@V?$allocator@V?$basic_string@DU?$char_traits@D@std@@V?$allocator@D@2@@std@@@2@@2@U?$less@V?$basic_string@DU?$char_traits@D@std@@V?$allocator@D@2@@std@@@2@V?$allocator@V?$basic_string@DU?$char_traits@D@std@@V?$allocator@D@2@@std@@@2@@std@@IBEPAU_Node@12@ABV?$basic_string@DU?$char_traits@D@std@@V?$allocator@D@2@@2@@Z 0040b5f0 f i GamePlayer.obj
 0001:0000a6c0       ?_Inc@const_iterator@?$_Tree@V?$basic_string@DU?$char_traits@D@std@@V?$allocator@D@2@@std@@V12@U_Kfn@?$set@V?$basic_string@DU?$char_traits@D@std@@V?$allocator@D@2@@std@@U?$less@V?$basic_string@DU?$char_traits@D@std@@V?$allocator@D@2@@std@@@2@V?$allocator@V?$basic_string@DU?$char_traits@D@std@@V?$allocator@D@2@@std@@@2@@2@U?$less@V?$basic_string@DU?$char_traits@D@std@@V?$allocator@D@2@@std@@@2@V?$allocator@V?$basic_string@DU?$char_traits@D@std@@V?$allocator@D@2@@std@@@2@@std@@QAEXXZ 0040b6c0 f i GamePlayer.obj
 0001:0000a770       ?_Inc@const_iterator@?$_Tree@V?$basic_string@DU?$char_traits@D@std@@V?$allocator@D@2@@std@@U?$pair@$$CBV?$basic_string@DU?$char_traits@D@std@@V?$allocator@D@2@@std@@PAVIPlayer@@@2@U_Kfn@?$map@V?$basic_string@DU?$char_traits@D@std@@V?$allocator@D@2@@std@@PAVIPlayer@@U?$less@V?$basic_string@DU?$char_traits@D@std@@V?$allocator@D@2@@std@@@2@V?$allocator@PAVIPlayer@@@2@@2@U?$less@V?$basic_string@DU?$char_traits@D@std@@V?$allocator@D@2@@std@@@2@V?$allocator@PAVIPlayer@@@2@@std@@QAEXXZ 0040b770 f i GamePlayer.obj
 0001:0000a820       ?Execute@?$CTaskCommand@VCGamePlayer@@@@UAEIXZ 0040b820 f i GamePlayer.obj
 0001:0000a830       ?ToString@Win32@OnlineGameLib@@YA?AV?$basic_string@DU?$char_traits@D@std@@V?$allocator@D@2@@std@@J@Z 0040b830 f i GamePlayer.obj
 0001:0000aa30       ??0ios_base@std@@IAE@XZ    0040ba30 f i GamePlayer.obj
 0001:0000aa40       ??_Eios_base@std@@UAEPAXI@Z 0040ba40 f i GamePlayer.obj
 0001:0000aa40       ??_Gios_base@std@@UAEPAXI@Z 0040ba40 f i GamePlayer.obj
 0001:0000aa60       ??0strstreambuf@std@@QAE@H@Z 0040ba60 f i GamePlayer.obj
 0001:0000ab50       ??_Estrstreambuf@std@@UAEPAXI@Z 0040bb50 f i GamePlayer.obj
 0001:0000ab50       ??_Gstrstreambuf@std@@UAEPAXI@Z 0040bb50 f i GamePlayer.obj
 0001:0000ab70       ??_Gstrstream@std@@UAEPAXI@Z 0040bb70 f i GamePlayer.obj
 0001:0000ab70       ??_Estrstream@std@@UAEPAXI@Z 0040bb70 f i GamePlayer.obj
 0001:0000aba0       ??_Dstrstream@std@@QAEXXZ  0040bba0 f i GamePlayer.obj
 0001:0000abc0       ?put@?$basic_ostream@DU?$char_traits@D@std@@@std@@QAEAAV12@D@Z 0040bbc0 f i GamePlayer.obj
 0001:0000ad30       ??1?$basic_ios@DU?$char_traits@D@std@@@std@@UAE@XZ 0040bd30 f i GamePlayer.obj
 0001:0000ad40       ??1?$basic_streambuf@DU?$char_traits@D@std@@@std@@UAE@XZ 0040bd40 f i GamePlayer.obj
 0001:0000ad90       ?overflow@?$basic_streambuf@DU?$char_traits@D@std@@@std@@MAEHH@Z 0040bd90 f i GamePlayer.obj
 0001:0000ada0       ?pbackfail@?$basic_streambuf@DU?$char_traits@D@std@@@std@@MAEHH@Z 0040bda0 f i GamePlayer.obj
 0001:0000adb0       ?showmanyc@?$basic_streambuf@DU?$char_traits@D@std@@@std@@MAEHXZ 0040bdb0 f i GamePlayer.obj
 0001:0000adc0       ?underflow@?$basic_streambuf@DU?$char_traits@D@std@@@std@@MAEHXZ 0040bdc0 f i GamePlayer.obj
 0001:0000add0       ?uflow@?$basic_streambuf@DU?$char_traits@D@std@@@std@@MAEHXZ 0040bdd0 f i GamePlayer.obj
 0001:0000ae00       ?xsgetn@?$basic_streambuf@DU?$char_traits@D@std@@@std@@MAEHPADH@Z 0040be00 f i GamePlayer.obj
 0001:0000aea0       ?xsputn@?$basic_streambuf@DU?$char_traits@D@std@@@std@@MAEHPBDH@Z 0040bea0 f i GamePlayer.obj
 0001:0000af40       ?seekoff@?$basic_streambuf@DU?$char_traits@D@std@@@std@@MAE?AV?$fpos@H@2@JW4seekdir@ios_base@2@H@Z 0040bf40 f i GamePlayer.obj
 0001:0000af70       ?seekpos@?$basic_streambuf@DU?$char_traits@D@std@@@std@@MAE?AV?$fpos@H@2@V32@H@Z 0040bf70 f i GamePlayer.obj
 0001:0000afa0       ?setbuf@?$basic_streambuf@DU?$char_traits@D@std@@@std@@MAEPAV12@PADH@Z 0040bfa0 f i GamePlayer.obj
 0001:0000afb0       ?sync@?$basic_streambuf@DU?$char_traits@D@std@@@std@@MAEHXZ 0040bfb0 f i GamePlayer.obj
 0001:0000afc0       ?imbue@?$basic_streambuf@DU?$char_traits@D@std@@@std@@MAEXABVlocale@2@@Z 0040bfc0 f i GamePlayer.obj
 0001:0000afd0       ??0?$basic_iostream@DU?$char_traits@D@std@@@std@@QAE@PAV?$basic_streambuf@DU?$char_traits@D@std@@@1@@Z 0040bfd0 f i GamePlayer.obj
 0001:0000b0a0       ??1?$basic_istream@DU?$char_traits@D@std@@@std@@UAE@XZ 0040c0a0 f i GamePlayer.obj
 0001:0000b0b0       ??1?$basic_iostream@DU?$char_traits@D@std@@@std@@UAE@XZ 0040c0b0 f i GamePlayer.obj
 0001:0000b0f0       ??_G?$basic_ostream@DU?$char_traits@D@std@@@std@@UAEPAXI@Z 0040c0f0 f i GamePlayer.obj
 0001:0000b0f0       ??_E?$basic_ostream@DU?$char_traits@D@std@@@std@@UAEPAXI@Z 0040c0f0 f i GamePlayer.obj
 0001:0000b120       ??_G?$basic_ios@DU?$char_traits@D@std@@@std@@UAEPAXI@Z 0040c120 f i GamePlayer.obj
 0001:0000b120       ??_E?$basic_ios@DU?$char_traits@D@std@@@std@@UAEPAXI@Z 0040c120 f i GamePlayer.obj
 0001:0000b140       ??_E?$basic_istream@DU?$char_traits@D@std@@@std@@UAEPAXI@Z 0040c140 f i GamePlayer.obj
 0001:0000b140       ??_G?$basic_istream@DU?$char_traits@D@std@@@std@@UAEPAXI@Z 0040c140 f i GamePlayer.obj
 0001:0000b170       ??_G?$basic_streambuf@DU?$char_traits@D@std@@@std@@UAEPAXI@Z 0040c170 f i GamePlayer.obj
 0001:0000b170       ??_E?$basic_streambuf@DU?$char_traits@D@std@@@std@@UAEPAXI@Z 0040c170 f i GamePlayer.obj
 0001:0000b190       ??_E?$basic_iostream@DU?$char_traits@D@std@@@std@@UAEPAXI@Z 0040c190 f i GamePlayer.obj
 0001:0000b190       ??_G?$basic_iostream@DU?$char_traits@D@std@@@std@@UAEPAXI@Z 0040c190 f i GamePlayer.obj
 0001:0000b1c0       ??1sentry@?$basic_ostream@DU?$char_traits@D@std@@@std@@QAE@XZ 0040c1c0 f i GamePlayer.obj
 0001:0000b230       ??0?$fpos@H@std@@QAE@J@Z   0040c230 f i GamePlayer.obj
 0001:0000b270       ?opfx@?$basic_ostream@DU?$char_traits@D@std@@@std@@QAE_NXZ 0040c270 f i GamePlayer.obj
 0001:0000b2f0       ?_Distance@std@@YAXViterator@?$_Tree@V?$basic_string@DU?$char_traits@D@std@@V?$allocator@D@2@@std@@V12@U_Kfn@?$set@V?$basic_string@DU?$char_traits@D@std@@V?$allocator@D@2@@std@@U?$less@V?$basic_string@DU?$char_traits@D@std@@V?$allocator@D@2@@std@@@2@V?$allocator@V?$basic_string@DU?$char_traits@D@std@@V?$allocator@D@2@@std@@@2@@2@U?$less@V?$basic_string@DU?$char_traits@D@std@@V?$allocator@D@2@@std@@@2@V?$allocator@V?$basic_string@DU?$char_traits@D@std@@V?$allocator@D@2@@std@@@2@@1@0AAI@Z 0040c2f0 f i GamePlayer.obj
 0001:0000b320       ?_Construct@std@@YAXPAV?$basic_string@DU?$char_traits@D@std@@V?$allocator@D@2@@1@ABV21@@Z 0040c320 f i GamePlayer.obj
 0001:0000b490       ??3@YAXPAX0@Z              0040c490 f i GamePlayer.obj
 0001:0000b4a0       ?_Construct@std@@YAXPAU?$pair@$$CBV?$basic_string@DU?$char_traits@D@std@@V?$allocator@D@2@@std@@PAVIPlayer@@@1@ABU21@@Z 0040c4a0 f i GamePlayer.obj
 0001:0000b5f0       ?_Construct@std@@YAXPAU?$pair@$$CBJPAVCBuffer@Win32@OnlineGameLib@@@1@ABU21@@Z 0040c5f0 f i GamePlayer.obj
 0001:0000b610       ??_G?$CTaskCommand@VCGamePlayer@@@@UAEPAXI@Z 0040c610 f i GamePlayer.obj
 0001:0000b610       ??_E?$CTaskCommand@VCGamePlayer@@@@UAEPAXI@Z 0040c610 f i GamePlayer.obj
 0001:0000b630       ??1?$CTaskCommand@VCGamePlayer@@@@UAE@XZ 0040c630 f i GamePlayer.obj
 0001:0000b640       ??_EICommand@@UAEPAXI@Z    0040c640 f i GamePlayer.obj
 0001:0000b640       ??_GICommand@@UAEPAXI@Z    0040c640 f i GamePlayer.obj
 0001:0000b660       ?compare@?$basic_string@DU?$char_traits@D@std@@V?$allocator@D@2@@std@@QBEHABV12@@Z 0040c660 f i GamePlayer.obj
 0001:0000b6b0       ??6?$basic_ostream@DU?$char_traits@D@std@@@std@@QAEAAV01@J@Z 0040c6b0 f i GamePlayer.obj
 0001:0000b8f0       ??1bad_cast@std@@UAE@XZ    0040c8f0 f i GamePlayer.obj
 0001:0000b900       ?_Doraise@bad_cast@std@@MBEXXZ 0040c900 f i GamePlayer.obj
 0001:0000b920       ??_Ebad_cast@std@@UAEPAXI@Z 0040c920 f i GamePlayer.obj
 0001:0000b920       ??_Gbad_cast@std@@UAEPAXI@Z 0040c920 f i GamePlayer.obj
 0001:0000b940       ??0bad_cast@std@@QAE@ABV01@@Z 0040c940 f i GamePlayer.obj
 0001:0000b960       ??Bid@locale@std@@QAEIXZ   0040c960 f i GamePlayer.obj
 0001:0000b990       ?_Decref@facet@locale@std@@QAEPAV123@XZ 0040c990 f i GamePlayer.obj
 0001:0000b9d0       ??1locale@std@@QAE@XZ      0040c9d0 f i GamePlayer.obj
 0001:0000b9f0       ?getloc@ios_base@std@@QBE?AVlocale@2@XZ 0040c9f0 f i GamePlayer.obj
 0001:0000ba60       ??0?$num_put@DV?$ostreambuf_iterator@DU?$char_traits@D@std@@@std@@@std@@QAE@I@Z 0040ca60 f i GamePlayer.obj
 0001:0000bac0       ??1facet@locale@std@@UAE@XZ 0040cac0 f i GamePlayer.obj
 0001:0000bad0       ??_Efacet@locale@std@@UAEPAXI@Z 0040cad0 f i GamePlayer.obj
 0001:0000bad0       ??_Gfacet@locale@std@@UAEPAXI@Z 0040cad0 f i GamePlayer.obj
 0001:0000baf0       ?do_put@?$num_put@DV?$ostreambuf_iterator@DU?$char_traits@D@std@@@std@@@std@@MBE?AV?$ostreambuf_iterator@DU?$char_traits@D@std@@@2@V32@AAVios_base@2@D_N@Z 0040caf0 f i GamePlayer.obj
 0001:0000bdc0       ??0bad_cast@std@@QAE@PBD@Z 0040cdc0 f i GamePlayer.obj
 0001:0000bde0       ?sputc@?$basic_streambuf@DU?$char_traits@D@std@@@std@@QAEHD@Z 0040cde0 f i GamePlayer.obj
 0001:0000be30       ?do_put@?$num_put@DV?$ostreambuf_iterator@DU?$char_traits@D@std@@@std@@@std@@MBE?AV?$ostreambuf_iterator@DU?$char_traits@D@std@@@2@V32@AAVios_base@2@DJ@Z 0040ce30 f i GamePlayer.obj
 0001:0000bee0       ?do_put@?$num_put@DV?$ostreambuf_iterator@DU?$char_traits@D@std@@@std@@@std@@MBE?AV?$ostreambuf_iterator@DU?$char_traits@D@std@@@2@V32@AAVios_base@2@DK@Z 0040cee0 f i GamePlayer.obj
 0001:0000bf90       ?do_put@?$num_put@DV?$ostreambuf_iterator@DU?$char_traits@D@std@@@std@@@std@@MBE?AV?$ostreambuf_iterator@DU?$char_traits@D@std@@@2@V32@AAVios_base@2@DN@Z 0040cf90 f i GamePlayer.obj
 0001:0000c080       ?do_put@?$num_put@DV?$ostreambuf_iterator@DU?$char_traits@D@std@@@std@@@std@@MBE?AV?$ostreambuf_iterator@DU?$char_traits@D@std@@@2@V32@AAVios_base@2@DO@Z 0040d080 f i GamePlayer.obj
 0001:0000c170       ?do_put@?$num_put@DV?$ostreambuf_iterator@DU?$char_traits@D@std@@@std@@@std@@MBE?AV?$ostreambuf_iterator@DU?$char_traits@D@std@@@2@V32@AAVios_base@2@DPBX@Z 0040d170 f i GamePlayer.obj
 0001:0000c330       ??_G?$num_put@DV?$ostreambuf_iterator@DU?$char_traits@D@std@@@std@@@std@@UAEPAXI@Z 0040d330 f i GamePlayer.obj
 0001:0000c330       ??_E?$num_put@DV?$ostreambuf_iterator@DU?$char_traits@D@std@@@std@@@std@@UAEPAXI@Z 0040d330 f i GamePlayer.obj
 0001:0000c350       ??1?$num_put@DV?$ostreambuf_iterator@DU?$char_traits@D@std@@@std@@@std@@UAE@XZ 0040d350 f i GamePlayer.obj
 0001:0000c360       ?_Fput@?$num_put@DV?$ostreambuf_iterator@DU?$char_traits@D@std@@@std@@@std@@KA?AV?$ostreambuf_iterator@DU?$char_traits@D@std@@@2@V32@AAVios_base@2@DPBDII@Z 0040d360 f i GamePlayer.obj
 0001:0000c770       ?_Iput@?$num_put@DV?$ostreambuf_iterator@DU?$char_traits@D@std@@@std@@@std@@KA?AV?$ostreambuf_iterator@DU?$char_traits@D@std@@@2@V32@AAVios_base@2@DPADI@Z 0040d770 f i GamePlayer.obj
 0001:0000cbc0       ?_Rep@?$num_put@DV?$ostreambuf_iterator@DU?$char_traits@D@std@@@std@@@std@@KA?AV?$ostreambuf_iterator@DU?$char_traits@D@std@@@2@V32@DI@Z 0040dbc0 f i GamePlayer.obj
 0001:0000cc40       ?falsename@?$numpunct@D@std@@QBE?AV?$basic_string@DU?$char_traits@D@std@@V?$allocator@D@2@@2@XZ 0040dc40 f i GamePlayer.obj
 0001:0000cc60       ?truename@?$numpunct@D@std@@QBE?AV?$basic_string@DU?$char_traits@D@std@@V?$allocator@D@2@@2@XZ 0040dc60 f i GamePlayer.obj
 0001:0000cc80       ??4?$ostreambuf_iterator@DU?$char_traits@D@std@@@std@@QAEAAV01@D@Z 0040dc80 f i GamePlayer.obj
 0001:0000cce0       ?grouping@?$numpunct@D@std@@QBE?AV?$basic_string@DU?$char_traits@D@std@@V?$allocator@D@2@@2@XZ 0040dce0 f i GamePlayer.obj
 0001:0000cd00       ??0?$numpunct@D@std@@QAE@I@Z 0040dd00 f i GamePlayer.obj
 0001:0000ce20       ?do_decimal_point@?$numpunct@D@std@@MBEDXZ 0040de20 f i GamePlayer.obj
 0001:0000ce30       ?do_thousands_sep@?$numpunct@D@std@@MBEDXZ 0040de30 f i GamePlayer.obj
 0001:0000ce40       ?do_grouping@?$numpunct@D@std@@MBE?AV?$basic_string@DU?$char_traits@D@std@@V?$allocator@D@2@@2@XZ 0040de40 f i GamePlayer.obj
 0001:0000cf10       ?do_falsename@?$numpunct@D@std@@MBE?AV?$basic_string@DU?$char_traits@D@std@@V?$allocator@D@2@@2@XZ 0040df10 f i GamePlayer.obj
 0001:0000cfe0       ?do_truename@?$numpunct@D@std@@MBE?AV?$basic_string@DU?$char_traits@D@std@@V?$allocator@D@2@@2@XZ 0040dfe0 f i GamePlayer.obj
 0001:0000d0b0       ??_E?$numpunct@D@std@@UAEPAXI@Z 0040e0b0 f i GamePlayer.obj
 0001:0000d0b0       ??_G?$numpunct@D@std@@UAEPAXI@Z 0040e0b0 f i GamePlayer.obj
 0001:0000d0d0       ??1?$numpunct@D@std@@UAE@XZ 0040e0d0 f i GamePlayer.obj
 0001:0000d100       ?_Save@?$_Tidyfac@V?$num_put@DV?$ostreambuf_iterator@DU?$char_traits@D@std@@@std@@@std@@@std@@SAPAV?$num_put@DV?$ostreambuf_iterator@DU?$char_traits@D@std@@@std@@@2@PAV32@@Z 0040e100 f i GamePlayer.obj
 0001:0000d180       ?_Save@?$_Tidyfac@V?$numpunct@D@std@@@std@@SAPAV?$numpunct@D@2@PAV32@@Z 0040e180 f i GamePlayer.obj
 0001:0000d200       ?_Tidy@?$_Tidyfac@V?$num_put@DV?$ostreambuf_iterator@DU?$char_traits@D@std@@@std@@@std@@@std@@SAXXZ 0040e200 f i GamePlayer.obj
 0001:0000d2a0       ?_Tidy@?$_Tidyfac@V?$numpunct@D@std@@@std@@SAXXZ 0040e2a0 f i GamePlayer.obj
 0001:0000d390       ?id@?$numpunct@D@std@@$E   0040e390 f i GamePlayer.obj
 0001:0000d3a0       ?id@?$num_put@DV?$ostreambuf_iterator@DU?$char_traits@D@std@@@$E 0040e3a0 f i GamePlayer.obj
 0001:0000d4c0       ??1?$map@IV?$list@PAVIGServer@@V?$allocator@PAVIGServer@@@std@@@std@@U?$less@I@2@V?$allocator@V?$list@PAVIGServer@@V?$allocator@PAVIGServer@@@std@@@std@@@2@@std@@QAE@XZ 0040e4c0 f i GameServer.obj
 0001:0000d650       ??1?$map@IPAVIGServer@@U?$less@I@std@@V?$allocator@PAVIGServer@@@3@@std@@QAE@XZ 0040e650 f i GameServer.obj
 0001:0000d810       ??1?$map@V?$basic_string@DU?$char_traits@D@std@@V?$allocator@D@2@@std@@UTransferInfo@@U?$less@V?$basic_string@DU?$char_traits@D@std@@V?$allocator@D@2@@std@@@2@V?$allocator@UTransferInfo@@@2@@std@@QAE@XZ 0040e810 f i GameServer.obj
 0001:0000d8c0       ?SetupGlobalAllocator@CGameServer@@SA_NII@Z 0040e8c0 f   GameServer.obj
 0001:0000d8e0       ?BeginTransfer@CGameServer@@SAXPBD@Z 0040e8e0 f   GameServer.obj
 0001:0000dba0       ??1TransferInfo@@QAE@XZ    0040eba0 f i GameServer.obj
 0001:0000dbe0       ?EndTransfer@CGameServer@@SAXPBD@Z 0040ebe0 f   GameServer.obj
 0001:0000dde0       ?IsInTransfer@CGameServer@@SA_NPBD@Z 0040ede0 f   GameServer.obj
 0001:0000df10       ?CleanupStaleTransfers@CGameServer@@SAXXZ 0040ef10 f   GameServer.obj
 0001:0000e150       ??0CGameServer@@QAE@PAUIServer@@PAUIClient@@I@Z 0040f150 f   GameServer.obj
 0001:0000e2f0       ??1IGServer@@UAE@XZ        0040f2f0 f i GameServer.obj
 0001:0000e300       ??_EIGServer@@UAEPAXI@Z    0040f300 f i GameServer.obj
 0001:0000e300       ??_GIGServer@@UAEPAXI@Z    0040f300 f i GameServer.obj
 0001:0000e320       ?GetID@CGameServer@@UAEIXZ 0040f320 f i GameServer.obj
 0001:0000e330       ?GetCapability@CGameServer@@UAEIXZ 0040f330 f i GameServer.obj
 0001:0000e340       ?GetIP@CGameServer@@UAEIE@Z 0040f340 f i GameServer.obj
 0001:0000e360       ?GetIndentify@CGameServer@@UAEIXZ 0040f360 f i GameServer.obj
 0001:0000e370       ??_ECGameServer@@UAEPAXI@Z 0040f370 f i GameServer.obj
 0001:0000e370       ??_GCGameServer@@UAEPAXI@Z 0040f370 f i GameServer.obj
 0001:0000e390       ??1CGameServer@@UAE@XZ     0040f390 f   GameServer.obj
 0001:0000e4f0       ??1?$map@V?$basic_string@DU?$char_traits@D@std@@V?$allocator@D@2@@std@@PAXU?$less@V?$basic_string@DU?$char_traits@D@std@@V?$allocator@D@2@@std@@@2@V?$allocator@PAX@2@@std@@QAE@XZ 0040f4f0 f i GameServer.obj
 0001:0000e560       ?Create@CGameServer@@UAE_NXZ 0040f560 f   GameServer.obj
 0001:0000e5d0       ?Destroy@CGameServer@@UAE_NXZ 0040f5d0 f   GameServer.obj
 0001:0000e800       ?GameSvrEventNotify@CGameServer@@SGXPAXABK1@Z 0040f800 f   GameServer.obj
 0001:0000e9b0       ?Begin@CGameServer@@SA_NPAUIServer@@@Z 0040f9b0 f   GameServer.obj
 0001:0000e9f0       ?End@CGameServer@@SAXXZ    0040f9f0 f   GameServer.obj
 0001:0000eb20       ?ManagerThreadFunction@CGameServer@@CGKPAX@Z 0040fb20 f   GameServer.obj
 0001:0000ecc0       ?AnalyzeRequire@CGameServer@@UAE_NPBXI@Z 0040fcc0 f   GameServer.obj
 0001:0000ed20       ?LargePackProcess@CGameServer@@IAE_NEPBXI@Z 0040fd20 f   GameServer.obj
 0001:0000ed30       ?SmallPackProcess@CGameServer@@IAE_NEPBXI@Z 0040fd30 f   GameServer.obj
 0001:0000ed60       ?DispatchTask@CGameServer@@UAE_NIPBXI@Z 0040fd60 f   GameServer.obj
 0001:0000eda0       ?_QueryMapID@CGameServer@@IAE_NXZ 0040fda0 f   GameServer.obj
 0001:0000ede0       ?_QueryGameSvrInfo@CGameServer@@IAE_NXZ 0040fde0 f   GameServer.obj
 0001:0000ee20       ?_UpdateMapID@CGameServer@@IAE_NPBXI@Z 0040fe20 f   GameServer.obj
 0001:0000ee60       ?_UpdateGameSvrInfo@CGameServer@@IAE_NPBXI@Z 0040fe60 f   GameServer.obj
 0001:0000eff0       ?_RequestSvrIP@CGameServer@@IAE_NPBXI@Z 0040fff0 f   GameServer.obj
 0001:0000f080       ?_NotifyPlayerLogin@CGameServer@@IAE_NPBXI@Z 00410080 f   GameServer.obj
 0001:0000f140       ?_RegisterAccount@CGameServer@@IAE_NPBXI@Z 00410140 f   GameServer.obj
 0001:0000f160       ?_NotifyEnterGame@CGameServer@@IAE_NPBXI@Z 00410160 f   GameServer.obj
 0001:0000f270       ?_NotifyLeaveGame@CGameServer@@IAE_NPBXI@Z 00410270 f   GameServer.obj
 0001:0000f3a0       ?PushAccount@CGameServer@@IAE_NPBD@Z 004103a0 f   GameServer.obj
 0001:0000f3b0       ?PopAccount@CGameServer@@IAE_NPBD_N@Z 004103b0 f   GameServer.obj
 0001:0000f3f0       ?Attach@CGameServer@@UAE_NPBD_N@Z 004103f0 f   GameServer.obj
 0001:0000f4d0       ?AttatchAccountToGameServer@CGameServer@@AAE_NPBD_N@Z 004104d0 f   GameServer.obj
 0001:0000f700       ??1?$pair@$$CBV?$basic_string@DU?$char_traits@D@std@@V?$allocator@D@2@@std@@PAX@std@@QAE@XZ 00410700 f i GameServer.obj
 0001:0000f740       ?HaveAccountInGameServer@CGameServer@@AAE_NPBD@Z 00410740 f   GameServer.obj
 0001:0000f8c0       ?DetachAccountFromGameServer@CGameServer@@QAE_NPBD@Z 004108c0 f   GameServer.obj
 0001:0000fa20       ?ConsumeMoney@CGameServer@@IAE_NPBD@Z 00410a20 f   GameServer.obj
 0001:0000fb30       ?FreezeMoney@CGameServer@@IAE_NPBD@Z 00410b30 f   GameServer.obj
 0001:0000fc40       ?_PlayerLogicLogout@CGameServer@@IAE_NPBXI@Z 00410c40 f   GameServer.obj
 0001:0000fcb0       ?_SyncRoleInfo@CGameServer@@IAE_NPBXI@Z 00410cb0 f   GameServer.obj
 0001:0000fe40       ?RegisterServer@CGameServer@@CA_NIPAVIGServer@@@Z 00410e40 f   GameServer.obj
 0001:00010010       ??1?$pair@$$CBIV?$list@PAVIGServer@@V?$allocator@PAVIGServer@@@std@@@std@@@std@@QAE@XZ 00411010 f i GameServer.obj
 0001:00010060       ?QueryServer@CGameServer@@SAPAVIGServer@@I@Z 00411060 f   GameServer.obj
 0001:00010130       ?FindServerByAccount@CGameServer@@SAHPBD@Z 00411130 f   GameServer.obj
 0001:00010260       ?GetServer@CGameServer@@SAPAVIGServer@@I@Z 00411260 f   GameServer.obj
 0001:00010310       ?GetAllServers@CGameServer@@SAXPAPAV1@H@Z 00411310 f   GameServer.obj
 0001:00010400       ?GetContent@CGameServer@@UAEIXZ 00411400 f   GameServer.obj
 0001:00010430       ?SendToAll@CGameServer@@SAXPBDHI@Z 00411430 f   GameServer.obj
 0001:00010500       ?SendText@CGameServer@@UAEXPBDHI@Z 00411500 f   GameServer.obj
 0001:000105b0       ??0?$basic_string@DU?$char_traits@D@std@@V?$allocator@D@2@@std@@QAE@ABV?$allocator@D@1@@Z 004115b0 f i GameServer.obj
 0001:000105d0       ??0?$map@IV?$list@PAVIGServer@@V?$allocator@PAVIGServer@@@std@@@std@@U?$less@I@2@V?$allocator@V?$list@PAVIGServer@@V?$allocator@PAVIGServer@@@std@@@std@@@2@@std@@QAE@ABU?$less@I@1@ABV?$allocator@V?$list@PAVIGServer@@V?$allocator@PAVIGServer@@@std@@@std@@@1@@Z 004115d0 f i GameServer.obj
 0001:000106a0       ??1?$list@PAVIGServer@@V?$allocator@PAVIGServer@@@std@@@std@@QAE@XZ 004116a0 f i GameServer.obj
 0001:000106f0       ?begin@?$list@PAVIGServer@@V?$allocator@PAVIGServer@@@std@@@std@@QAE?AViterator@12@XZ 004116f0 f i GameServer.obj
 0001:00010700       ??Eiterator@?$list@PAVIGServer@@V?$allocator@PAVIGServer@@@std@@@std@@QAE?AV012@H@Z 00411700 f i GameServer.obj
 0001:00010710       ??0?$map@IPAVIGServer@@U?$less@I@std@@V?$allocator@PAVIGServer@@@3@@std@@QAE@ABU?$less@I@1@ABV?$allocator@PAVIGServer@@@1@@Z 00411710 f i GameServer.obj
 0001:000107e0       ??0?$map@V?$basic_string@DU?$char_traits@D@std@@V?$allocator@D@2@@std@@UTransferInfo@@U?$less@V?$basic_string@DU?$char_traits@D@std@@V?$allocator@D@2@@std@@@2@V?$allocator@UTransferInfo@@@2@@std@@QAE@ABU?$less@V?$basic_string@DU?$char_traits@D@std@@V?$allocator@D@2@@std@@@1@ABV?$allocator@UTransferInfo@@@1@@Z 004117e0 f i GameServer.obj
 0001:000108b0       ??1?$vector@V?$basic_string@DU?$char_traits@D@std@@V?$allocator@D@2@@std@@V?$allocator@V?$basic_string@DU?$char_traits@D@std@@V?$allocator@D@2@@std@@@2@@std@@QAE@XZ 004118b0 f i GameServer.obj
 0001:00010910       ??1?$pair@$$CBV?$basic_string@DU?$char_traits@D@std@@V?$allocator@D@2@@std@@UTransferInfo@@@std@@QAE@XZ 00411910 f i GameServer.obj
 0001:00010980       ?insert@?$_Tree@IU?$pair@$$CBIV?$list@PAVIGServer@@V?$allocator@PAVIGServer@@@std@@@std@@@std@@U_Kfn@?$map@IV?$list@PAVIGServer@@V?$allocator@PAVIGServer@@@std@@@std@@U?$less@I@2@V?$allocator@V?$list@PAVIGServer@@V?$allocator@PAVIGServer@@@std@@@std@@@2@@2@U?$less@I@2@V?$allocator@V?$list@PAVIGServer@@V?$allocator@PAVIGServer@@@std@@@std@@@2@@std@@QAE?AU?$pair@Viterator@?$_Tree@IU?$pair@$$CBIV?$list@PAVIGServer@@V?$allocator@PAVIGServer@@@std@@@std@@@std@@U_Kfn@?$map@IV?$list@PAVIGServer@@V?$allocator@PAVIGServer@@@std@@@std@@U?$less@I@2@V?$allocator@V?$list@PAVIGServer@@V?$allocator@PAVIGServer@@@std@@@std@@@2@@2@U?$less@I@2@V?$allocator@V?$list@PAVIGServer@@V?$allocator@PAVIGServer@@@std@@@std@@@2@@std@@_N@2@ABU?$pair@$$CBIV?$list@PAVIGServer@@V?$allocator@PAVIGServer@@@std@@@std@@@2@@Z 00411980 f i GameServer.obj
 0001:00010ab0       ?erase@?$_Tree@IU?$pair@$$CBIV?$list@PAVIGServer@@V?$allocator@PAVIGServer@@@std@@@std@@@std@@U_Kfn@?$map@IV?$list@PAVIGServer@@V?$allocator@PAVIGServer@@@std@@@std@@U?$less@I@2@V?$allocator@V?$list@PAVIGServer@@V?$allocator@PAVIGServer@@@std@@@std@@@2@@2@U?$less@I@2@V?$allocator@V?$list@PAVIGServer@@V?$allocator@PAVIGServer@@@std@@@std@@@2@@std@@QAE?AViterator@12@V312@0@Z 00411ab0 f i GameServer.obj
 0001:00010bf0       ?find@?$_Tree@IU?$pair@$$CBIV?$list@PAVIGServer@@V?$allocator@PAVIGServer@@@std@@@std@@@std@@U_Kfn@?$map@IV?$list@PAVIGServer@@V?$allocator@PAVIGServer@@@std@@@std@@U?$less@I@2@V?$allocator@V?$list@PAVIGServer@@V?$allocator@PAVIGServer@@@std@@@std@@@2@@2@U?$less@I@2@V?$allocator@V?$list@PAVIGServer@@V?$allocator@PAVIGServer@@@std@@@std@@@2@@std@@QAE?AViterator@12@ABI@Z 00411bf0 f i GameServer.obj
 0001:00010c40       ?insert@?$list@PAVIGServer@@V?$allocator@PAVIGServer@@@std@@@std@@QAE?AViterator@12@V312@ABQAVIGServer@@@Z 00411c40 f i GameServer.obj
 0001:00010ca0       ?erase@?$list@PAVIGServer@@V?$allocator@PAVIGServer@@@std@@@std@@QAE?AViterator@12@V312@0@Z 00411ca0 f i GameServer.obj
 0001:00010cf0       ?_Buynode@?$list@PAVIGServer@@V?$allocator@PAVIGServer@@@std@@@std@@IAEPAU_Node@12@PAU312@0@Z 00411cf0 f i GameServer.obj
 0001:00010d20       ?insert@?$_Tree@IU?$pair@$$CBIPAVIGServer@@@std@@U_Kfn@?$map@IPAVIGServer@@U?$less@I@std@@V?$allocator@PAVIGServer@@@3@@2@U?$less@I@2@V?$allocator@PAVIGServer@@@2@@std@@QAE?AU?$pair@Viterator@?$_Tree@IU?$pair@$$CBIPAVIGServer@@@std@@U_Kfn@?$map@IPAVIGServer@@U?$less@I@std@@V?$allocator@PAVIGServer@@@3@@2@U?$less@I@2@V?$allocator@PAVIGServer@@@2@@std@@_N@2@ABU?$pair@$$CBIPAVIGServer@@@2@@Z 00411d20 f i GameServer.obj
 0001:00010e50       ?erase@?$_Tree@IU?$pair@$$CBIPAVIGServer@@@std@@U_Kfn@?$map@IPAVIGServer@@U?$less@I@std@@V?$allocator@PAVIGServer@@@3@@2@U?$less@I@2@V?$allocator@PAVIGServer@@@2@@std@@QAE?AViterator@12@V312@@Z 00411e50 f i GameServer.obj
 0001:00011370       ?erase@?$_Tree@IU?$pair@$$CBIPAVIGServer@@@std@@U_Kfn@?$map@IPAVIGServer@@U?$less@I@std@@V?$allocator@PAVIGServer@@@3@@2@U?$less@I@2@V?$allocator@PAVIGServer@@@2@@std@@QAE?AViterator@12@V312@0@Z 00412370 f i GameServer.obj
 0001:000114a0       ?_Inc@const_iterator@?$_Tree@IU?$pair@$$CBIPAVIGServer@@@std@@U_Kfn@?$map@IPAVIGServer@@U?$less@I@std@@V?$allocator@PAVIGServer@@@3@@2@U?$less@I@2@V?$allocator@PAVIGServer@@@2@@std@@QAEXXZ 004124a0 f i GameServer.obj
 0001:00011550       ?insert@?$_Tree@V?$basic_string@DU?$char_traits@D@std@@V?$allocator@D@2@@std@@U?$pair@$$CBV?$basic_string@DU?$char_traits@D@std@@V?$allocator@D@2@@std@@PAX@2@U_Kfn@?$map@V?$basic_string@DU?$char_traits@D@std@@V?$allocator@D@2@@std@@PAXU?$less@V?$basic_string@DU?$char_traits@D@std@@V?$allocator@D@2@@std@@@2@V?$allocator@PAX@2@@2@U?$less@V?$basic_string@DU?$char_traits@D@std@@V?$allocator@D@2@@std@@@2@V?$allocator@PAX@2@@std@@QAE?AU?$pair@Viterator@?$_Tree@V?$basic_string@DU?$char_traits@D@std@@V?$allocator@D@2@@std@@U?$pair@$$CBV?$basic_string@DU?$char_traits@D@std@@V?$allocator@D@2@@std@@PAX@2@U_Kfn@?$map@V?$basic_string@DU?$char_traits@D@std@@V?$allocator@D@2@@std@@PAXU?$less@V?$basic_string@DU?$char_traits@D@std@@V?$allocator@D@2@@std@@@2@V?$allocator@PAX@2@@2@U?$less@V?$basic_string@DU?$char_traits@D@std@@V?$allocator@D@2@@std@@@2@V?$allocator@PAX@2@@std@@_N@2@ABU?$pair@$$CBV?$basic_string@DU?$char_traits@D@std@@V?$allocator@D@2@@std@@PAX@2@@Z 00412550 f i GameServer.obj
 0001:000116c0       ?erase@?$_Tree@V?$basic_string@DU?$char_traits@D@std@@V?$allocator@D@2@@std@@U?$pair@$$CBV?$basic_string@DU?$char_traits@D@std@@V?$allocator@D@2@@std@@PAX@2@U_Kfn@?$map@V?$basic_string@DU?$char_traits@D@std@@V?$allocator@D@2@@std@@PAXU?$less@V?$basic_string@DU?$char_traits@D@std@@V?$allocator@D@2@@std@@@2@V?$allocator@PAX@2@@2@U?$less@V?$basic_string@DU?$char_traits@D@std@@V?$allocator@D@2@@std@@@2@V?$allocator@PAX@2@@std@@QAE?AViterator@12@V312@@Z 004126c0 f i GameServer.obj
 0001:00011bf0       ?erase@?$_Tree@V?$basic_string@DU?$char_traits@D@std@@V?$allocator@D@2@@std@@U?$pair@$$CBV?$basic_string@DU?$char_traits@D@std@@V?$allocator@D@2@@std@@PAX@2@U_Kfn@?$map@V?$basic_string@DU?$char_traits@D@std@@V?$allocator@D@2@@std@@PAXU?$less@V?$basic_string@DU?$char_traits@D@std@@V?$allocator@D@2@@std@@@2@V?$allocator@PAX@2@@2@U?$less@V?$basic_string@DU?$char_traits@D@std@@V?$allocator@D@2@@std@@@2@V?$allocator@PAX@2@@std@@QAE?AViterator@12@V312@0@Z 00412bf0 f i GameServer.obj
 0001:00011d30       ?find@?$_Tree@V?$basic_string@DU?$char_traits@D@std@@V?$allocator@D@2@@std@@U?$pair@$$CBV?$basic_string@DU?$char_traits@D@std@@V?$allocator@D@2@@std@@PAX@2@U_Kfn@?$map@V?$basic_string@DU?$char_traits@D@std@@V?$allocator@D@2@@std@@PAXU?$less@V?$basic_string@DU?$char_traits@D@std@@V?$allocator@D@2@@std@@@2@V?$allocator@PAX@2@@2@U?$less@V?$basic_string@DU?$char_traits@D@std@@V?$allocator@D@2@@std@@@2@V?$allocator@PAX@2@@std@@QAE?AViterator@12@ABV?$basic_string@DU?$char_traits@D@std@@V?$allocator@D@2@@2@@Z 00412d30 f i GameServer.obj
 0001:00011dc0       ?insert@?$map@V?$basic_string@DU?$char_traits@D@std@@V?$allocator@D@2@@std@@UTransferInfo@@U?$less@V?$basic_string@DU?$char_traits@D@std@@V?$allocator@D@2@@std@@@2@V?$allocator@UTransferInfo@@@2@@std@@QAE?AU?$pair@Viterator@?$_Tree@V?$basic_string@DU?$char_traits@D@std@@V?$allocator@D@2@@std@@U?$pair@$$CBV?$basic_string@DU?$char_traits@D@std@@V?$allocator@D@2@@std@@UTransferInfo@@@2@U_Kfn@?$map@V?$basic_string@DU?$char_traits@D@std@@V?$allocator@D@2@@std@@UTransferInfo@@U?$less@V?$basic_string@DU?$char_traits@D@std@@V?$allocator@D@2@@std@@@2@V?$allocator@UTransferInfo@@@2@@2@U?$less@V?$basic_string@DU?$char_traits@D@std@@V?$allocator@D@2@@std@@@2@V?$allocator@UTransferInfo@@@2@@std@@_N@2@ABU?$pair@$$CBV?$basic_string@DU?$char_traits@D@std@@V?$allocator@D@2@@std@@UTransferInfo@@@2@@Z 00412dc0 f i GameServer.obj
 0001:00011df0       ?begin@?$_Tree@V?$basic_string@DU?$char_traits@D@std@@V?$allocator@D@2@@std@@U?$pair@$$CBV?$basic_string@DU?$char_traits@D@std@@V?$allocator@D@2@@std@@UTransferInfo@@@2@U_Kfn@?$map@V?$basic_string@DU?$char_traits@D@std@@V?$allocator@D@2@@std@@UTransferInfo@@U?$less@V?$basic_string@DU?$char_traits@D@std@@V?$allocator@D@2@@std@@@2@V?$allocator@UTransferInfo@@@2@@2@U?$less@V?$basic_string@DU?$char_traits@D@std@@V?$allocator@D@2@@std@@@2@V?$allocator@UTransferInfo@@@2@@std@@QAE?AViterator@12@XZ 00412df0 f i GameServer.obj
 0001:00011e00       ?erase@?$_Tree@V?$basic_string@DU?$char_traits@D@std@@V?$allocator@D@2@@std@@U?$pair@$$CBV?$basic_string@DU?$char_traits@D@std@@V?$allocator@D@2@@std@@UTransferInfo@@@2@U_Kfn@?$map@V?$basic_string@DU?$char_traits@D@std@@V?$allocator@D@2@@std@@UTransferInfo@@U?$less@V?$basic_string@DU?$char_traits@D@std@@V?$allocator@D@2@@std@@@2@V?$allocator@UTransferInfo@@@2@@2@U?$less@V?$basic_string@DU?$char_traits@D@std@@V?$allocator@D@2@@std@@@2@V?$allocator@UTransferInfo@@@2@@std@@QAE?AViterator@12@V312@0@Z 00412e00 f i GameServer.obj
 0001:00011f40       ??0?$pair@$$CBV?$basic_string@DU?$char_traits@D@std@@V?$allocator@D@2@@std@@UTransferInfo@@@std@@QAE@ABV?$basic_string@DU?$char_traits@D@std@@V?$allocator@D@2@@1@ABUTransferInfo@@@Z 00412f40 f i GameServer.obj
 0001:00012070       ?_Inc@const_iterator@?$_Tree@V?$basic_string@DU?$char_traits@D@std@@V?$allocator@D@2@@std@@U?$pair@$$CBV?$basic_string@DU?$char_traits@D@std@@V?$allocator@D@2@@std@@UTransferInfo@@@2@U_Kfn@?$map@V?$basic_string@DU?$char_traits@D@std@@V?$allocator@D@2@@std@@UTransferInfo@@U?$less@V?$basic_string@DU?$char_traits@D@std@@V?$allocator@D@2@@std@@@2@V?$allocator@UTransferInfo@@@2@@2@U?$less@V?$basic_string@DU?$char_traits@D@std@@V?$allocator@D@2@@std@@@2@V?$allocator@UTransferInfo@@@2@@std@@QAEXXZ 00413070 f i GameServer.obj
 0001:00012120       ??0?$pair@Viterator@?$_Tree@V?$basic_string@DU?$char_traits@D@std@@V?$allocator@D@2@@std@@U?$pair@$$CBV?$basic_string@DU?$char_traits@D@std@@V?$allocator@D@2@@std@@PAX@2@U_Kfn@?$map@V?$basic_string@DU?$char_traits@D@std@@V?$allocator@D@2@@std@@PAXU?$less@V?$basic_string@DU?$char_traits@D@std@@V?$allocator@D@2@@std@@@2@V?$allocator@PAX@2@@2@U?$less@V?$basic_string@DU?$char_traits@D@std@@V?$allocator@D@2@@std@@@2@V?$allocator@PAX@2@@std@@_N@std@@QAE@ABViterator@?$_Tree@V?$basic_string@DU?$char_traits@D@std@@V?$allocator@D@2@@std@@U?$pair@$$CBV?$basic_string@DU?$char_traits@D@std@@V?$allocator@D@2@@std@@PAX@2@U_Kfn@?$map@V?$basic_string@DU?$char_traits@D@std@@V?$allocator@D@2@@std@@PAXU?$less@V?$basic_string@DU?$char_traits@D@std@@V?$allocator@D@2@@std@@@2@V?$allocator@PAX@2@@2@U?$less@V?$basic_string@DU?$char_traits@D@std@@V?$allocator@D@2@@std@@@2@V?$allocator@PAX@2@@1@AB_N@Z 00413120 f i GameServer.obj
 0001:00012140       ?erase@?$_Tree@IU?$pair@$$CBIV?$list@PAVIGServer@@V?$allocator@PAVIGServer@@@std@@@std@@@std@@U_Kfn@?$map@IV?$list@PAVIGServer@@V?$allocator@PAVIGServer@@@std@@@std@@U?$less@I@2@V?$allocator@V?$list@PAVIGServer@@V?$allocator@PAVIGServer@@@std@@@std@@@2@@2@U?$less@I@2@V?$allocator@V?$list@PAVIGServer@@V?$allocator@PAVIGServer@@@std@@@std@@@2@@std@@QAE?AViterator@12@V312@@Z 00413140 f i GameServer.obj
 0001:00012680       ?erase@?$list@PAVIGServer@@V?$allocator@PAVIGServer@@@std@@@std@@QAE?AViterator@12@V312@@Z 00413680 f i GameServer.obj
 0001:000126c0       ?_Next@_Acc@?$list@PAVIGServer@@V?$allocator@PAVIGServer@@@std@@@std@@SAAAPAU_Node@23@PAU423@@Z 004136c0 f i GameServer.obj
 0001:000126d0       ?_Erase@?$_Tree@IU?$pair@$$CBIV?$list@PAVIGServer@@V?$allocator@PAVIGServer@@@std@@@std@@@std@@U_Kfn@?$map@IV?$list@PAVIGServer@@V?$allocator@PAVIGServer@@@std@@@std@@U?$less@I@2@V?$allocator@V?$list@PAVIGServer@@V?$allocator@PAVIGServer@@@std@@@std@@@2@@2@U?$less@I@2@V?$allocator@V?$list@PAVIGServer@@V?$allocator@PAVIGServer@@@std@@@std@@@2@@std@@IAEXPAU_Node@12@@Z 004136d0 f i GameServer.obj
 0001:000127b0       ?_Insert@?$_Tree@IU?$pair@$$CBIV?$list@PAVIGServer@@V?$allocator@PAVIGServer@@@std@@@std@@@std@@U_Kfn@?$map@IV?$list@PAVIGServer@@V?$allocator@PAVIGServer@@@std@@@std@@U?$less@I@2@V?$allocator@V?$list@PAVIGServer@@V?$allocator@PAVIGServer@@@std@@@std@@@2@@2@U?$less@I@2@V?$allocator@V?$list@PAVIGServer@@V?$allocator@PAVIGServer@@@std@@@std@@@2@@std@@IAE?AViterator@12@PAU_Node@12@0ABU?$pair@$$CBIV?$list@PAVIGServer@@V?$allocator@PAVIGServer@@@std@@@std@@@2@@Z 004137b0 f i GameServer.obj
 0001:00012ab0       ?begin@?$list@PAVIGServer@@V?$allocator@PAVIGServer@@@std@@@std@@QBE?AVconst_iterator@12@XZ 00413ab0 f i GameServer.obj
 0001:00012ac0       ?end@?$list@PAVIGServer@@V?$allocator@PAVIGServer@@@std@@@std@@QBE?AVconst_iterator@12@XZ 00413ac0 f i GameServer.obj
 0001:00012ad0       ?insert@?$list@PAVIGServer@@V?$allocator@PAVIGServer@@@std@@@std@@QAEXViterator@12@Vconst_iterator@12@1@Z 00413ad0 f i GameServer.obj
 0001:00012b40       ?_Inc@const_iterator@?$_Tree@IU?$pair@$$CBIV?$list@PAVIGServer@@V?$allocator@PAVIGServer@@@std@@@std@@@std@@U_Kfn@?$map@IV?$list@PAVIGServer@@V?$allocator@PAVIGServer@@@std@@@std@@U?$less@I@2@V?$allocator@V?$list@PAVIGServer@@V?$allocator@PAVIGServer@@@std@@@std@@@2@@2@U?$less@I@2@V?$allocator@V?$list@PAVIGServer@@V?$allocator@PAVIGServer@@@std@@@std@@@2@@std@@QAEXXZ 00413b40 f i GameServer.obj
 0001:00012bf0       ?lower_bound@?$_Tree@IU?$pair@$$CBIPAVIGServer@@@std@@U_Kfn@?$map@IPAVIGServer@@U?$less@I@std@@V?$allocator@PAVIGServer@@@3@@2@U?$less@I@2@V?$allocator@PAVIGServer@@@2@@std@@QAE?AViterator@12@ABI@Z 00413bf0 f i GameServer.obj
 0001:00012c10       ?_Erase@?$_Tree@IU?$pair@$$CBIPAVIGServer@@@std@@U_Kfn@?$map@IPAVIGServer@@U?$less@I@std@@V?$allocator@PAVIGServer@@@3@@2@U?$less@I@2@V?$allocator@PAVIGServer@@@2@@std@@IAEXPAU_Node@12@@Z 00413c10 f i GameServer.obj
 0001:00012ca0       ?_Insert@?$_Tree@IU?$pair@$$CBIPAVIGServer@@@std@@U_Kfn@?$map@IPAVIGServer@@U?$less@I@std@@V?$allocator@PAVIGServer@@@3@@2@U?$less@I@2@V?$allocator@PAVIGServer@@@2@@std@@IAE?AViterator@12@PAU_Node@12@0ABU?$pair@$$CBIPAVIGServer@@@2@@Z 00413ca0 f i GameServer.obj
 0001:00012fa0       ?_Min@?$_Tree@IU?$pair@$$CBIPAVIGServer@@@std@@U_Kfn@?$map@IPAVIGServer@@U?$less@I@std@@V?$allocator@PAVIGServer@@@3@@2@U?$less@I@2@V?$allocator@PAVIGServer@@@2@@std@@KAPAU_Node@12@PAU312@@Z 00413fa0 f i GameServer.obj
 0001:00012fe0       ?lower_bound@?$_Tree@V?$basic_string@DU?$char_traits@D@std@@V?$allocator@D@2@@std@@U?$pair@$$CBV?$basic_string@DU?$char_traits@D@std@@V?$allocator@D@2@@std@@PAX@2@U_Kfn@?$map@V?$basic_string@DU?$char_traits@D@std@@V?$allocator@D@2@@std@@PAXU?$less@V?$basic_string@DU?$char_traits@D@std@@V?$allocator@D@2@@std@@@2@V?$allocator@PAX@2@@2@U?$less@V?$basic_string@DU?$char_traits@D@std@@V?$allocator@D@2@@std@@@2@V?$allocator@PAX@2@@std@@QAE?AViterator@12@ABV?$basic_string@DU?$char_traits@D@std@@V?$allocator@D@2@@2@@Z 00413fe0 f i GameServer.obj
 0001:00013000       ?_Erase@?$_Tree@V?$basic_string@DU?$char_traits@D@std@@V?$allocator@D@2@@std@@U?$pair@$$CBV?$basic_string@DU?$char_traits@D@std@@V?$allocator@D@2@@std@@PAX@2@U_Kfn@?$map@V?$basic_string@DU?$char_traits@D@std@@V?$allocator@D@2@@std@@PAXU?$less@V?$basic_string@DU?$char_traits@D@std@@V?$allocator@D@2@@std@@@2@V?$allocator@PAX@2@@2@U?$less@V?$basic_string@DU?$char_traits@D@std@@V?$allocator@D@2@@std@@@2@V?$allocator@PAX@2@@std@@IAEXPAU_Node@12@@Z 00414000 f i GameServer.obj
 0001:000130b0       ?_Insert@?$_Tree@V?$basic_string@DU?$char_traits@D@std@@V?$allocator@D@2@@std@@U?$pair@$$CBV?$basic_string@DU?$char_traits@D@std@@V?$allocator@D@2@@std@@PAX@2@U_Kfn@?$map@V?$basic_string@DU?$char_traits@D@std@@V?$allocator@D@2@@std@@PAXU?$less@V?$basic_string@DU?$char_traits@D@std@@V?$allocator@D@2@@std@@@2@V?$allocator@PAX@2@@2@U?$less@V?$basic_string@DU?$char_traits@D@std@@V?$allocator@D@2@@std@@@2@V?$allocator@PAX@2@@std@@IAE?AViterator@12@PAU_Node@12@0ABU?$pair@$$CBV?$basic_string@DU?$char_traits@D@std@@V?$allocator@D@2@@std@@PAX@2@@Z 004140b0 f i GameServer.obj
 0001:000133c0       ?_Inc@const_iterator@?$_Tree@V?$basic_string@DU?$char_traits@D@std@@V?$allocator@D@2@@std@@U?$pair@$$CBV?$basic_string@DU?$char_traits@D@std@@V?$allocator@D@2@@std@@PAX@2@U_Kfn@?$map@V?$basic_string@DU?$char_traits@D@std@@V?$allocator@D@2@@std@@PAXU?$less@V?$basic_string@DU?$char_traits@D@std@@V?$allocator@D@2@@std@@@2@V?$allocator@PAX@2@@2@U?$less@V?$basic_string@DU?$char_traits@D@std@@V?$allocator@D@2@@std@@@2@V?$allocator@PAX@2@@std@@QAEXXZ 004143c0 f i GameServer.obj
 0001:00013470       ?insert@?$_Tree@V?$basic_string@DU?$char_traits@D@std@@V?$allocator@D@2@@std@@U?$pair@$$CBV?$basic_string@DU?$char_traits@D@std@@V?$allocator@D@2@@std@@UTransferInfo@@@2@U_Kfn@?$map@V?$basic_string@DU?$char_traits@D@std@@V?$allocator@D@2@@std@@UTransferInfo@@U?$less@V?$basic_string@DU?$char_traits@D@std@@V?$allocator@D@2@@std@@@2@V?$allocator@UTransferInfo@@@2@@2@U?$less@V?$basic_string@DU?$char_traits@D@std@@V?$allocator@D@2@@std@@@2@V?$allocator@UTransferInfo@@@2@@std@@QAE?AU?$pair@Viterator@?$_Tree@V?$basic_string@DU?$char_traits@D@std@@V?$allocator@D@2@@std@@U?$pair@$$CBV?$basic_string@DU?$char_traits@D@std@@V?$allocator@D@2@@std@@UTransferInfo@@@2@U_Kfn@?$map@V?$basic_string@DU?$char_traits@D@std@@V?$allocator@D@2@@std@@UTransferInfo@@U?$less@V?$basic_string@DU?$char_traits@D@std@@V?$allocator@D@2@@std@@@2@V?$allocator@UTransferInfo@@@2@@2@U?$less@V?$basic_string@DU?$char_traits@D@std@@V?$allocator@D@2@@std@@@2@V?$allocator@UTransferInfo@@@2@@std@@_N@2@ABU?$pair@$$CBV?$basic_string@DU?$char_traits@D@std@@V?$allocator@D@2@@std@@UTransferInfo@@@2@@Z 00414470 f i GameServer.obj
 0001:000135e0       ?erase@?$_Tree@V?$basic_string@DU?$char_traits@D@std@@V?$allocator@D@2@@std@@U?$pair@$$CBV?$basic_string@DU?$char_traits@D@std@@V?$allocator@D@2@@std@@UTransferInfo@@@2@U_Kfn@?$map@V?$basic_string@DU?$char_traits@D@std@@V?$allocator@D@2@@std@@UTransferInfo@@U?$less@V?$basic_string@DU?$char_traits@D@std@@V?$allocator@D@2@@std@@@2@V?$allocator@UTransferInfo@@@2@@2@U?$less@V?$basic_string@DU?$char_traits@D@std@@V?$allocator@D@2@@std@@@2@V?$allocator@UTransferInfo@@@2@@std@@QAE?AViterator@12@V312@@Z 004145e0 f i GameServer.obj
 0001:00013b50       ?equal_range@?$_Tree@V?$basic_string@DU?$char_traits@D@std@@V?$allocator@D@2@@std@@U?$pair@$$CBV?$basic_string@DU?$char_traits@D@std@@V?$allocator@D@2@@std@@UTransferInfo@@@2@U_Kfn@?$map@V?$basic_string@DU?$char_traits@D@std@@V?$allocator@D@2@@std@@UTransferInfo@@U?$less@V?$basic_string@DU?$char_traits@D@std@@V?$allocator@D@2@@std@@@2@V?$allocator@UTransferInfo@@@2@@2@U?$less@V?$basic_string@DU?$char_traits@D@std@@V?$allocator@D@2@@std@@@2@V?$allocator@UTransferInfo@@@2@@std@@QAE?AU?$pair@Viterator@?$_Tree@V?$basic_string@DU?$char_traits@D@std@@V?$allocator@D@2@@std@@U?$pair@$$CBV?$basic_string@DU?$char_traits@D@std@@V?$allocator@D@2@@std@@UTransferInfo@@@2@U_Kfn@?$map@V?$basic_string@DU?$char_traits@D@std@@V?$allocator@D@2@@std@@UTransferInfo@@U?$less@V?$basic_string@DU?$char_traits@D@std@@V?$allocator@D@2@@std@@@2@V?$allocator@UTransferInfo@@@2@@2@U?$less@V?$basic_string@DU?$char_traits@D@std@@V?$allocator@D@2@@std@@@2@V?$allocator@UTransferInfo@@@2@@std@@V123@@2@ABV?$basic_string@DU?$char_traits@D@std@@V?$allocator@D@2@@2@@Z 00414b50 f i GameServer.obj
 0001:00013b80       ?_Erase@?$_Tree@V?$basic_string@DU?$char_traits@D@std@@V?$allocator@D@2@@std@@U?$pair@$$CBV?$basic_string@DU?$char_traits@D@std@@V?$allocator@D@2@@std@@UTransferInfo@@@2@U_Kfn@?$map@V?$basic_string@DU?$char_traits@D@std@@V?$allocator@D@2@@std@@UTransferInfo@@U?$less@V?$basic_string@DU?$char_traits@D@std@@V?$allocator@D@2@@std@@@2@V?$allocator@UTransferInfo@@@2@@2@U?$less@V?$basic_string@DU?$char_traits@D@std@@V?$allocator@D@2@@std@@@2@V?$allocator@UTransferInfo@@@2@@std@@IAEXPAU_Node@12@@Z 00414b80 f i GameServer.obj
 0001:00013c60       ?insert@?$vector@V?$basic_string@DU?$char_traits@D@std@@V?$allocator@D@2@@std@@V?$allocator@V?$basic_string@DU?$char_traits@D@std@@V?$allocator@D@2@@std@@@2@@std@@QAEXPAV?$basic_string@DU?$char_traits@D@std@@V?$allocator@D@2@@2@IABV32@@Z 00414c60 f i GameServer.obj
 0001:00013f20       ??0?$pair@Viterator@?$_Tree@V?$basic_string@DU?$char_traits@D@std@@V?$allocator@D@2@@std@@U?$pair@$$CBV?$basic_string@DU?$char_traits@D@std@@V?$allocator@D@2@@std@@UTransferInfo@@@2@U_Kfn@?$map@V?$basic_string@DU?$char_traits@D@std@@V?$allocator@D@2@@std@@UTransferInfo@@U?$less@V?$basic_string@DU?$char_traits@D@std@@V?$allocator@D@2@@std@@@2@V?$allocator@UTransferInfo@@@2@@2@U?$less@V?$basic_string@DU?$char_traits@D@std@@V?$allocator@D@2@@std@@@2@V?$allocator@UTransferInfo@@@2@@std@@_N@std@@QAE@ABViterator@?$_Tree@V?$basic_string@DU?$char_traits@D@std@@V?$allocator@D@2@@std@@U?$pair@$$CBV?$basic_string@DU?$char_traits@D@std@@V?$allocator@D@2@@std@@UTransferInfo@@@2@U_Kfn@?$map@V?$basic_string@DU?$char_traits@D@std@@V?$allocator@D@2@@std@@UTransferInfo@@U?$less@V?$basic_string@DU?$char_traits@D@std@@V?$allocator@D@2@@std@@@2@V?$allocator@UTransferInfo@@@2@@2@U?$less@V?$basic_string@DU?$char_traits@D@std@@V?$allocator@D@2@@std@@@2@V?$allocator@UTransferInfo@@@2@@1@AB_N@Z 00414f20 f i GameServer.obj
 0001:00013f40       ?_Lbound@?$_Tree@IU?$pair@$$CBIV?$list@PAVIGServer@@V?$allocator@PAVIGServer@@@std@@@std@@@std@@U_Kfn@?$map@IV?$list@PAVIGServer@@V?$allocator@PAVIGServer@@@std@@@std@@U?$less@I@2@V?$allocator@V?$list@PAVIGServer@@V?$allocator@PAVIGServer@@@std@@@std@@@2@@2@U?$less@I@2@V?$allocator@V?$list@PAVIGServer@@V?$allocator@PAVIGServer@@@std@@@std@@@2@@std@@IBEPAU_Node@12@ABI@Z 00414f40 f i GameServer.obj
 0001:00013f90       ?_Dec@const_iterator@?$_Tree@IU?$pair@$$CBIV?$list@PAVIGServer@@V?$allocator@PAVIGServer@@@std@@@std@@@std@@U_Kfn@?$map@IV?$list@PAVIGServer@@V?$allocator@PAVIGServer@@@std@@@std@@U?$less@I@2@V?$allocator@V?$list@PAVIGServer@@V?$allocator@PAVIGServer@@@std@@@std@@@2@@2@U?$less@I@2@V?$allocator@V?$list@PAVIGServer@@V?$allocator@PAVIGServer@@@std@@@std@@@2@@std@@QAEXXZ 00414f90 f i GameServer.obj
 0001:00014050       ?_Lbound@?$_Tree@IU?$pair@$$CBIPAVIGServer@@@std@@U_Kfn@?$map@IPAVIGServer@@U?$less@I@std@@V?$allocator@PAVIGServer@@@3@@2@U?$less@I@2@V?$allocator@PAVIGServer@@@2@@std@@IBEPAU_Node@12@ABI@Z 00415050 f i GameServer.obj
 0001:000140a0       ?_Dec@const_iterator@?$_Tree@IU?$pair@$$CBIPAVIGServer@@@std@@U_Kfn@?$map@IPAVIGServer@@U?$less@I@std@@V?$allocator@PAVIGServer@@@3@@2@U?$less@I@2@V?$allocator@PAVIGServer@@@2@@std@@QAEXXZ 004150a0 f i GameServer.obj
 0001:00014160       ?_Lbound@?$_Tree@V?$basic_string@DU?$char_traits@D@std@@V?$allocator@D@2@@std@@U?$pair@$$CBV?$basic_string@DU?$char_traits@D@std@@V?$allocator@D@2@@std@@PAX@2@U_Kfn@?$map@V?$basic_string@DU?$char_traits@D@std@@V?$allocator@D@2@@std@@PAXU?$less@V?$basic_string@DU?$char_traits@D@std@@V?$allocator@D@2@@std@@@2@V?$allocator@PAX@2@@2@U?$less@V?$basic_string@DU?$char_traits@D@std@@V?$allocator@D@2@@std@@@2@V?$allocator@PAX@2@@std@@IBEPAU_Node@12@ABV?$basic_string@DU?$char_traits@D@std@@V?$allocator@D@2@@2@@Z 00415160 f i GameServer.obj
 0001:00014220       ?_Dec@const_iterator@?$_Tree@V?$basic_string@DU?$char_traits@D@std@@V?$allocator@D@2@@std@@U?$pair@$$CBV?$basic_string@DU?$char_traits@D@std@@V?$allocator@D@2@@std@@PAX@2@U_Kfn@?$map@V?$basic_string@DU?$char_traits@D@std@@V?$allocator@D@2@@std@@PAXU?$less@V?$basic_string@DU?$char_traits@D@std@@V?$allocator@D@2@@std@@@2@V?$allocator@PAX@2@@2@U?$less@V?$basic_string@DU?$char_traits@D@std@@V?$allocator@D@2@@std@@@2@V?$allocator@PAX@2@@std@@QAEXXZ 00415220 f i GameServer.obj
 0001:000142e0       ?lower_bound@?$_Tree@V?$basic_string@DU?$char_traits@D@std@@V?$allocator@D@2@@std@@U?$pair@$$CBV?$basic_string@DU?$char_traits@D@std@@V?$allocator@D@2@@std@@UTransferInfo@@@2@U_Kfn@?$map@V?$basic_string@DU?$char_traits@D@std@@V?$allocator@D@2@@std@@UTransferInfo@@U?$less@V?$basic_string@DU?$char_traits@D@std@@V?$allocator@D@2@@std@@@2@V?$allocator@UTransferInfo@@@2@@2@U?$less@V?$basic_string@DU?$char_traits@D@std@@V?$allocator@D@2@@std@@@2@V?$allocator@UTransferInfo@@@2@@std@@QAE?AViterator@12@ABV?$basic_string@DU?$char_traits@D@std@@V?$allocator@D@2@@2@@Z 004152e0 f i GameServer.obj
 0001:00014300       ?upper_bound@?$_Tree@V?$basic_string@DU?$char_traits@D@std@@V?$allocator@D@2@@std@@U?$pair@$$CBV?$basic_string@DU?$char_traits@D@std@@V?$allocator@D@2@@std@@UTransferInfo@@@2@U_Kfn@?$map@V?$basic_string@DU?$char_traits@D@std@@V?$allocator@D@2@@std@@UTransferInfo@@U?$less@V?$basic_string@DU?$char_traits@D@std@@V?$allocator@D@2@@std@@@2@V?$allocator@UTransferInfo@@@2@@2@U?$less@V?$basic_string@DU?$char_traits@D@std@@V?$allocator@D@2@@std@@@2@V?$allocator@UTransferInfo@@@2@@std@@QAE?AViterator@12@ABV?$basic_string@DU?$char_traits@D@std@@V?$allocator@D@2@@2@@Z 00415300 f i GameServer.obj
 0001:00014320       ?_Insert@?$_Tree@V?$basic_string@DU?$char_traits@D@std@@V?$allocator@D@2@@std@@U?$pair@$$CBV?$basic_string@DU?$char_traits@D@std@@V?$allocator@D@2@@std@@UTransferInfo@@@2@U_Kfn@?$map@V?$basic_string@DU?$char_traits@D@std@@V?$allocator@D@2@@std@@UTransferInfo@@U?$less@V?$basic_string@DU?$char_traits@D@std@@V?$allocator@D@2@@std@@@2@V?$allocator@UTransferInfo@@@2@@2@U?$less@V?$basic_string@DU?$char_traits@D@std@@V?$allocator@D@2@@std@@@2@V?$allocator@UTransferInfo@@@2@@std@@IAE?AViterator@12@PAU_Node@12@0ABU?$pair@$$CBV?$basic_string@DU?$char_traits@D@std@@V?$allocator@D@2@@std@@UTransferInfo@@@2@@Z 00415320 f i GameServer.obj
 0001:00014630       ?_Lbound@?$_Tree@V?$basic_string@DU?$char_traits@D@std@@V?$allocator@D@2@@std@@U?$pair@$$CBV?$basic_string@DU?$char_traits@D@std@@V?$allocator@D@2@@std@@UTransferInfo@@@2@U_Kfn@?$map@V?$basic_string@DU?$char_traits@D@std@@V?$allocator@D@2@@std@@UTransferInfo@@U?$less@V?$basic_string@DU?$char_traits@D@std@@V?$allocator@D@2@@std@@@2@V?$allocator@UTransferInfo@@@2@@2@U?$less@V?$basic_string@DU?$char_traits@D@std@@V?$allocator@D@2@@std@@@2@V?$allocator@UTransferInfo@@@2@@std@@IBEPAU_Node@12@ABV?$basic_string@DU?$char_traits@D@std@@V?$allocator@D@2@@2@@Z 00415630 f i GameServer.obj
 0001:000146f0       ?_Ubound@?$_Tree@V?$basic_string@DU?$char_traits@D@std@@V?$allocator@D@2@@std@@U?$pair@$$CBV?$basic_string@DU?$char_traits@D@std@@V?$allocator@D@2@@std@@UTransferInfo@@@2@U_Kfn@?$map@V?$basic_string@DU?$char_traits@D@std@@V?$allocator@D@2@@std@@UTransferInfo@@U?$less@V?$basic_string@DU?$char_traits@D@std@@V?$allocator@D@2@@std@@@2@V?$allocator@UTransferInfo@@@2@@2@U?$less@V?$basic_string@DU?$char_traits@D@std@@V?$allocator@D@2@@std@@@2@V?$allocator@UTransferInfo@@@2@@std@@IBEPAU_Node@12@ABV?$basic_string@DU?$char_traits@D@std@@V?$allocator@D@2@@2@@Z 004156f0 f i GameServer.obj
 0001:000147c0       ?_Dec@const_iterator@?$_Tree@V?$basic_string@DU?$char_traits@D@std@@V?$allocator@D@2@@std@@U?$pair@$$CBV?$basic_string@DU?$char_traits@D@std@@V?$allocator@D@2@@std@@UTransferInfo@@@2@U_Kfn@?$map@V?$basic_string@DU?$char_traits@D@std@@V?$allocator@D@2@@std@@UTransferInfo@@U?$less@V?$basic_string@DU?$char_traits@D@std@@V?$allocator@D@2@@std@@@2@V?$allocator@UTransferInfo@@@2@@2@U?$less@V?$basic_string@DU?$char_traits@D@std@@V?$allocator@D@2@@std@@@2@V?$allocator@UTransferInfo@@@2@@std@@QAEXXZ 004157c0 f i GameServer.obj
 0001:00014880       ?_Distance@std@@YAXViterator@?$_Tree@V?$basic_string@DU?$char_traits@D@std@@V?$allocator@D@2@@std@@U?$pair@$$CBV?$basic_string@DU?$char_traits@D@std@@V?$allocator@D@2@@std@@UTransferInfo@@@2@U_Kfn@?$map@V?$basic_string@DU?$char_traits@D@std@@V?$allocator@D@2@@std@@UTransferInfo@@U?$less@V?$basic_string@DU?$char_traits@D@std@@V?$allocator@D@2@@std@@@2@V?$allocator@UTransferInfo@@@2@@2@U?$less@V?$basic_string@DU?$char_traits@D@std@@V?$allocator@D@2@@std@@@2@V?$allocator@UTransferInfo@@@2@@1@0AAI@Z 00415880 f i GameServer.obj
 0001:000148b0       ?_Construct@std@@YAXPAU?$pair@$$CBIV?$list@PAVIGServer@@V?$allocator@PAVIGServer@@@std@@@std@@@1@ABU21@@Z 004158b0 f i GameServer.obj
 0001:00014970       ?_Construct@std@@YAXPAU?$pair@$$CBIPAVIGServer@@@1@ABU21@@Z 00415970 f i GameServer.obj
 0001:00014990       ?_Construct@std@@YAXPAU?$pair@$$CBV?$basic_string@DU?$char_traits@D@std@@V?$allocator@D@2@@std@@PAX@1@ABU21@@Z 00415990 f i GameServer.obj
[...]
 0001:0001d490       _$E23                      0041e490 f   common:Buffer.obj
 0001:0001d4b0       _$E22                      0041e4b0 f   common:Buffer.obj
 0001:0001b210       _$E19                      0041c210 f   common:Exception.obj
 0001:0001b230       _$E18                      0041c230 f   common:Exception.obj
 0001:0001ad70       _$E21                      0041bd70 f   common:Win32Exception.obj
 0001:0001ad90       _$E20                      0041bd90 f   common:Win32Exception.obj
 0001:0001a8b0       ?Create@Win32@OnlineGameLib@@YAPAXPAU_SECURITY_ATTRIBUTES@@HHPBD@Z 0041b8b0 f   common:Mutex.obj
 0001:0001acb0       _$E19                      0041bcb0 f   common:Mutex.obj
 0001:0001acd0       _$E18                      0041bcd0 f   common:Mutex.obj
 0001:0002fc81       __Mbrtowc_lk               00430c81 f   libcpmt:xmbtowc.obj
 0001:0002f54d       _$E37                      0043054d f   libcpmt:xlocale.obj
 0001:0002f562       _$E36                      00430562 f   libcpmt:xlocale.obj
 0001:0002c684       _$E47                      0042d684 f   libcpmt:wlocale.obj
 0001:0002c699       _$E46                      0042d699 f   libcpmt:wlocale.obj
 0001:00026496       _$E2                       00427496 f   libcpmt:nomemory.obj
 0001:0002550f       _$E18                      0042650f f   libcpmt:wiostrea.obj
 0001:00025519       _$E15                      00426519 f   libcpmt:wiostrea.obj
 0001:00025523       _$E17                      00426523 f   libcpmt:wiostrea.obj
 0001:0002552f       _$E16                      0042652f f   libcpmt:wiostrea.obj
 0001:00025539       _$E24                      00426539 f   libcpmt:wiostrea.obj
 0001:00025543       _$E21                      00426543 f   libcpmt:wiostrea.obj
 0001:0002554d       _$E23                      0042654d f   libcpmt:wiostrea.obj
 0001:00025559       _$E22                      00426559 f   libcpmt:wiostrea.obj
 0001:00025563       _$E29                      00426563 f   libcpmt:wiostrea.obj
 0001:0002556d       _$E26                      0042656d f   libcpmt:wiostrea.obj
 0001:0002557a       _$E28                      0042657a f   libcpmt:wiostrea.obj
 0001:00025586       _$E27                      00426586 f   libcpmt:wiostrea.obj
 0001:00025590       _$E34                      00426590 f   libcpmt:wiostrea.obj
 0001:0002559a       _$E31                      0042659a f   libcpmt:wiostrea.obj
 0001:000255a7       _$E33                      004265a7 f   libcpmt:wiostrea.obj
 0001:000255b3       _$E32                      004265b3 f   libcpmt:wiostrea.obj
 0001:000255bd       _$E39                      004265bd f   libcpmt:wiostrea.obj
 0001:000255c7       _$E36                      004265c7 f   libcpmt:wiostrea.obj
 0001:000255d4       _$E38                      004265d4 f   libcpmt:wiostrea.obj
 0001:000255e0       _$E37                      004265e0 f   libcpmt:wiostrea.obj
 0001:000255ea       _$E44                      004265ea f   libcpmt:wiostrea.obj
 0001:000255f4       _$E41                      004265f4 f   libcpmt:wiostrea.obj
 0001:00025603       _$E43                      00426603 f   libcpmt:wiostrea.obj
 0001:0002560f       _$E42                      0042660f f   libcpmt:wiostrea.obj
 0001:0002562e       _$E49                      0042662e f   libcpmt:wiostrea.obj
 0001:00025638       _$E46                      00426638 f   libcpmt:wiostrea.obj
 0001:00025647       _$E48                      00426647 f   libcpmt:wiostrea.obj
 0001:00025653       _$E47                      00426653 f   libcpmt:wiostrea.obj
 0001:00025672       _$E54                      00426672 f   libcpmt:wiostrea.obj
 0001:0002567c       _$E51                      0042667c f   libcpmt:wiostrea.obj
 0001:0002568b       _$E53                      0042668b f   libcpmt:wiostrea.obj
 0001:00025697       _$E52                      00426697 f   libcpmt:wiostrea.obj
 0001:000256a1       _$E59                      004266a1 f   libcpmt:wiostrea.obj
 0001:000256ab       _$E56                      004266ab f   libcpmt:wiostrea.obj
 0001:000256ba       _$E58                      004266ba f   libcpmt:wiostrea.obj
 0001:000256c6       _$E57                      004266c6 f   libcpmt:wiostrea.obj
 0001:00026394       _$E70                      00427394 f   libcpmt:wiostrea.obj
 0001:000263be       _$E66                      004273be f   libcpmt:wiostrea.obj
 0001:000263ca       _$E69                      004273ca f   libcpmt:wiostrea.obj
 0001:00024fd1       _$E18                      00425fd1 f   libcpmt:iostream.obj
 0001:00024fdb       _$E15                      00425fdb f   libcpmt:iostream.obj
 0001:00024fe8       _$E17                      00425fe8 f   libcpmt:iostream.obj
 0001:00024ff4       _$E16                      00425ff4 f   libcpmt:iostream.obj
 0001:00024ffe       _$E23                      00425ffe f   libcpmt:iostream.obj
 0001:00025008       _$E20                      00426008 f   libcpmt:iostream.obj
 0001:00025015       _$E22                      00426015 f   libcpmt:iostream.obj
 0001:00025021       _$E21                      00426021 f   libcpmt:iostream.obj
 0001:0002502b       _$E28                      0042602b f   libcpmt:iostream.obj
 0001:00025035       _$E25                      00426035 f   libcpmt:iostream.obj
 0001:00025044       _$E27                      00426044 f   libcpmt:iostream.obj
 0001:00025050       _$E26                      00426050 f   libcpmt:iostream.obj
 0001:0002505a       _$E33                      0042605a f   libcpmt:iostream.obj
 0001:00025064       _$E30                      00426064 f   libcpmt:iostream.obj
 0001:00025073       _$E32                      00426073 f   libcpmt:iostream.obj
 0001:0002507f       _$E31                      0042607f f   libcpmt:iostream.obj
 0001:00025089       _$E38                      00426089 f   libcpmt:iostream.obj
 0001:00025093       _$E35                      00426093 f   libcpmt:iostream.obj
 0001:000250a0       _$E37                      004260a0 f   libcpmt:iostream.obj
 0001:000250ac       _$E36                      004260ac f   libcpmt:iostream.obj
 0001:000250b6       _$E43                      004260b6 f   libcpmt:iostream.obj
 0001:000250c0       _$E40                      004260c0 f   libcpmt:iostream.obj
 0001:000250cf       _$E42                      004260cf f   libcpmt:iostream.obj
 0001:000250db       _$E41                      004260db f   libcpmt:iostream.obj
 0001:000250e5       _$E48                      004260e5 f   libcpmt:iostream.obj
 0001:000250ef       _$E45                      004260ef f   libcpmt:iostream.obj
 0001:000250fe       _$E47                      004260fe f   libcpmt:iostream.obj
 0001:0002510a       _$E46                      0042610a f   libcpmt:iostream.obj
 0001:000254cd       _$E60                      004264cd f   libcpmt:iostream.obj
 0001:000254f7       _$E56                      004264f7 f   libcpmt:iostream.obj
 0001:00025503       _$E59                      00426503 f   libcpmt:iostream.obj
 0001:00024f8f       _$E32                      00425f8f f   libcpmt:locale.obj
 0001:00024fb9       _$E28                      00425fb9 f   libcpmt:locale.obj
 0001:00024fc5       _$E31                      00425fc5 f   libcpmt:locale.obj
 0001:0002256d       _$E18                      0042356d f   libcpmt:locale0.obj
 0001:00022577       _$E15                      00423577 f   libcpmt:locale0.obj
 0001:00022578       _$E17                      00423578 f   libcpmt:locale0.obj
 0001:00022584       _$E16                      00423584 f   libcpmt:locale0.obj
 0001:000229b6       _$E29                      004239b6 f   libcpmt:locale0.obj
 0001:000229e0       _$E25                      004239e0 f   libcpmt:locale0.obj
 0001:000229ec       _$E28                      004239ec f   libcpmt:locale0.obj
 0001:0002252b       _$E24                      0042352b f   libcpmt:strstrea.obj
 0001:00022555       _$E20                      00423555 f   libcpmt:strstrea.obj
 0001:00022561       _$E23                      00423561 f   libcpmt:strstrea.obj
 0001:00021656       ?_CleanUp@std@@YAXXZ       00422656 f   libcpmt:xlock.obj
 0001:00021595       _$E24                      00422595 f   libcpmt:string.obj
 0001:000215bf       _$E20                      004225bf f   libcpmt:string.obj
 0001:000215cb       _$E23                      004225cb f   libcpmt:string.obj
 0001:0003e46e       _findenv                   0043f46e f   LIBCMT:setenv.obj
 0001:0003e4c6       _copy_environ              0043f4c6 f   LIBCMT:setenv.obj
 0001:0003d4ce       _ctrlevent_capture@4       0043e4ce f   LIBCMT:winsig.obj
 0001:0003d6b2       _siglookup                 0043e6b2 f   LIBCMT:winsig.obj
 0001:0003cb21       _xtoa                      0043db21 f   LIBCMT:xtoa.obj
 0001:0003cbf3       _x64toa@20                 0043dbf3 f   LIBCMT:xtoa.obj
 0001:0003c1e3       _getSystemCP               0043d1e3 f   LIBCMT:mbctype.obj
 0001:0003c22d       _CPtoLCID                  0043d22d f   LIBCMT:mbctype.obj
 0001:0003c260       _setSBCS                   0043d260 f   LIBCMT:mbctype.obj
 0001:0003c289       _setSBUpLow                0043d289 f   LIBCMT:mbctype.obj
 0001:0003c005       _x_ismbbtype               0043d005 f   LIBCMT:ismbbyte.obj
 0001:0003b670       __abstract_cw              0043c670 f   LIBCMT:ieee87.obj
 0001:0003b702       __hw_cw                    0043c702 f   LIBCMT:ieee87.obj
 0001:0003b78b       __abstract_sw              0043c78b f   LIBCMT:ieee87.obj
 0001:0003a5ae       __tzset_lk                 0043b5ae f   LIBCMT:tzset.obj
 0001:0003a856       __isindst_lk               0043b856 f   LIBCMT:tzset.obj
 0001:0003aa02       _cvtdate                   0043ba02 f   LIBCMT:tzset.obj
 0001:000398f7       _TranslateName             0043a8f7 f   LIBCMT:getqloc.obj
 0001:0003994f       _GetLcidFromLangCountry    0043a94f f   LIBCMT:getqloc.obj
 0001:000399d6       _LangCountryEnumProc@4     0043a9d6 f   LIBCMT:getqloc.obj
 0001:00039bda       _GetLcidFromLanguage       0043abda f   LIBCMT:getqloc.obj
 0001:00039c30       _LanguageEnumProc@4        0043ac30 f   LIBCMT:getqloc.obj
 0001:00039ced       _GetLcidFromCountry        0043aced f   LIBCMT:getqloc.obj
 0001:00039d24       _CountryEnumProc@4         0043ad24 f   LIBCMT:getqloc.obj
 0001:00039daa       _GetLcidFromDefault        0043adaa f   LIBCMT:getqloc.obj
 0001:00039dc4       _ProcessCodePage           0043adc4 f   LIBCMT:getqloc.obj
 0001:00039e2a       _TestDefaultCountry        0043ae2a f   LIBCMT:getqloc.obj
 0001:00039e49       _TestDefaultLanguage       0043ae49 f   LIBCMT:getqloc.obj
 0001:00039eab       _IsThisWindowsNT           0043aeab f   LIBCMT:getqloc.obj
 0001:00039ee1       _crtGetLocaleInfoA@16      0043aee1 f   LIBCMT:getqloc.obj
 0001:00039fc7       _LcidFromHexString         0043afc7 f   LIBCMT:getqloc.obj
 0001:0003a000       _GetPrimaryLen             0043b000 f   LIBCMT:getqloc.obj
 0001:00039302       __get_lc_lconv             0043a302 f   LIBCMT:initmon.obj
 0001:00039424       _fix_grouping              0043a424 f   LIBCMT:initmon.obj
 0001:0003945b       __free_lc_lconv            0043a45b f   LIBCMT:initmon.obj
 0001:00039200       _fix_grouping              0043a200 f   LIBCMT:initnum.obj
 0001:00038b4d       __get_lc_time              00439b4d f   LIBCMT:inittime.obj
 0001:00038e9b       __free_lc_time             00439e9b f   LIBCMT:inittime.obj
 0001:00036b86       _parse_cmdline             00437b86 f   LIBCMT:stdargv.obj
 0001:000369a2       _xcptlookup                004379a2 f   LIBCMT:winxfltr.obj
 0001:00036568       __cftoe2                   00437568 f   LIBCMT:cvt.obj
 0001:0003667f       __cftof2                   0043767f f   LIBCMT:cvt.obj
 0001:0003680a       __shift                    0043780a f   LIBCMT:cvt.obj
 0001:00035c04       _write_char                00436c04 f   LIBCMT:output.obj
 0001:00035c39       _write_multi_char          00436c39 f   LIBCMT:output.obj
 0001:00035c6a       _write_string              00436c6a f   LIBCMT:output.obj
 0001:00035ca2       _get_int_arg               00436ca2 f   LIBCMT:output.obj
 0001:00035caf       _get_int64_arg             00436caf f   LIBCMT:output.obj
 0001:00035cbf       _get_short_arg             00436cbf f   LIBCMT:output.obj
 0001:00034b07       ?FindHandler@@YAXPAUEHExceptionRecord@@PAUEHRegistrationNode@@PAU_CONTEXT@@PAXPBU_s_FuncInfo@@EH1@Z 00435b07 f   LIBCMT:frame.obj
 0001:00034cba       ?FindHandlerForForeignException@@YAXPAUEHExceptionRecord@@PAUEHRegistrationNode@@PAU_CONTEXT@@PAXPBU_s_FuncInfo@@HH1@Z 00435cba f   LIBCMT:frame.obj
 0001:00034d64       ?TypeMatch@@YAHPBU_s_HandlerType@@PBU_s_CatchableType@@PBU_s_ThrowInfo@@@Z 00435d64 f   LIBCMT:frame.obj
 0001:00034e5f       ?FrameUnwindFilter@@YAHPAU_EXCEPTION_POINTERS@@@Z 00435e5f f   LIBCMT:frame.obj
 0001:00034e75       ?CatchIt@@YAXPAUEHExceptionRecord@@PAUEHRegistrationNode@@PAU_CONTEXT@@PAXPBU_s_FuncInfo@@PBU_s_HandlerType@@PBU_s_CatchableType@@PBU_s_TryBlockMapEntry@@H1E@Z 00435e75 f   LIBCMT:frame.obj
 0001:00034ef0       ?CallCatchBlock@@YAPAXPAUEHExceptionRecord@@PAUEHRegistrationNode@@PAU_CONTEXT@@PBU_s_FuncInfo@@PAXHK@Z 00435ef0 f   LIBCMT:frame.obj
 0001:0003500b       ?ExFilterRethrow@@YAHPAU_EXCEPTION_POINTERS@@@Z 0043600b f   LIBCMT:frame.obj
 0001:00035035       ?BuildCatchObject@@YAXPAUEHExceptionRecord@@PAUEHRegistrationNode@@PBU_s_HandlerType@@PBU_s_CatchableType@@@Z 00436035 f   LIBCMT:frame.obj
 0001:00035260       ?AdjustPointer@@YAPAXPAXABUPMD@@@Z 00436260 f   LIBCMT:frame.obj
 0001:000346fc       _doexit                    004356fc f   LIBCMT:crt0dat.obj
 0001:000347b3       __initterm                 004357b3 f   LIBCMT:crt0dat.obj
 0001:00034664       _strncnt                   00435664 f   LIBCMT:a_cmp.obj
 0001:0003429d       _strncnt                   0043529d f   LIBCMT:a_map.obj
 0001:0003379c       __expandtime               0043479c f   LIBCMT:strftime.obj
 0001:00033b8b       __store_str                00434b8b f   LIBCMT:strftime.obj
 0001:00033bb2       __store_num                00434bb2 f   LIBCMT:strftime.obj
 0001:00033c21       __store_number             00434c21 f   LIBCMT:strftime.obj
 0001:00033c6a       __store_winword            00434c6a f   LIBCMT:strftime.obj
 0001:00032b60       _strtoxl                   00433b60 f   LIBCMT:strtol.obj
 0001:00032552       __setlocale_set_cat        00433552 f   LIBCMT:setlocal.obj
 0001:0003266d       __setlocale_get_all        0043366d f   LIBCMT:setlocal.obj
 0001:00031f90       LeadUp1                    00432f90 f   LIBCMT:memcpy.obj
 0001:00031fbc       LeadUp2                    00432fbc f   LIBCMT:memcpy.obj
 0001:00031fe0       LeadUp3                    00432fe0 f   LIBCMT:memcpy.obj
 0001:0003205f       UnwindUp0                  0043305f f   LIBCMT:memcpy.obj
 0001:0003204c       UnwindUp1                  0043304c f   LIBCMT:memcpy.obj
 0001:00032044       UnwindUp2                  00433044 f   LIBCMT:memcpy.obj
 0001:0003203c       UnwindUp3                  0043303c f   LIBCMT:memcpy.obj
 0001:00032034       UnwindUp4                  00433034 f   LIBCMT:memcpy.obj
 0001:0003202c       UnwindUp5                  0043302c f   LIBCMT:memcpy.obj
 0001:00032024       UnwindUp6                  00433024 f   LIBCMT:memcpy.obj
 0001:0003201c       UnwindUp7                  0043301c f   LIBCMT:memcpy.obj
 0001:00032078       TrailUp0                   00433078 f   LIBCMT:memcpy.obj
 0001:00032080       TrailUp1                   00433080 f   LIBCMT:memcpy.obj
 0001:0003208c       TrailUp2                   0043308c f   LIBCMT:memcpy.obj
 0001:000320a0       TrailUp3                   004330a0 f   LIBCMT:memcpy.obj
 0001:00032118       LeadDown1                  00433118 f   LIBCMT:memcpy.obj
 0001:00032138       LeadDown2                  00433138 f   LIBCMT:memcpy.obj
 0001:00032160       LeadDown3                  00433160 f   LIBCMT:memcpy.obj
 0001:000321b4       UnwindDown7                004331b4 f   LIBCMT:memcpy.obj
 0001:000321bc       UnwindDown6                004331bc f   LIBCMT:memcpy.obj
 0001:000321c4       UnwindDown5                004331c4 f   LIBCMT:memcpy.obj
 0001:000321cc       UnwindDown4                004331cc f   LIBCMT:memcpy.obj
 0001:000321d4       UnwindDown3                004331d4 f   LIBCMT:memcpy.obj
 0001:000321dc       UnwindDown2                004331dc f   LIBCMT:memcpy.obj
 0001:000321e4       UnwindDown1                004331e4 f   LIBCMT:memcpy.obj
 0001:000321f7       UnwindDown0                004331f7 f   LIBCMT:memcpy.obj
 0001:00032210       TrailDown0                 00433210 f   LIBCMT:memcpy.obj
 0001:00032218       TrailDown1                 00433218 f   LIBCMT:memcpy.obj
 0001:00032228       TrailDown2                 00433228 f   LIBCMT:memcpy.obj
 0001:0003223c       TrailDown3                 0043323c f   LIBCMT:memcpy.obj
 0001:00031d8b       _flsall                    00432d8b f   LIBCMT:fflush.obj
 0001:000314ac       _fast_error_exit           004324ac f   LIBCMT:wincrt0.obj
 0001:00030c5c       ?ArrayUnwindFilter@@YAHPAU_EXCEPTION_POINTERS@@@Z 00431c5c f   LIBCMT:ehvecdtr.obj
 0001:000308b0       LeadUp1                    004318b0 f   LIBCMT:memmove.obj
 0001:000308dc       LeadUp2                    004318dc f   LIBCMT:memmove.obj
 0001:00030900       LeadUp3                    00431900 f   LIBCMT:memmove.obj
 0001:0003097f       UnwindUp0                  0043197f f   LIBCMT:memmove.obj
 0001:0003096c       UnwindUp1                  0043196c f   LIBCMT:memmove.obj
 0001:00030964       UnwindUp2                  00431964 f   LIBCMT:memmove.obj
 0001:0003095c       UnwindUp3                  0043195c f   LIBCMT:memmove.obj
 0001:00030954       UnwindUp4                  00431954 f   LIBCMT:memmove.obj
 0001:0003094c       UnwindUp5                  0043194c f   LIBCMT:memmove.obj
 0001:00030944       UnwindUp6                  00431944 f   LIBCMT:memmove.obj
 0001:0003093c       UnwindUp7                  0043193c f   LIBCMT:memmove.obj
 0001:00030998       TrailUp0                   00431998 f   LIBCMT:memmove.obj
 0001:000309a0       TrailUp1                   004319a0 f   LIBCMT:memmove.obj
 0001:000309ac       TrailUp2                   004319ac f   LIBCMT:memmove.obj
 0001:000309c0       TrailUp3                   004319c0 f   LIBCMT:memmove.obj
 0001:00030a38       LeadDown1                  00431a38 f   LIBCMT:memmove.obj
 0001:00030a58       LeadDown2                  00431a58 f   LIBCMT:memmove.obj
 0001:00030a80       LeadDown3                  00431a80 f   LIBCMT:memmove.obj
 0001:00030ad4       UnwindDown7                00431ad4 f   LIBCMT:memmove.obj
 0001:00030adc       UnwindDown6                00431adc f   LIBCMT:memmove.obj
 0001:00030ae4       UnwindDown5                00431ae4 f   LIBCMT:memmove.obj
 0001:00030aec       UnwindDown4                00431aec f   LIBCMT:memmove.obj
 0001:00030af4       UnwindDown3                00431af4 f   LIBCMT:memmove.obj
 0001:00030afc       UnwindDown2                00431afc f   LIBCMT:memmove.obj
 0001:00030b04       UnwindDown1                00431b04 f   LIBCMT:memmove.obj
 0001:00030b17       UnwindDown0                00431b17 f   LIBCMT:memmove.obj
 0001:00030b30       TrailDown0                 00431b30 f   LIBCMT:memmove.obj
 0001:00030b38       TrailDown1                 00431b38 f   LIBCMT:memmove.obj
 0001:00030b48       TrailDown2                 00431b48 f   LIBCMT:memmove.obj
 0001:00030b5c       TrailDown3                 00431b5c f   LIBCMT:memmove.obj
 0001:00030624       _gu_return                 00431624 f   LIBCMT:exsup.obj
 0001:0003062c       __unwind_handler           0043162c f   LIBCMT:exsup.obj
 0001:00030440       ?CatchGuardHandler@@YA?AW4_EXCEPTION_DISPOSITION@@PAUEHExceptionRecord@@PAUCatchGuardRN@@PAX2@Z 00431440 f   LIBCMT:trnsctrl.obj
 0001:0003051b       ?TranslatorGuardHandler@@YA?AW4_EXCEPTION_DISPOSITION@@PAUEHExceptionRecord@@PAUTranslatorGuardRN@@PAX2@Z 0043151b f   LIBCMT:trnsctrl.obj
